<html>
<body>
<pre>
<h1>µVision Build Log</h1>
<h2>Tool Versions:</h2>
IDE-Version: ¦ÌVision V5.38.0.0
Copyright (C) 2022 ARM Ltd and ARM Germany GmbH. All rights reserved.
License Information: Lingze Zeng, University of Virginia, LIC=PE7DL-0FYZY-KPRZY-IBYTS-2IWFU-69547
 
Tool Versions:
Toolchain:       MDK-ARM Plus  Version: 5.38.0.0
Toolchain Path:  D:\Keil_v5\ARM\ARM_Compiler_5.06u7\Bin
C Compiler:      Armcc.exe V5.06 update 7 (build 960)
Assembler:       Armasm.exe V5.06 update 7 (build 960)
Linker/Locator:  ArmLink.exe V5.06 update 7 (build 960)
Library Manager: ArmAr.exe V5.06 update 7 (build 960)
Hex Converter:   FromElf.exe V5.06 update 7 (build 960)
CPU DLL:         SARMCM3.DLL V5.38.0.0
Dialog DLL:      DCM.DLL V1.17.5.0
Target DLL:      lmidk-agdi.dll V???
Dialog DLL:      TCM.DLL V1.56.4.0
 
<h2>Project:</h2>
C:\Users\ZlZ\Documents\GitHub\final-project-beta-display-test\final-project-beta.uvproj
Project File Date:  05/03/2023

<h2>Output:</h2>
*** Using Compiler 'V5.06 update 7 (build 960)', folder: 'D:\Keil_v5\ARM\ARM_Compiler_5.06u7\Bin'
Build target 'Target 1'
compiling numFIFO.c...
compiling pages.c...
pages.c(57): warning:  #167-D: argument of type "const unsigned char *" is incompatible with parameter of type "const uint16_t *"
  		BSP_LCD_DrawBitmap(31, 64, gImage_GameCube, 64, 64);
pages.c(48): warning:  #550-D: variable "CurrentTime"  was set but never used
  	uint32_t CurrentTime;
pages.c: 2 warnings, 0 errors
compiling PWM.c...
linking...
Program Size: Code=14520 RO-data=36252 RW-data=276 ZI-data=10476  
".\Objects\final-project-beta.axf" - 0 Error(s), 2 Warning(s).
Build Time Elapsed:  00:00:00
</pre>
</body>
</html>
