Component: ARM Compiler 5.06 update 7 (build 960) Tool: armlink [4d3601]

==============================================================================

Section Cross References

    fifo.o(i.CursorFifo_Get) refers to os.o(i.OS_Wait) for OS_Wait
    fifo.o(i.CursorFifo_Get) refers to fifo.o(.data) for CursorFifoAvailable
    fifo.o(i.CursorFifo_Get) refers to fifo.o(.bss) for CursorFifo
    fifo.o(i.CursorFifo_Init) refers to startup.o(.text) for StartCritical
    fifo.o(i.CursorFifo_Init) refers to os.o(i.OS_InitSemaphore) for OS_InitSemaphore
    fifo.o(i.CursorFifo_Init) refers to fifo.o(.data) for CursorFifoAvailable
    fifo.o(i.CursorFifo_Init) refers to fifo.o(.bss) for CursorFifo
    fifo.o(i.CursorFifo_Put) refers to os.o(i.OS_Signal) for OS_Signal
    fifo.o(i.CursorFifo_Put) refers to fifo.o(.data) for CursorPutPt
    fifo.o(i.CursorFifo_Put) refers to fifo.o(.bss) for CursorFifo
    fifo.o(i.JsFifo_Get) refers to os.o(i.OS_Wait) for OS_Wait
    fifo.o(i.JsFifo_Get) refers to fifo.o(.data) for JsFifoAvailable
    fifo.o(i.JsFifo_Get) refers to fifo.o(.bss) for JsFifo
    fifo.o(i.JsFifo_Init) refers to startup.o(.text) for StartCritical
    fifo.o(i.JsFifo_Init) refers to os.o(i.OS_InitSemaphore) for OS_InitSemaphore
    fifo.o(i.JsFifo_Init) refers to fifo.o(.data) for JsFifoAvailable
    fifo.o(i.JsFifo_Init) refers to fifo.o(.bss) for JsFifo
    fifo.o(i.JsFifo_Put) refers to os.o(i.OS_Signal) for OS_Signal
    fifo.o(i.JsFifo_Put) refers to fifo.o(.data) for JsPutPt
    fifo.o(i.JsFifo_Put) refers to fifo.o(.bss) for JsFifo
    fifo.o(i.JsFifo_Size) refers to fifo.o(.data) for JsPutPt
    joystick.o(i.BSP_Joystick_Init) refers to joystick.o(i.adcinit) for adcinit
    lcd.o(i.BSP_Delay1ms) refers to lcd.o(.emb_text) for parrotdelay
    lcd.o(i.BSP_LCD_DrawBitmap) refers to lcd.o(i.setAddrWindow) for setAddrWindow
    lcd.o(i.BSP_LCD_DrawBitmap) refers to lcd.o(i.writedata) for writedata
    lcd.o(i.BSP_LCD_DrawBitmap) refers to lcd.o(.data) for _width
    lcd.o(i.BSP_LCD_DrawChar) refers to lcd.o(i.setAddrWindow) for setAddrWindow
    lcd.o(i.BSP_LCD_DrawChar) refers to lcd.o(i.pushColor) for pushColor
    lcd.o(i.BSP_LCD_DrawChar) refers to lcd.o(.data) for _width
    lcd.o(i.BSP_LCD_DrawChar) refers to lcd.o(.constdata) for Font
    lcd.o(i.BSP_LCD_DrawCharS) refers to lcd.o(i.BSP_LCD_DrawPixel) for BSP_LCD_DrawPixel
    lcd.o(i.BSP_LCD_DrawCharS) refers to lcd.o(i.BSP_LCD_FillRect) for BSP_LCD_FillRect
    lcd.o(i.BSP_LCD_DrawCharS) refers to lcd.o(.data) for _width
    lcd.o(i.BSP_LCD_DrawCharS) refers to lcd.o(.constdata) for Font
    lcd.o(i.BSP_LCD_DrawCrosshair) refers to lcd.o(i.BSP_LCD_DrawFastVLine) for BSP_LCD_DrawFastVLine
    lcd.o(i.BSP_LCD_DrawCrosshair) refers to lcd.o(i.BSP_LCD_DrawFastHLine) for BSP_LCD_DrawFastHLine
    lcd.o(i.BSP_LCD_DrawFastHLine) refers to lcd.o(i.setAddrWindow) for setAddrWindow
    lcd.o(i.BSP_LCD_DrawFastHLine) refers to lcd.o(i.writedata) for writedata
    lcd.o(i.BSP_LCD_DrawFastHLine) refers to lcd.o(.data) for _width
    lcd.o(i.BSP_LCD_DrawFastVLine) refers to lcd.o(i.setAddrWindow) for setAddrWindow
    lcd.o(i.BSP_LCD_DrawFastVLine) refers to lcd.o(i.writedata) for writedata
    lcd.o(i.BSP_LCD_DrawFastVLine) refers to lcd.o(.data) for _width
    lcd.o(i.BSP_LCD_DrawPixel) refers to lcd.o(i.setAddrWindow) for setAddrWindow
    lcd.o(i.BSP_LCD_DrawPixel) refers to lcd.o(i.pushColor) for pushColor
    lcd.o(i.BSP_LCD_DrawPixel) refers to lcd.o(.data) for _width
    lcd.o(i.BSP_LCD_DrawString) refers to lcd.o(i.BSP_LCD_DrawChar) for BSP_LCD_DrawChar
    lcd.o(i.BSP_LCD_DrawStringHighlight) refers to lcd.o(i.BSP_LCD_DrawChar) for BSP_LCD_DrawChar
    lcd.o(i.BSP_LCD_Drawaxes) refers to lcd.o(i.BSP_LCD_FillRect) for BSP_LCD_FillRect
    lcd.o(i.BSP_LCD_Drawaxes) refers to lcd.o(i.BSP_LCD_DrawFastHLine) for BSP_LCD_DrawFastHLine
    lcd.o(i.BSP_LCD_Drawaxes) refers to lcd.o(i.BSP_LCD_DrawFastVLine) for BSP_LCD_DrawFastVLine
    lcd.o(i.BSP_LCD_Drawaxes) refers to lcd.o(i.BSP_LCD_DrawPixel) for BSP_LCD_DrawPixel
    lcd.o(i.BSP_LCD_Drawaxes) refers to lcd.o(i.BSP_LCD_DrawChar) for BSP_LCD_DrawChar
    lcd.o(i.BSP_LCD_Drawaxes) refers to lcd.o(.data) for Ymax
    lcd.o(i.BSP_LCD_FillRect) refers to lcd.o(i.setAddrWindow) for setAddrWindow
    lcd.o(i.BSP_LCD_FillRect) refers to lcd.o(i.writedata) for writedata
    lcd.o(i.BSP_LCD_FillRect) refers to lcd.o(.data) for _width
    lcd.o(i.BSP_LCD_FillScreen) refers to lcd.o(i.BSP_LCD_FillRect) for BSP_LCD_FillRect
    lcd.o(i.BSP_LCD_FillScreen) refers to lcd.o(.data) for _height
    lcd.o(i.BSP_LCD_Init) refers to lcd.o(i.ST7735_InitR) for ST7735_InitR
    lcd.o(i.BSP_LCD_Message) refers to lcd.o(i.BSP_LCD_DrawString) for BSP_LCD_DrawString
    lcd.o(i.BSP_LCD_Message) refers to lcd.o(i.BSP_LCD_SetCursor) for BSP_LCD_SetCursor
    lcd.o(i.BSP_LCD_Message) refers to lcd.o(i.BSP_LCD_OutUDec4) for BSP_LCD_OutUDec4
[...]
    i.Bitmap_fillmessage4                    0x000016e0   Section        0  screen.o(i.Bitmap_fillmessage4)
    Bitmap_fillmessage4                      0x000016e1   Thumb Code    90  screen.o(i.Bitmap_fillmessage4)
    i.Bitmap_init                            0x00001744   Section        0  screen.o(i.Bitmap_init)
    i.ButtonOneInit                          0x0000175c   Section        0  os.o(i.ButtonOneInit)
    i.ButtonTwoInit                          0x0000183c   Section        0  os.o(i.ButtonTwoInit)
    i.Buzzer_Init                            0x0000192c   Section        0  buzzer.o(i.Buzzer_Init)
    i.ChangeDirection                        0x0000196c   Section        0  cube.o(i.ChangeDirection)
    i.Consumer                               0x00001988   Section        0  pages.o(i.Consumer)
    i.CrossHair_Init                         0x00001b20   Section        0  main.o(i.CrossHair_Init)
    i.CubeNumCalc                            0x00001b64   Section        0  main.o(i.CubeNumCalc)
    i.CubeThread                             0x00001bb4   Section        0  cube.o(i.CubeThread)
    i.Cube_Dec                               0x00001e20   Section        0  cube.o(i.Cube_Dec)
    i.Cube_Generate                          0x00001e40   Section        0  cube.o(i.Cube_Generate)
    i.Cube_Inc                               0x00001eb0   Section        0  cube.o(i.Cube_Inc)
    i.Cube_Init                              0x00001ed0   Section        0  cube.o(i.Cube_Init)
    i.Cube_SetCubeNext                       0x00001f1c   Section        0  cube.o(i.Cube_SetCubeNext)
    i.Cube_hit_cube                          0x00002060   Section        0  cube.o(i.Cube_hit_cube)
    i.DebouncePD6                            0x00002128   Section        0  os.o(i.DebouncePD6)
    DebouncePD6                              0x00002129   Thumb Code    44  os.o(i.DebouncePD6)
    i.DebouncePD7                            0x00002160   Section        0  os.o(i.DebouncePD7)
    DebouncePD7                              0x00002161   Thumb Code    44  os.o(i.DebouncePD7)
    i.DecreaseLife                           0x00002198   Section        0  scorelife.o(i.DecreaseLife)
    i.Device_Init                            0x000021c0   Section        0  main.o(i.Device_Init)
    i.DispStackRst                           0x000021d0   Section        0  screenstack.o(i.DispStackRst)
    i.DispStackSize                          0x000021f0   Section        0  screenstack.o(i.DispStackSize)
    i.DispStack_Get                          0x000021fc   Section        0  screenstack.o(i.DispStack_Get)
    i.Display                                0x00002244   Section        0  main.o(i.Display)
    i.DisplayThread                          0x000022c0   Section        0  display.o(i.DisplayThread)
    i.EndPage                                0x00002404   Section        0  pages.o(i.EndPage)
    i.EntityInit                             0x000024e4   Section        0  pvzgame.o(i.EntityInit)
    i.EventSound                             0x000025f0   Section        0  buzzer.o(i.EventSound)
    i.GPIOPortD_Handler                      0x00002638   Section        0  os.o(i.GPIOPortD_Handler)
    i.GetLife                                0x000026bc   Section        0  scorelife.o(i.GetLife)
    i.GetScore                               0x000026c8   Section        0  scorelife.o(i.GetScore)
    i.HitSound                               0x000026d4   Section        0  buzzer.o(i.HitSound)
    i.ImperialMarchTune                      0x0000271c   Section        0  buzzer.o(i.ImperialMarchTune)
    i.IncreaseScore                          0x00002bbc   Section        0  scorelife.o(i.IncreaseScore)
    i.InitTimer1A                            0x00002bdc   Section        0  os.o(i.InitTimer1A)
    i.InitTimer2A                            0x00002c68   Section        0  os.o(i.InitTimer2A)
    i.InitTimer3A                            0x00002cf4   Section        0  os.o(i.InitTimer3A)
    i.InitTimer4A                            0x00002d7c   Section        0  os.o(i.InitTimer4A)
    i.JsFifo_Get                             0x00002e08   Section        0  fifo.o(i.JsFifo_Get)
    i.JsFifo_Init                            0x00002e48   Section        0  fifo.o(i.JsFifo_Init)
    i.JsFifo_Put                             0x00002e7c   Section        0  fifo.o(i.JsFifo_Put)
    i.LCD_DisplayScoreLife                   0x00002ecc   Section        0  scorelife.o(i.LCD_DisplayScoreLife)
    i.Menu                                   0x00002f08   Section        0  pages.o(i.Menu)
    i.NumFifo_Get                            0x00003338   Section        0  numfifo.o(i.NumFifo_Get)
    i.NumFifo_Put                            0x00003378   Section        0  numfifo.o(i.NumFifo_Put)
    i.OS_AddPeriodicThread                   0x000033c8   Section        0  os.o(i.OS_AddPeriodicThread)
    i.OS_AddSW1Task                          0x00003424   Section        0  os.o(i.OS_AddSW1Task)
    i.OS_AddSW2Task                          0x0000343c   Section        0  os.o(i.OS_AddSW2Task)
    i.OS_AddThread                           0x00003454   Section        0  os.o(i.OS_AddThread)
    i.OS_ClearMsTime                         0x000035ac   Section        0  os.o(i.OS_ClearMsTime)
    i.OS_Id                                  0x000035b8   Section        0  os.o(i.OS_Id)
    i.OS_Init                                0x000035c4   Section        0  os.o(i.OS_Init)
    i.OS_InitSemaphore                       0x00003620   Section        0  os.o(i.OS_InitSemaphore)
    i.OS_Kill                                0x00003634   Section        0  os.o(i.OS_Kill)
    i.OS_Launch                              0x000036b0   Section        0  os.o(i.OS_Launch)
    i.OS_MsTime                              0x000036c8   Section        0  os.o(i.OS_MsTime)
    i.OS_Signal                              0x000036d4   Section        0  os.o(i.OS_Signal)
    i.OS_Sleep                               0x00003708   Section        0  os.o(i.OS_Sleep)
    i.OS_Suspend                             0x0000371c   Section        0  os.o(i.OS_Suspend)
    i.OS_Time                                0x00003734   Section        0  os.o(i.OS_Time)
    i.OS_Wait                                0x00003744   Section        0  os.o(i.OS_Wait)
    i.OS_WaitC                               0x00003774   Section        0  os.o(i.OS_WaitC)
    i.OS_bSignal                             0x000037b4   Section        0  os.o(i.OS_bSignal)
    i.OS_bWait                               0x000037f0   Section        0  os.o(i.OS_bWait)
    i.PLL_Init                               0x00003820   Section        0  pll.o(i.PLL_Init)
    i.PVZPage                                0x0000389c   Section        0  pages.o(i.PVZPage)
    i.PVZ_GameOver                           0x00003ec8   Section        0  buzzer.o(i.PVZ_GameOver)
    i.PVZ_map_Init                           0x00003f28   Section        0  pvzgame.o(i.PVZ_map_Init)
    i.PWM6C_Init                             0x00003fe4   Section        0  pwm.o(i.PWM6C_Init)
    i.PWM6F_Disable                          0x000040a8   Section        0  pwm.o(i.PWM6F_Disable)
    i.PWM6F_Enable                           0x000040bc   Section        0  pwm.o(i.PWM6F_Enable)
    i.PWM6F_Init                             0x000040d0   Section        0  pwm.o(i.PWM6F_Init)
    i.PWM6F_Set                              0x00004194   Section        0  pwm.o(i.PWM6F_Set)
    i.PeriodicMove                           0x000041ac   Section        0  pvzgame.o(i.PeriodicMove)
    i.PeriodicUpdater                        0x000042e0   Section        0  main.o(i.PeriodicUpdater)
    i.Producer                               0x000042f0   Section        0  main.o(i.Producer)
    i.RNG_Generate                           0x000043d4   Section        0  randomnumbergenerator.o(i.RNG_Generate)
    i.RNG_Init                               0x00004420   Section        0  randomnumbergenerator.o(i.RNG_Init)
    i.Request_StackOut                       0x00004450   Section        0  screenstack.o(i.Request_StackOut)
    i.Request_StackPut                       0x00004598   Section        0  screenstack.o(i.Request_StackPut)
    i.Restart                                0x00004660   Section        0  main.o(i.Restart)
    i.Rx_UARTFifo_Init                       0x000047b4   Section        0  uart_fifo.o(i.Rx_UARTFifo_Init)
    i.Rx_UARTFifo_Put                        0x000047e8   Section        0  uart_fifo.o(i.Rx_UARTFifo_Put)
    i.Rx_UARTFifo_Size                       0x0000482c   Section        0  uart_fifo.o(i.Rx_UARTFifo_Size)
    i.ST7735_InitR                           0x00004860   Section        0  lcd.o(i.ST7735_InitR)
    ST7735_InitR                             0x00004861   Thumb Code    86  lcd.o(i.ST7735_InitR)
    i.SW1Push                                0x000048d4   Section        0  main.o(i.SW1Push)
    i.SW1_PageFunc                           0x000048f4   Section        0  pages.o(i.SW1_PageFunc)
    i.SW2Push                                0x00004c80   Section        0  main.o(i.SW2Push)
    i.Scheduler                              0x00004cc0   Section        0  os.o(i.Scheduler)
    i.ScoreLife_Init                         0x00004d2c   Section        0  scorelife.o(i.ScoreLife_Init)
    i.ScreenStack_Init                       0x00004d40   Section        0  screenstack.o(i.ScreenStack_Init)
    i.Search_instance                        0x00004d9c   Section        0  screenstack.o(i.Search_instance)
    i.SetInitialStack                        0x00004de0   Section        0  os.o(i.SetInitialStack)
    i.SettingPage                            0x00004f34   Section        0  pages.o(i.SettingPage)
    i.Shooter_Init                           0x00005340   Section        0  pvzgame.o(i.Shooter_Init)
    i.StartPage                              0x00005428   Section        0  pages.o(i.StartPage)
    i.SunGenerate                            0x0000572c   Section        0  pvzgame.o(i.SunGenerate)
    i.Sunflower_Init                         0x00005794   Section        0  pvzgame.o(i.Sunflower_Init)
    i.Timer1A_Handler                        0x00005820   Section        0  os.o(i.Timer1A_Handler)
    i.Timer2A_Handler                        0x00005838   Section        0  os.o(i.Timer2A_Handler)
    i.Timer3A_Handler                        0x00005900   Section        0  os.o(i.Timer3A_Handler)
    i.Timer4A_Handler                        0x0000590c   Section        0  os.o(i.Timer4A_Handler)
    i.Tx_UARTFifo_Get                        0x00005930   Section        0  uart_fifo.o(i.Tx_UARTFifo_Get)
    i.Tx_UARTFifo_Init                       0x00005978   Section        0  uart_fifo.o(i.Tx_UARTFifo_Init)
    i.Tx_UARTFifo_Put                        0x000059a8   Section        0  uart_fifo.o(i.Tx_UARTFifo_Put)
    i.Tx_UARTFifo_Size                       0x000059f0   Section        0  uart_fifo.o(i.Tx_UARTFifo_Size)
    i.UART0_Handler                          0x00005a08   Section        0  uart.o(i.UART0_Handler)
    i.UART_Init                              0x00005a60   Section        0  uart.o(i.UART_Init)
    i.UART_OutChar                           0x00005b24   Section        0  uart.o(i.UART_OutChar)
    i.UART_OutUDec                           0x00005b58   Section        0  uart.o(i.UART_OutUDec)
    i.UpdateInput                            0x00005b84   Section        0  main.o(i.UpdateInput)
    i.UpdatePosition                         0x00005c48   Section        0  main.o(i.UpdatePosition)
    i.ZB_Generate                            0x00005d20   Section        0  pvzgame.o(i.ZB_Generate)
    i.ZB_Init                                0x00005d98   Section        0  pvzgame.o(i.ZB_Init)
    i.Zomb_eat_plant                         0x00005e04   Section        0  pvzgame.o(i.Zomb_eat_plant)
    i.Zomb_move                              0x00005eec   Section        0  pvzgame.o(i.Zomb_move)
    i.__scatterload_copy                     0x00005f6c   Section       14  handlers.o(i.__scatterload_copy)
    i.__scatterload_null                     0x00005f7a   Section        2  handlers.o(i.__scatterload_null)
    i.__scatterload_zeroinit                 0x00005f7c   Section       14  handlers.o(i.__scatterload_zeroinit)
    i.act_FuncInStack                        0x00005f8c   Section        0  screen.o(i.act_FuncInStack)
    i.adcinit                                0x00006208   Section        0  joystick.o(i.adcinit)
    adcinit                                  0x00006209   Thumb Code    58  joystick.o(i.adcinit)
    i.bullet_hit_detection                   0x00006254   Section        0  pvzgame.o(i.bullet_hit_detection)
    i.bullet_move                            0x0000634c   Section        0  pvzgame.o(i.bullet_move)
    i.commandList                            0x0000637c   Section        0  lcd.o(i.commandList)
    commandList                              0x0000637d   Thumb Code    86  lcd.o(i.commandList)
    i.commonInit                             0x000063d4   Section        0  lcd.o(i.commonInit)
    commonInit                               0x000063d5   Thumb Code   452  lcd.o(i.commonInit)
    i.copyHardwareToSoftware                 0x000065d8   Section        0  uart.o(i.copyHardwareToSoftware)
    copyHardwareToSoftware                   0x000065d9   Thumb Code    36  uart.o(i.copyHardwareToSoftware)
    i.copySoftwareToHardware                 0x00006600   Section        0  uart.o(i.copySoftwareToHardware)
    copySoftwareToHardware                   0x00006601   Thumb Code    38  uart.o(i.copySoftwareToHardware)
    i.fillmessage                            0x0000662c   Section        0  lcd.o(i.fillmessage)
    fillmessage                              0x0000662d   Thumb Code    64  lcd.o(i.fillmessage)
    i.fillmessage3                           0x00006674   Section        0  lcd.o(i.fillmessage3)
    fillmessage3                             0x00006675   Thumb Code    66  lcd.o(i.fillmessage3)
    i.fillmessage4                           0x000066c0   Section        0  lcd.o(i.fillmessage4)
    fillmessage4                             0x000066c1   Thumb Code    90  lcd.o(i.fillmessage4)
    i.main                                   0x00006724   Section        0  main.o(i.main)
    i.pushColor                              0x0000683c   Section        0  lcd.o(i.pushColor)
    pushColor                                0x0000683d   Thumb Code    18  lcd.o(i.pushColor)
    i.setAddrWindow                          0x00006850   Section        0  lcd.o(i.setAddrWindow)
    setAddrWindow                            0x00006851   Thumb Code   106  lcd.o(i.setAddrWindow)
    i.soil_Init                              0x000068c4   Section        0  pvzgame.o(i.soil_Init)
    i.tone                                   0x000068e0   Section        0  buzzer.o(i.tone)
    i.toneblank                              0x00006980   Section        0  buzzer.o(i.toneblank)
    i.writecommand                           0x000069a8   Section        0  lcd.o(i.writecommand)
    writecommand                             0x000069a9   Thumb Code    62  lcd.o(i.writecommand)
    i.writedata                              0x000069f0   Section        0  lcd.o(i.writedata)
    writedata                                0x000069f1   Thumb Code    64  lcd.o(i.writedata)
    .constdata                               0x00006a38   Section     1403  lcd.o(.constdata)
    Font                                     0x00006a38   Data        1275  lcd.o(.constdata)
    Rcmd1                                    0x00006f33   Data          59  lcd.o(.constdata)
    Rcmd2green                               0x00006f6e   Data          13  lcd.o(.constdata)
    Rcmd2red                                 0x00006f7b   Data          13  lcd.o(.constdata)
    Rcmd3                                    0x00006f88   Data          43  lcd.o(.constdata)
    .constdata                               0x00006fb3   Section    30016  pages.o(.constdata)
    .constdata                               0x0000e4f3   Section     1275  screen.o(.constdata)
    Font                                     0x0000e4f3   Data        1275  screen.o(.constdata)
    .data                                    0x20000000   Section       24  fifo.o(.data)
    .data                                    0x20000018   Section       44  lcd.o(.data)
    ColStart                                 0x20000022   Data           1  lcd.o(.data)
    RowStart                                 0x20000023   Data           1  lcd.o(.data)
    _width                                   0x20000024   Data           2  lcd.o(.data)
    _height                                  0x20000026   Data           2  lcd.o(.data)
    .data                                    0x20000044   Section       42  os.o(.data)
    ThreadNum                                0x2000005c   Data           4  os.o(.data)
    MSTime                                   0x20000060   Data           4  os.o(.data)
    Last1                                    0x20000064   Data           4  os.o(.data)
    Last2                                    0x20000068   Data           4  os.o(.data)
    PeriodTaskCt                             0x2000006c   Data           2  os.o(.data)
    .data                                    0x20000070   Section       24  uart_fifo.o(.data)
    .data                                    0x20000088   Section        8  cube.o(.data)
    .data                                    0x20000090   Section       12  randomnumbergenerator.o(.data)
    .data                                    0x2000009c   Section        9  buzzer.o(.data)
    .data                                    0x200000a8   Section       12  numfifo.o(.data)
    .data                                    0x200000b4   Section       64  pages.o(.data)
    sunflowerNum                             0x200000ed   Data           1  pages.o(.data)
    shooterNum                               0x200000ee   Data           1  pages.o(.data)
    zombieNum                                0x200000ef   Data           1  pages.o(.data)
    .data                                    0x200000f4   Section       20  screen.o(.data)
    .data                                    0x20000108   Section       54  main.o(.data)
    .data                                    0x2000013e   Section        1  display.o(.data)
    .data                                    0x20000140   Section       16  pvzgame.o(.data)
    sunflowerNum                             0x2000014c   Data           1  pvzgame.o(.data)
    shooterNum                               0x2000014d   Data           1  pvzgame.o(.data)
    zombieNum                                0x2000014e   Data           1  pvzgame.o(.data)
    .data                                    0x20000150   Section        4  scorelife.o(.data)
    .data                                    0x20000154   Section       44  screenstack.o(.data)
    .bss                                     0x20000180   Section      128  fifo.o(.bss)
    JsFifo                                   0x20000180   Data          64  fifo.o(.bss)
    CursorFifo                               0x200001c0   Data          64  fifo.o(.bss)
    .bss                                     0x20000200   Section       12  lcd.o(.bss)
    .bss                                     0x2000020c   Section     8960  os.o(.bss)
    .bss                                     0x2000250c   Section       26  uart_fifo.o(.bss)
    Tx_UARTFifo                              0x2000250c   Data          16  uart_fifo.o(.bss)
    Rx_UARTFifo                              0x2000251c   Data          10  uart_fifo.o(.bss)
    .bss                                     0x20002528   Section      288  cube.o(.bss)
    .bss                                     0x20002648   Section       64  numfifo.o(.bss)
    NumFifo                                  0x20002648   Data          64  numfifo.o(.bss)
    .bss                                     0x20002688   Section     1296  pages.o(.bss)
    Elem0                                    0x20002688   Data          12  pages.o(.bss)
    Elem1                                    0x20002694   Data          12  pages.o(.bss)
    Elem2                                    0x200026a0   Data          12  pages.o(.bss)
    Elem3                                    0x200026ac   Data          12  pages.o(.bss)
    Elem4                                    0x200026b8   Data          12  pages.o(.bss)
    Elem5                                    0x200026c4   Data          12  pages.o(.bss)
    Elem6                                    0x200026d0   Data          12  pages.o(.bss)
    Elem7                                    0x200026dc   Data          12  pages.o(.bss)
    Elem8                                    0x200026e8   Data          12  pages.o(.bss)
    Elem9                                    0x200026f4   Data          12  pages.o(.bss)
    Elem10                                   0x20002700   Data          12  pages.o(.bss)
    Elem11                                   0x2000270c   Data          12  pages.o(.bss)
    Func0                                    0x20002718   Data          36  pages.o(.bss)
    Func1                                    0x2000273c   Data          36  pages.o(.bss)
    Func2                                    0x20002760   Data          36  pages.o(.bss)
    Func3                                    0x20002784   Data          36  pages.o(.bss)
    Func4                                    0x200027a8   Data          36  pages.o(.bss)
    Func5                                    0x200027cc   Data          36  pages.o(.bss)
    Func6                                    0x200027f0   Data          36  pages.o(.bss)
    Func7                                    0x20002814   Data          36  pages.o(.bss)
    Func8                                    0x20002838   Data          36  pages.o(.bss)
    Func9                                    0x2000285c   Data          36  pages.o(.bss)
    Func10                                   0x20002880   Data          36  pages.o(.bss)
    Func11                                   0x200028a4   Data          36  pages.o(.bss)
    EntityElem                               0x200028c8   Data         180  pages.o(.bss)
    EntityData                               0x2000297c   Data         540  pages.o(.bss)
    .bss                                     0x20002b98   Section    16396  screen.o(.bss)
    Img                                      0x20002b98   Data       16384  screen.o(.bss)
    .bss                                     0x20006ba4   Section      304  main.o(.bss)
    Elem                                     0x20006ca4   Data          12  main.o(.bss)
    Func                                     0x20006cb0   Data          36  main.o(.bss)
    .bss                                     0x20006cd4   Section      540  pvzgame.o(.bss)
    .bss                                     0x20006ef0   Section     1152  screenstack.o(.bss)
    ScreenStack0                             0x20006ef0   Data         384  screenstack.o(.bss)
    ScreenStack1                             0x20007070   Data         384  screenstack.o(.bss)
    DisplayStack                             0x200071f0   Data         384  screenstack.o(.bss)
    STACK                                    0x20007370   Section     1024  startup.o(STACK)
    StackMem                                 0x20007370   Data           0  startup.o(STACK)

    Global Symbols

    Symbol Name                              Value     Ov Type        Size  Object(Section)

    BuildAttributes$$THM_ISAv4$E$P$D$K$B$S$7EM$PE$A:L22UL41UL21$X:L11$S22US41US21$IEEE1$IW$USESV6$~STKCKD$USESV7$~SHL$OTIME$ROPI$IEEEX$EBA8$MICROLIB$REQ8$PRES8$EABIv2 0x00000000   Number         0  anon$$obj.o ABSOLUTE
    __ARM_use_no_argv                        0x00000000   Number         0  main.o ABSOLUTE
    __Vectors                                0x00000000   Data           0  startup.o(RESET)
    __arm_fini_                               - Undefined Weak Reference
    __cpp_initialize__aeabi_                  - Undefined Weak Reference
    __cxa_finalize                            - Undefined Weak Reference
    _clock_init                               - Undefined Weak Reference
    _microlib_exit                            - Undefined Weak Reference
    Reset_Handler                            0x0000026d   Thumb Code     0  startup.o(RESET)
    NMI_Handler                              0x00000271   Thumb Code     2  startup.o(RESET)
    HardFault_Handler                        0x00000273   Thumb Code     2  startup.o(RESET)
    MemManage_Handler                        0x00000275   Thumb Code     2  startup.o(RESET)
    BusFault_Handler                         0x00000277   Thumb Code     2  startup.o(RESET)
    UsageFault_Handler                       0x00000279   Thumb Code     2  startup.o(RESET)
    SVC_Handler                              0x0000027b   Thumb Code     2  startup.o(RESET)
    DebugMon_Handler                         0x0000027d   Thumb Code     2  startup.o(RESET)
    PendSV_Handler                           0x0000027f   Thumb Code     2  startup.o(RESET)
    ADC0Seq0_Handler                         0x00000283   Thumb Code     0  startup.o(RESET)
    ADC0Seq1_Handler                         0x00000283   Thumb Code     0  startup.o(RESET)
    ADC0Seq2_Handler                         0x00000283   Thumb Code     0  startup.o(RESET)
    ADC0Seq3_Handler                         0x00000283   Thumb Code     0  startup.o(RESET)
    ADC1Seq0_Handler                         0x00000283   Thumb Code     0  startup.o(RESET)
    ADC1Seq1_Handler                         0x00000283   Thumb Code     0  startup.o(RESET)
    ADC1Seq2_Handler                         0x00000283   Thumb Code     0  startup.o(RESET)
    ADC1Seq3_Handler                         0x00000283   Thumb Code     0  startup.o(RESET)
    CAN0_Handler                             0x00000283   Thumb Code     0  startup.o(RESET)
    CAN1_Handler                             0x00000283   Thumb Code     0  startup.o(RESET)
    CAN2_Handler                             0x00000283   Thumb Code     0  startup.o(RESET)
    Comp0_Handler                            0x00000283   Thumb Code     0  startup.o(RESET)
    Comp1_Handler                            0x00000283   Thumb Code     0  startup.o(RESET)
    Comp2_Handler                            0x00000283   Thumb Code     0  startup.o(RESET)
    Ethernet_Handler                         0x00000283   Thumb Code     0  startup.o(RESET)
    ExtBus_Handler                           0x00000283   Thumb Code     0  startup.o(RESET)
    FPU_Handler                              0x00000283   Thumb Code     0  startup.o(RESET)
    Fan0_Handler                             0x00000283   Thumb Code     0  startup.o(RESET)
    FlashCtl_Handler                         0x00000283   Thumb Code     0  startup.o(RESET)
    GPIOPortA_Handler                        0x00000283   Thumb Code     0  startup.o(RESET)
    GPIOPortB_Handler                        0x00000283   Thumb Code     0  startup.o(RESET)
    GPIOPortC_Handler                        0x00000283   Thumb Code     0  startup.o(RESET)
    GPIOPortE_Handler                        0x00000283   Thumb Code     0  startup.o(RESET)
    GPIOPortF_Handler                        0x00000283   Thumb Code     0  startup.o(RESET)
    GPIOPortG_Handler                        0x00000283   Thumb Code     0  startup.o(RESET)
    GPIOPortH_Handler                        0x00000283   Thumb Code     0  startup.o(RESET)
    GPIOPortJ_Handler                        0x00000283   Thumb Code     0  startup.o(RESET)
    GPIOPortK_Handler                        0x00000283   Thumb Code     0  startup.o(RESET)
    GPIOPortL_Handler                        0x00000283   Thumb Code     0  startup.o(RESET)
    GPIOPortM_Handler                        0x00000283   Thumb Code     0  startup.o(RESET)
    GPIOPortN_Handler                        0x00000283   Thumb Code     0  startup.o(RESET)
    GPIOPortP1_Handler                       0x00000283   Thumb Code     0  startup.o(RESET)
    GPIOPortP2_Handler                       0x00000283   Thumb Code     0  startup.o(RESET)
    GPIOPortP3_Handler                       0x00000283   Thumb Code     0  startup.o(RESET)
    GPIOPortP4_Handler                       0x00000283   Thumb Code     0  startup.o(RESET)
    GPIOPortP5_Handler                       0x00000283   Thumb Code     0  startup.o(RESET)
    GPIOPortP6_Handler                       0x00000283   Thumb Code     0  startup.o(RESET)
    GPIOPortP7_Handler                       0x00000283   Thumb Code     0  startup.o(RESET)
    GPIOPortP_Handler                        0x00000283   Thumb Code     0  startup.o(RESET)
    GPIOPortQ1_Handler                       0x00000283   Thumb Code     0  startup.o(RESET)
    GPIOPortQ2_Handler                       0x00000283   Thumb Code     0  startup.o(RESET)
    GPIOPortQ3_Handler                       0x00000283   Thumb Code     0  startup.o(RESET)
    GPIOPortQ4_Handler                       0x00000283   Thumb Code     0  startup.o(RESET)
    GPIOPortQ5_Handler                       0x00000283   Thumb Code     0  startup.o(RESET)
    GPIOPortQ6_Handler                       0x00000283   Thumb Code     0  startup.o(RESET)
    GPIOPortQ7_Handler                       0x00000283   Thumb Code     0  startup.o(RESET)
    GPIOPortQ_Handler                        0x00000283   Thumb Code     0  startup.o(RESET)
    GPIOPortR_Handler                        0x00000283   Thumb Code     0  startup.o(RESET)
    GPIOPortS_Handler                        0x00000283   Thumb Code     0  startup.o(RESET)
    Hibernate_Handler                        0x00000283   Thumb Code     0  startup.o(RESET)
    I2C0_Handler                             0x00000283   Thumb Code     0  startup.o(RESET)
    I2C1_Handler                             0x00000283   Thumb Code     0  startup.o(RESET)
    I2C2_Handler                             0x00000283   Thumb Code     0  startup.o(RESET)
    I2C3_Handler                             0x00000283   Thumb Code     0  startup.o(RESET)
    I2C4_Handler                             0x00000283   Thumb Code     0  startup.o(RESET)
    I2C5_Handler                             0x00000283   Thumb Code     0  startup.o(RESET)
    I2S0_Handler                             0x00000283   Thumb Code     0  startup.o(RESET)
    LPC0_Handler                             0x00000283   Thumb Code     0  startup.o(RESET)
    PECI0_Handler                            0x00000283   Thumb Code     0  startup.o(RESET)
    PWM0Fault_Handler                        0x00000283   Thumb Code     0  startup.o(RESET)
    PWM0Generator0_Handler                   0x00000283   Thumb Code     0  startup.o(RESET)
    PWM0Generator1_Handler                   0x00000283   Thumb Code     0  startup.o(RESET)
    PWM0Generator2_Handler                   0x00000283   Thumb Code     0  startup.o(RESET)
    PWM0Generator3_Handler                   0x00000283   Thumb Code     0  startup.o(RESET)
    PWM1Fault_Handler                        0x00000283   Thumb Code     0  startup.o(RESET)
    PWM1Generator0_Handler                   0x00000283   Thumb Code     0  startup.o(RESET)
    PWM1Generator1_Handler                   0x00000283   Thumb Code     0  startup.o(RESET)
    PWM1Generator2_Handler                   0x00000283   Thumb Code     0  startup.o(RESET)
    PWM1Generator3_Handler                   0x00000283   Thumb Code     0  startup.o(RESET)
    Quadrature0_Handler                      0x00000283   Thumb Code     0  startup.o(RESET)
    Quadrature1_Handler                      0x00000283   Thumb Code     0  startup.o(RESET)
    Quadrature2_Handler                      0x00000283   Thumb Code     0  startup.o(RESET)
    SSI0_Handler                             0x00000283   Thumb Code     0  startup.o(RESET)
    SSI1_Handler                             0x00000283   Thumb Code     0  startup.o(RESET)
    SSI2_Handler                             0x00000283   Thumb Code     0  startup.o(RESET)
    SSI3_Handler                             0x00000283   Thumb Code     0  startup.o(RESET)
    SysCtl_Handler                           0x00000283   Thumb Code     0  startup.o(RESET)
    Timer0A_Handler                          0x00000283   Thumb Code     0  startup.o(RESET)
    Timer0B_Handler                          0x00000283   Thumb Code     0  startup.o(RESET)
    Timer1B_Handler                          0x00000283   Thumb Code     0  startup.o(RESET)
    Timer2B_Handler                          0x00000283   Thumb Code     0  startup.o(RESET)
    Timer3B_Handler                          0x00000283   Thumb Code     0  startup.o(RESET)
    Timer4B_Handler                          0x00000283   Thumb Code     0  startup.o(RESET)
    Timer5A_Handler                          0x00000283   Thumb Code     0  startup.o(RESET)
    Timer5B_Handler                          0x00000283   Thumb Code     0  startup.o(RESET)
    UART1_Handler                            0x00000283   Thumb Code     0  startup.o(RESET)
    UART2_Handler                            0x00000283   Thumb Code     0  startup.o(RESET)
    UART3_Handler                            0x00000283   Thumb Code     0  startup.o(RESET)
    UART4_Handler                            0x00000283   Thumb Code     0  startup.o(RESET)
    UART5_Handler                            0x00000283   Thumb Code     0  startup.o(RESET)
    UART6_Handler                            0x00000283   Thumb Code     0  startup.o(RESET)
    UART7_Handler                            0x00000283   Thumb Code     0  startup.o(RESET)
    USB0_Handler                             0x00000283   Thumb Code     0  startup.o(RESET)
    WDT_Handler                              0x00000283   Thumb Code     0  startup.o(RESET)
    WideTimer0A_Handler                      0x00000283   Thumb Code     0  startup.o(RESET)
    WideTimer0B_Handler                      0x00000283   Thumb Code     0  startup.o(RESET)
    WideTimer1A_Handler                      0x00000283   Thumb Code     0  startup.o(RESET)
    WideTimer1B_Handler                      0x00000283   Thumb Code     0  startup.o(RESET)
    WideTimer2A_Handler                      0x00000283   Thumb Code     0  startup.o(RESET)
    WideTimer2B_Handler                      0x00000283   Thumb Code     0  startup.o(RESET)
    WideTimer3A_Handler                      0x00000283   Thumb Code     0  startup.o(RESET)
    WideTimer3B_Handler                      0x00000283   Thumb Code     0  startup.o(RESET)
    WideTimer4A_Handler                      0x00000283   Thumb Code     0  startup.o(RESET)
    WideTimer4B_Handler                      0x00000283   Thumb Code     0  startup.o(RESET)
    WideTimer5A_Handler                      0x00000283   Thumb Code     0  startup.o(RESET)
    WideTimer5B_Handler                      0x00000283   Thumb Code     0  startup.o(RESET)
    uDMA_Error                               0x00000283   Thumb Code     0  startup.o(RESET)
    uDMA_Handler                             0x00000283   Thumb Code     0  startup.o(RESET)
    __main                                   0x00000285   Thumb Code     0  entry.o(.ARM.Collect$$$$00000000)
    _main_stk                                0x00000285   Thumb Code     0  entry2.o(.ARM.Collect$$$$00000001)
    _main_scatterload                        0x00000289   Thumb Code     0  entry5.o(.ARM.Collect$$$$00000004)
    __main_after_scatterload                 0x0000028d   Thumb Code     0  entry5.o(.ARM.Collect$$$$00000004)
    _main_clock                              0x0000028d   Thumb Code     0  entry7b.o(.ARM.Collect$$$$00000008)
    _main_cpp_init                           0x0000028d   Thumb Code     0  entry8b.o(.ARM.Collect$$$$0000000A)
    _main_init                               0x0000028d   Thumb Code     0  entry9a.o(.ARM.Collect$$$$0000000B)
    __rt_lib_shutdown_fini                   0x00000295   Thumb Code     0  entry12b.o(.ARM.Collect$$$$0000000E)
    __rt_final_cpp                           0x00000299   Thumb Code     0  entry10a.o(.ARM.Collect$$$$0000000F)
    __rt_final_exit                          0x00000299   Thumb Code     0  entry11a.o(.ARM.Collect$$$$00000011)
    parrotdelay                              0x0000029d   Thumb Code     6  lcd.o(.emb_text)
    OS_DisableInterrupts                     0x000002a5   Thumb Code     0  osasm.o(.text)
    OS_EnableInterrupts                      0x000002a9   Thumb Code     0  osasm.o(.text)
    SysTick_Handler                          0x000002ad   Thumb Code     0  osasm.o(.text)
    StartOS                                  0x000002d3   Thumb Code     0  osasm.o(.text)
    DisableInterrupts                        0x000002f9   Thumb Code     0  startup.o(.text)
    EnableInterrupts                         0x000002fd   Thumb Code     0  startup.o(.text)
    StartCritical                            0x00000301   Thumb Code     0  startup.o(.text)
    EndCritical                              0x00000309   Thumb Code     0  startup.o(.text)
    WaitForInterrupt                         0x0000030f   Thumb Code     0  startup.o(.text)
    __scatterload                            0x00000315   Thumb Code    28  init.o(.text)
    __scatterload_rt2                        0x00000315   Thumb Code     0  init.o(.text)
    __decompress                             0x00000339   Thumb Code     0  __dczerorl.o(.text)
    __decompress0                            0x00000339   Thumb Code    58  __dczerorl.o(.text)
    BGMtone                                  0x00000375   Thumb Code    46  buzzer.o(i.BGMtone)
    BSP_Delay1ms                             0x000003ad   Thumb Code    22  lcd.o(i.BSP_Delay1ms)
    BSP_Joystick_Init                        0x000003c5   Thumb Code   268  joystick.o(i.BSP_Joystick_Init)
    BSP_Joystick_Input                       0x000004f5   Thumb Code    48  joystick.o(i.BSP_Joystick_Input)
    BSP_LCD_DrawBitmap                       0x0000052d   Thumb Code   280  lcd.o(i.BSP_LCD_DrawBitmap)
    BSP_LCD_DrawChar                         0x0000064d   Thumb Code   260  lcd.o(i.BSP_LCD_DrawChar)
    BSP_LCD_DrawCharS                        0x0000075d   Thumb Code   236  lcd.o(i.BSP_LCD_DrawCharS)
    BSP_LCD_DrawCrosshair                    0x00000855   Thumb Code    38  lcd.o(i.BSP_LCD_DrawCrosshair)
    BSP_LCD_DrawFastHLine                    0x0000087d   Thumb Code   116  lcd.o(i.BSP_LCD_DrawFastHLine)
    BSP_LCD_DrawFastVLine                    0x000008f9   Thumb Code   116  lcd.o(i.BSP_LCD_DrawFastVLine)
    BSP_LCD_DrawPixel                        0x00000975   Thumb Code    64  lcd.o(i.BSP_LCD_DrawPixel)
    BSP_LCD_DrawString                       0x000009bd   Thumb Code    84  lcd.o(i.BSP_LCD_DrawString)
    BSP_LCD_DrawStringHighlight              0x00000a11   Thumb Code    84  lcd.o(i.BSP_LCD_DrawStringHighlight)
    BSP_LCD_FillRect                         0x00000a65   Thumb Code   164  lcd.o(i.BSP_LCD_FillRect)
    BSP_LCD_FillScreen                       0x00000b11   Thumb Code    28  lcd.o(i.BSP_LCD_FillScreen)
    BSP_LCD_Init                             0x00000b35   Thumb Code    10  lcd.o(i.BSP_LCD_Init)
    BSP_LCD_Message                          0x00000b3f   Thumb Code    70  lcd.o(i.BSP_LCD_Message)
    BSP_LCD_MessageUDec3                     0x00000b85   Thumb Code    70  lcd.o(i.BSP_LCD_MessageUDec3)
    BSP_LCD_OutUDec3                         0x00000bcd   Thumb Code   116  lcd.o(i.BSP_LCD_OutUDec3)
    BSP_LCD_OutUDec4                         0x00000c55   Thumb Code   116  lcd.o(i.BSP_LCD_OutUDec4)
    BSP_LCD_OutputInit                       0x00000cdd   Thumb Code    22  lcd.o(i.BSP_LCD_OutputInit)
    BSP_LCD_SetCursor                        0x00000cf9   Thumb Code    22  lcd.o(i.BSP_LCD_SetCursor)
    BitmapSetPixel                           0x00000d19   Thumb Code    76  screen.o(i.BitmapSetPixel)
    Bitmap_DrawBitmap                        0x00000d71   Thumb Code   300  screen.o(i.Bitmap_DrawBitmap)
    Bitmap_DrawBitmapTP                      0x00000ea9   Thumb Code   366  screen.o(i.Bitmap_DrawBitmapTP)
    Bitmap_DrawBox                           0x00001025   Thumb Code    78  screen.o(i.Bitmap_DrawBox)
    Bitmap_DrawCharS                         0x00001075   Thumb Code   160  screen.o(i.Bitmap_DrawCharS)
    Bitmap_DrawCharS_Background              0x00001119   Thumb Code   220  screen.o(i.Bitmap_DrawCharS_Background)
    Bitmap_DrawCrosshair                     0x000011f9   Thumb Code   130  screen.o(i.Bitmap_DrawCrosshair)
    Bitmap_DrawHLine                         0x0000127b   Thumb Code    28  screen.o(i.Bitmap_DrawHLine)
    Bitmap_DrawString                        0x00001297   Thumb Code    80  screen.o(i.Bitmap_DrawString)
    Bitmap_DrawStringHighlight               0x000012e7   Thumb Code    84  screen.o(i.Bitmap_DrawStringHighlight)
    Bitmap_DrawVLine                         0x0000133b   Thumb Code    26  screen.o(i.Bitmap_DrawVLine)
    Bitmap_FillRect                          0x00001355   Thumb Code   286  screen.o(i.Bitmap_FillRect)
    Bitmap_FillScreen                        0x00001481   Thumb Code    22  screen.o(i.Bitmap_FillScreen)
    Bitmap_MessageUDec3                      0x00001497   Thumb Code    70  screen.o(i.Bitmap_MessageUDec3)
    Bitmap_MessageUDec4                      0x000014dd   Thumb Code    70  screen.o(i.Bitmap_MessageUDec4)
    Bitmap_OutUDec3                          0x00001525   Thumb Code   112  screen.o(i.Bitmap_OutUDec3)
    Bitmap_OutUDec4                          0x000015a9   Thumb Code   112  screen.o(i.Bitmap_OutUDec4)
    Bitmap_SetCursor                         0x0000162d   Thumb Code    22  screen.o(i.Bitmap_SetCursor)
    Bitmap_init                              0x00001745   Thumb Code    24  screen.o(i.Bitmap_init)
    ButtonOneInit                            0x0000175d   Thumb Code   190  os.o(i.ButtonOneInit)
    ButtonTwoInit                            0x0000183d   Thumb Code   202  os.o(i.ButtonTwoInit)
    Buzzer_Init                              0x0000192d   Thumb Code    52  buzzer.o(i.Buzzer_Init)
    ChangeDirection                          0x0000196d   Thumb Code    26  cube.o(i.ChangeDirection)
    Consumer                                 0x00001989   Thumb Code   314  pages.o(i.Consumer)
    CrossHair_Init                           0x00001b21   Thumb Code    44  main.o(i.CrossHair_Init)
    CubeNumCalc                              0x00001b65   Thumb Code    60  main.o(i.CubeNumCalc)
    CubeThread                               0x00001bb5   Thumb Code   594  cube.o(i.CubeThread)
    Cube_Dec                                 0x00001e21   Thumb Code    26  cube.o(i.Cube_Dec)
    Cube_Generate                            0x00001e41   Thumb Code    92  cube.o(i.Cube_Generate)
    Cube_Inc                                 0x00001eb1   Thumb Code    26  cube.o(i.Cube_Inc)
    Cube_Init                                0x00001ed1   Thumb Code    68  cube.o(i.Cube_Init)
    Cube_SetCubeNext                         0x00001f1d   Thumb Code   318  cube.o(i.Cube_SetCubeNext)
    Cube_hit_cube                            0x00002061   Thumb Code   184  cube.o(i.Cube_hit_cube)
    DecreaseLife                             0x00002199   Thumb Code    34  scorelife.o(i.DecreaseLife)
    Device_Init                              0x000021c1   Thumb Code    16  main.o(i.Device_Init)
    DispStackRst                             0x000021d1   Thumb Code    22  screenstack.o(i.DispStackRst)
    DispStackSize                            0x000021f1   Thumb Code     6  screenstack.o(i.DispStackSize)
    DispStack_Get                            0x000021fd   Thumb Code    62  screenstack.o(i.DispStack_Get)
    Display                                  0x00002245   Thumb Code    82  main.o(i.Display)
    DisplayThread                            0x000022c1   Thumb Code   292  display.o(i.DisplayThread)
    EndPage                                  0x00002405   Thumb Code   176  pages.o(i.EndPage)
    EntityInit                               0x000024e5   Thumb Code   248  pvzgame.o(i.EntityInit)
    EventSound                               0x000025f1   Thumb Code    68  buzzer.o(i.EventSound)
    GPIOPortD_Handler                        0x00002639   Thumb Code   102  os.o(i.GPIOPortD_Handler)
    GetLife                                  0x000026bd   Thumb Code     6  scorelife.o(i.GetLife)
    GetScore                                 0x000026c9   Thumb Code     6  scorelife.o(i.GetScore)
    HitSound                                 0x000026d5   Thumb Code    66  buzzer.o(i.HitSound)
    ImperialMarchTune                        0x0000271d   Thumb Code  1180  buzzer.o(i.ImperialMarchTune)
    IncreaseScore                            0x00002bbd   Thumb Code    26  scorelife.o(i.IncreaseScore)
    InitTimer1A                              0x00002bdd   Thumb Code   124  os.o(i.InitTimer1A)
    InitTimer2A                              0x00002c69   Thumb Code   122  os.o(i.InitTimer2A)
    InitTimer3A                              0x00002cf5   Thumb Code   118  os.o(i.InitTimer3A)
    InitTimer4A                              0x00002d7d   Thumb Code   122  os.o(i.InitTimer4A)
    JsFifo_Get                               0x00002e09   Thumb Code    50  fifo.o(i.JsFifo_Get)
    JsFifo_Init                              0x00002e49   Thumb Code    34  fifo.o(i.JsFifo_Init)
    JsFifo_Put                               0x00002e7d   Thumb Code    64  fifo.o(i.JsFifo_Put)
    LCD_DisplayScoreLife                     0x00002ecd   Thumb Code    44  scorelife.o(i.LCD_DisplayScoreLife)
    Menu                                     0x00002f09   Thumb Code   846  pages.o(i.Menu)
    NumFifo_Get                              0x00003339   Thumb Code    50  numfifo.o(i.NumFifo_Get)
    NumFifo_Put                              0x00003379   Thumb Code    64  numfifo.o(i.NumFifo_Put)
    OS_AddPeriodicThread                     0x000033c9   Thumb Code    76  os.o(i.OS_AddPeriodicThread)
    OS_AddSW1Task                            0x00003425   Thumb Code    20  os.o(i.OS_AddSW1Task)
    OS_AddSW2Task                            0x0000343d   Thumb Code    20  os.o(i.OS_AddSW2Task)
    OS_AddThread                             0x00003455   Thumb Code   326  os.o(i.OS_AddThread)
    OS_ClearMsTime                           0x000035ad   Thumb Code     8  os.o(i.OS_ClearMsTime)
    OS_Id                                    0x000035b9   Thumb Code     8  os.o(i.OS_Id)
    OS_Init                                  0x000035c5   Thumb Code    78  os.o(i.OS_Init)
    OS_InitSemaphore                         0x00003621   Thumb Code    18  os.o(i.OS_InitSemaphore)
    OS_Kill                                  0x00003635   Thumb Code   112  os.o(i.OS_Kill)
    OS_Launch                                0x000036b1   Thumb Code    22  os.o(i.OS_Launch)
    OS_MsTime                                0x000036c9   Thumb Code     6  os.o(i.OS_MsTime)
    OS_Signal                                0x000036d5   Thumb Code    46  os.o(i.OS_Signal)
    OS_Sleep                                 0x00003709   Thumb Code    16  os.o(i.OS_Sleep)
    OS_Suspend                               0x0000371d   Thumb Code    18  os.o(i.OS_Suspend)
    OS_Time                                  0x00003735   Thumb Code    12  os.o(i.OS_Time)
    OS_Wait                                  0x00003745   Thumb Code    44  os.o(i.OS_Wait)
    OS_WaitC                                 0x00003775   Thumb Code    64  os.o(i.OS_WaitC)
    OS_bSignal                               0x000037b5   Thumb Code    56  os.o(i.OS_bSignal)
    OS_bWait                                 0x000037f1   Thumb Code    44  os.o(i.OS_bWait)
    PLL_Init                                 0x00003821   Thumb Code   120  pll.o(i.PLL_Init)
    PVZPage                                  0x0000389d   Thumb Code  1496  pages.o(i.PVZPage)
    PVZ_GameOver                             0x00003ec9   Thumb Code    94  buzzer.o(i.PVZ_GameOver)
    PVZ_map_Init                             0x00003f29   Thumb Code   150  pvzgame.o(i.PVZ_map_Init)
    PWM6C_Init                               0x00003fe5   Thumb Code   166  pwm.o(i.PWM6C_Init)
    PWM6F_Disable                            0x000040a9   Thumb Code    14  pwm.o(i.PWM6F_Disable)
    PWM6F_Enable                             0x000040bd   Thumb Code    14  pwm.o(i.PWM6F_Enable)
    PWM6F_Init                               0x000040d1   Thumb Code   166  pwm.o(i.PWM6F_Init)
    PWM6F_Set                                0x00004195   Thumb Code    16  pwm.o(i.PWM6F_Set)
    PeriodicMove                             0x000041ad   Thumb Code   290  pvzgame.o(i.PeriodicMove)
    PeriodicUpdater                          0x000042e1   Thumb Code    12  main.o(i.PeriodicUpdater)
    Producer                                 0x000042f1   Thumb Code   194  main.o(i.Producer)
    RNG_Generate                             0x000043d5   Thumb Code    62  randomnumbergenerator.o(i.RNG_Generate)
    RNG_Init                                 0x00004421   Thumb Code    32  randomnumbergenerator.o(i.RNG_Init)
    Request_StackOut                         0x00004451   Thumb Code   282  screenstack.o(i.Request_StackOut)
    Request_StackPut                         0x00004599   Thumb Code   164  screenstack.o(i.Request_StackPut)
    Restart                                  0x00004661   Thumb Code   246  main.o(i.Restart)
    Rx_UARTFifo_Init                         0x000047b5   Thumb Code    34  uart_fifo.o(i.Rx_UARTFifo_Init)
    Rx_UARTFifo_Put                          0x000047e9   Thumb Code    52  uart_fifo.o(i.Rx_UARTFifo_Put)
    Rx_UARTFifo_Size                         0x0000482d   Thumb Code    42  uart_fifo.o(i.Rx_UARTFifo_Size)
    SW1Push                                  0x000048d5   Thumb Code    28  main.o(i.SW1Push)
    SW1_PageFunc                             0x000048f5   Thumb Code   832  pages.o(i.SW1_PageFunc)
    SW2Push                                  0x00004c81   Thumb Code    50  main.o(i.SW2Push)
    Scheduler                                0x00004cc1   Thumb Code   104  os.o(i.Scheduler)
    ScoreLife_Init                           0x00004d2d   Thumb Code    10  scorelife.o(i.ScoreLife_Init)
    ScreenStack_Init                         0x00004d41   Thumb Code    58  screenstack.o(i.ScreenStack_Init)
    Search_instance                          0x00004d9d   Thumb Code    58  screenstack.o(i.Search_instance)
    SetInitialStack                          0x00004de1   Thumb Code   330  os.o(i.SetInitialStack)
    SettingPage                              0x00004f35   Thumb Code   816  pages.o(i.SettingPage)
    Shooter_Init                             0x00005341   Thumb Code   224  pvzgame.o(i.Shooter_Init)
    StartPage                                0x00005429   Thumb Code   604  pages.o(i.StartPage)
    SunGenerate                              0x0000572d   Thumb Code    90  pvzgame.o(i.SunGenerate)
    Sunflower_Init                           0x00005795   Thumb Code   132  pvzgame.o(i.Sunflower_Init)
    Timer1A_Handler                          0x00005821   Thumb Code    16  os.o(i.Timer1A_Handler)
    Timer2A_Handler                          0x00005839   Thumb Code   188  os.o(i.Timer2A_Handler)
    Timer3A_Handler                          0x00005901   Thumb Code     8  os.o(i.Timer3A_Handler)
    Timer4A_Handler                          0x0000590d   Thumb Code    22  os.o(i.Timer4A_Handler)
    Tx_UARTFifo_Get                          0x00005931   Thumb Code    54  uart_fifo.o(i.Tx_UARTFifo_Get)
    Tx_UARTFifo_Init                         0x00005979   Thumb Code    34  uart_fifo.o(i.Tx_UARTFifo_Init)
    Tx_UARTFifo_Put                          0x000059a9   Thumb Code    56  uart_fifo.o(i.Tx_UARTFifo_Put)
    Tx_UARTFifo_Size                         0x000059f1   Thumb Code    14  uart_fifo.o(i.Tx_UARTFifo_Size)
    UART0_Handler                            0x00005a09   Thumb Code    82  uart.o(i.UART0_Handler)
    UART_Init                                0x00005a61   Thumb Code   170  uart.o(i.UART_Init)
    UART_OutChar                             0x00005b25   Thumb Code    46  uart.o(i.UART_OutChar)
    UART_OutUDec                             0x00005b59   Thumb Code    42  uart.o(i.UART_OutUDec)
    UpdateInput                              0x00005b85   Thumb Code   184  main.o(i.UpdateInput)
    UpdatePosition                           0x00005c49   Thumb Code   200  main.o(i.UpdatePosition)
    ZB_Generate                              0x00005d21   Thumb Code   108  pvzgame.o(i.ZB_Generate)
    ZB_Init                                  0x00005d99   Thumb Code    98  pvzgame.o(i.ZB_Init)
    Zomb_eat_plant                           0x00005e05   Thumb Code   218  pvzgame.o(i.Zomb_eat_plant)
    Zomb_move                                0x00005eed   Thumb Code   114  pvzgame.o(i.Zomb_move)
    __scatterload_copy                       0x00005f6d   Thumb Code    14  handlers.o(i.__scatterload_copy)
    __scatterload_null                       0x00005f7b   Thumb Code     2  handlers.o(i.__scatterload_null)
    __scatterload_zeroinit                   0x00005f7d   Thumb Code    14  handlers.o(i.__scatterload_zeroinit)
    act_FuncInStack                          0x00005f8d   Thumb Code   528  screen.o(i.act_FuncInStack)
    bullet_hit_detection                     0x00006255   Thumb Code   240  pvzgame.o(i.bullet_hit_detection)
    bullet_move                              0x0000634d   Thumb Code    42  pvzgame.o(i.bullet_move)
    main                                     0x00006725   Thumb Code   206  main.o(i.main)
    soil_Init                                0x000068c5   Thumb Code    24  pvzgame.o(i.soil_Init)
    tone                                     0x000068e1   Thumb Code   154  buzzer.o(i.tone)
    toneblank                                0x00006981   Thumb Code    38  buzzer.o(i.toneblank)
    gImage_brain                             0x00006fb3   Data        8192  pages.o(.constdata)
    gImage_shooter2025                       0x00008fb3   Data        1000  pages.o(.constdata)
    gImage_sunflower2025                     0x0000939b   Data        1000  pages.o(.constdata)
    gImage_shooter                           0x00009783   Data         800  pages.o(.constdata)
    gImage_sunflower                         0x00009aa3   Data         800  pages.o(.constdata)
    gImage_zb                                0x00009dc3   Data         432  pages.o(.constdata)
    gImage_grass                             0x00009f73   Data        9600  pages.o(.constdata)
    gImage_GameCube                          0x0000c4f3   Data        8192  pages.o(.constdata)
    Region$$Table$$Base                      0x0000e9f0   Number         0  anon$$obj.o(Region$$Table)
    Region$$Table$$Limit                     0x0000ea10   Number         0  anon$$obj.o(Region$$Table)
    JsPutPt                                  0x20000000   Data           4  fifo.o(.data)
    JsGetPt                                  0x20000004   Data           4  fifo.o(.data)
    JsFifoAvailable                          0x20000008   Data           4  fifo.o(.data)
    CursorPutPt                              0x2000000c   Data           4  fifo.o(.data)
    CursorGetPt                              0x20000010   Data           4  fifo.o(.data)
    CursorFifoAvailable                      0x20000014   Data           4  fifo.o(.data)
    StX                                      0x20000018   Data           4  lcd.o(.data)
    StY                                      0x2000001c   Data           4  lcd.o(.data)
    StTextColor                              0x20000020   Data           2  lcd.o(.data)
    Messageindex                             0x20000028   Data           4  lcd.o(.data)
    TimeIndex                                0x2000002c   Data           4  lcd.o(.data)
    Ymax                                     0x20000030   Data           4  lcd.o(.data)
    Ymin                                     0x20000034   Data           4  lcd.o(.data)
    Yrange                                   0x20000038   Data           4  lcd.o(.data)
    PlotBGColor                              0x2000003c   Data           2  lcd.o(.data)
    LCDFree                                  0x20000040   Data           4  lcd.o(.data)
    PeriodicTask1                            0x20000044   Data           4  os.o(.data)
    PeriodicTask2                            0x20000048   Data           4  os.o(.data)
    PeriodicTask3                            0x2000004c   Data           4  os.o(.data)
    ButtonOneTask                            0x20000050   Data           4  os.o(.data)
    ButtonTwoTask                            0x20000054   Data           4  os.o(.data)
    RunPt                                    0x20000058   Data           4  os.o(.data)
    Tx_UARTPutI                              0x20000070   Data           4  uart_fifo.o(.data)
    Tx_UARTGetI                              0x20000074   Data           4  uart_fifo.o(.data)
    Tx_UARTRoomType                          0x20000078   Data           4  uart_fifo.o(.data)
    Rx_UARTPutPt                             0x2000007c   Data           4  uart_fifo.o(.data)
    Rx_UARTGetPt                             0x20000080   Data           4  uart_fifo.o(.data)
    Rx_UARTDataAvailable                     0x20000084   Data           4  uart_fifo.o(.data)
    tCount                                   0x20000088   Data           2  cube.o(.data)
    cubeCount                                0x2000008a   Data           2  cube.o(.data)
    cur_x                                    0x2000008c   Data           2  cube.o(.data)
    cur_y                                    0x2000008e   Data           2  cube.o(.data)
    seed                                     0x20000090   Data           4  randomnumbergenerator.o(.data)
    W                                        0x20000094   Data           4  randomnumbergenerator.o(.data)
    X                                        0x20000098   Data           4  randomnumbergenerator.o(.data)
    BuzzerFree                               0x2000009c   Data           4  buzzer.o(.data)
    LastVolume                               0x200000a0   Data           2  buzzer.o(.data)
    Volume                                   0x200000a2   Data           2  buzzer.o(.data)
    TuneActiveFlag                           0x200000a4   Data           1  buzzer.o(.data)
    NumPutPt                                 0x200000a8   Data           4  numfifo.o(.data)
    NumGetPt                                 0x200000ac   Data           4  numfifo.o(.data)
    NumFifoAvailable                         0x200000b0   Data           4  numfifo.o(.data)
    RUNLENGTH                                0x200000b4   Data           4  pages.o(.data)
    NumSamples                               0x200000b8   Data           4  pages.o(.data)
    gridX                                    0x200000bc   Data           2  pages.o(.data)
    gridY                                    0x200000be   Data           2  pages.o(.data)
    PageState                                0x200000c0   Data           1  pages.o(.data)
    inputMode                                0x200000c1   Data           1  pages.o(.data)
    ConsumerActiveFlag                       0x200000c2   Data           1  pages.o(.data)
    StartPageActiveFlag                      0x200000c3   Data           1  pages.o(.data)
    MenuActiveFlag                           0x200000c4   Data           1  pages.o(.data)
    SettingActiveFlag                        0x200000c5   Data           1  pages.o(.data)
    InputActiveFlag                          0x200000c6   Data           1  pages.o(.data)
    PVZPageActiveFlag                        0x200000c7   Data           1  pages.o(.data)
    PseudoCount                              0x200000c8   Data           4  pages.o(.data)
    CubeThreadActiveFlag                     0x200000cc   Data           1  pages.o(.data)
    numorigin                                0x200000ce   Data           4  pages.o(.data)
    numx                                     0x200000d2   Data           2  pages.o(.data)
    numy                                     0x200000d4   Data           2  pages.o(.data)
    prevnumx                                 0x200000d6   Data           2  pages.o(.data)
    prevnumy                                 0x200000d8   Data           2  pages.o(.data)
    numselect                                0x200000da   Data           1  pages.o(.data)
    origin                                   0x200000dc   Data           4  pages.o(.data)
    x                                        0x200000e0   Data           2  pages.o(.data)
    y                                        0x200000e2   Data           2  pages.o(.data)
    prevx                                    0x200000e4   Data           2  pages.o(.data)
    prevy                                    0x200000e6   Data           2  pages.o(.data)
    select                                   0x200000e8   Data           1  pages.o(.data)
    area                                     0x200000e9   Data           2  pages.o(.data)
    CrossSpeed                               0x200000eb   Data           1  pages.o(.data)
    selectedPlant                            0x200000ec   Data           1  pages.o(.data)
    randomNum                                0x200000f0   Data           4  pages.o(.data)
    Bitmap_StX                               0x200000f4   Data           4  screen.o(.data)
    Bitmap_StY                               0x200000f8   Data           4  screen.o(.data)
    HalfScreen                               0x200000fc   Data           1  screen.o(.data)
    Map_Image                                0x20000100   Data           4  screen.o(.data)
    Bitmap_Messageindex                      0x20000104   Data           4  screen.o(.data)
    ConsumerFree                             0x20000108   Data           4  main.o(.data)
    NumCreated                               0x2000010c   Data           4  main.o(.data)
    UpdateWork                               0x20000110   Data           4  main.o(.data)
    Calculation                              0x20000114   Data           4  main.o(.data)
    DisplayCount                             0x20000118   Data           4  main.o(.data)
    ConsumerCount                            0x2000011c   Data           4  main.o(.data)
    Button1RespTime                          0x20000120   Data           4  main.o(.data)
    Button2RespTime                          0x20000124   Data           4  main.o(.data)
    Button1PushTime                          0x20000128   Data           4  main.o(.data)
    Button2PushTime                          0x2000012c   Data           4  main.o(.data)
    DataLost                                 0x20000130   Data           4  main.o(.data)
    MaxJitter                                0x20000134   Data           4  main.o(.data)
    TotalWithI1                              0x20000138   Data           4  main.o(.data)
    MaxWithI1                                0x2000013c   Data           2  main.o(.data)
    DisplayThreadActiveFlag                  0x2000013e   Data           1  display.o(.data)
    Energy                                   0x20000140   Data           2  pvzgame.o(.data)
    PVZStartTime                             0x20000144   Data           4  pvzgame.o(.data)
    LastTryGenerateZombieTime                0x20000148   Data           4  pvzgame.o(.data)
    counter                                  0x2000014f   Data           1  pvzgame.o(.data)
    score                                    0x20000150   Data           2  scorelife.o(.data)
    life                                     0x20000152   Data           2  scorelife.o(.data)
    StackPutPt0                              0x20000154   Data           4  screenstack.o(.data)
    StackPutPt1                              0x20000158   Data           4  screenstack.o(.data)
    StackGetPt                               0x2000015c   Data           4  screenstack.o(.data)
    NuminStack0                              0x20000160   Data           4  screenstack.o(.data)
    NuminStack1                              0x20000164   Data           4  screenstack.o(.data)
    ScreenStack0Available                    0x20000168   Data           4  screenstack.o(.data)
    ScreenStack1Available                    0x2000016c   Data           4  screenstack.o(.data)
    CurrentStack                             0x20000170   Data           4  screenstack.o(.data)
    DisplayStackPutPt                        0x20000174   Data           4  screenstack.o(.data)
    NuminDispStack                           0x20000178   Data           4  screenstack.o(.data)
    DisplayStackAvailable                    0x2000017c   Data           4  screenstack.o(.data)
    Message                                  0x20000200   Data          12  lcd.o(.bss)
    tcbs                                     0x2000020c   Data         960  os.o(.bss)
    Stacks                                   0x200005cc   Data        8000  os.o(.bss)
    GridArray                                0x20002528   Data         288  cube.o(.bss)
    Bitmap_Message                           0x20006b98   Data          12  screen.o(.bss)
    JitterHistogram                          0x20006ba4   Data         256  main.o(.bss)
    PVZ_map                                  0x20006cd4   Data         480  pvzgame.o(.bss)
    Zombs                                    0x20006eb4   Data          60  pvzgame.o(.bss)
    __initial_sp                             0x20007770   Data           0  startup.o(STACK)



==============================================================================

Memory Map of the image

  Image Entry point : 0x0000026d

  Load Region LR_1 (Base: 0x00000000, Size: 0x0000eb90, Max: 0xffffffff, ABSOLUTE, COMPRESSED[0x0000ea28])

    Execution Region ER_RO (Exec base: 0x00000000, Load base: 0x00000000, Size: 0x0000ea10, Max: 0xffffffff, ABSOLUTE)

    Exec Addr    Load Addr    Size         Type   Attr      Idx    E Section Name        Object

    0x00000000   0x00000000   0x00000284   Code   RO          605  * RESET               startup.o
    0x00000284   0x00000284   0x00000000   Code   RO         1716  * .ARM.Collect$$$$00000000  mc_w.l(entry.o)
    0x00000284   0x00000284   0x00000004   Code   RO         1750    .ARM.Collect$$$$00000001  mc_w.l(entry2.o)
    0x00000288   0x00000288   0x00000004   Code   RO         1753    .ARM.Collect$$$$00000004  mc_w.l(entry5.o)
    0x0000028c   0x0000028c   0x00000000   Code   RO         1755    .ARM.Collect$$$$00000008  mc_w.l(entry7b.o)
    0x0000028c   0x0000028c   0x00000000   Code   RO         1757    .ARM.Collect$$$$0000000A  mc_w.l(entry8b.o)
    0x0000028c   0x0000028c   0x00000008   Code   RO         1758    .ARM.Collect$$$$0000000B  mc_w.l(entry9a.o)
    0x00000294   0x00000294   0x00000004   Code   RO         1765    .ARM.Collect$$$$0000000E  mc_w.l(entry12b.o)
    0x00000298   0x00000298   0x00000000   Code   RO         1760    .ARM.Collect$$$$0000000F  mc_w.l(entry10a.o)
    0x00000298   0x00000298   0x00000000   Code   RO         1762    .ARM.Collect$$$$00000011  mc_w.l(entry11a.o)
    0x00000298   0x00000298   0x00000004   Code   RO         1751    .ARM.Collect$$$$00002712  mc_w.l(entry2.o)
    0x0000029c   0x0000029c   0x00000006   Code   RO           90    .emb_text           lcd.o
    0x000002a2   0x000002a2   0x00000002   PAD
    0x000002a4   0x000002a4   0x00000054   Code   RO          573    .text               osasm.o
    0x000002f8   0x000002f8   0x0000001c   Code   RO          606    .text               startup.o
    0x00000314   0x00000314   0x00000024   Code   RO         1786    .text               mc_w.l(init.o)
    0x00000338   0x00000338   0x0000003a   Code   RO         1806    .text               mc_w.l(__dczerorl.o)
    0x00000372   0x00000372   0x00000002   PAD
    0x00000374   0x00000374   0x00000038   Code   RO         1009    i.BGMtone           buzzer.o
    0x000003ac   0x000003ac   0x00000016   Code   RO           91    i.BSP_Delay1ms      lcd.o
    0x000003c2   0x000003c2   0x00000002   PAD
    0x000003c4   0x000003c4   0x00000130   Code   RO           64    i.BSP_Joystick_Init  joystick.o
    0x000004f4   0x000004f4   0x00000038   Code   RO           65    i.BSP_Joystick_Input  joystick.o
    0x0000052c   0x0000052c   0x00000120   Code   RO           93    i.BSP_LCD_DrawBitmap  lcd.o
    0x0000064c   0x0000064c   0x00000110   Code   RO           94    i.BSP_LCD_DrawChar  lcd.o
    0x0000075c   0x0000075c   0x000000f8   Code   RO           95    i.BSP_LCD_DrawCharS  lcd.o
    0x00000854   0x00000854   0x00000026   Code   RO           96    i.BSP_LCD_DrawCrosshair  lcd.o
    0x0000087a   0x0000087a   0x00000002   PAD
    0x0000087c   0x0000087c   0x0000007c   Code   RO           97    i.BSP_LCD_DrawFastHLine  lcd.o
    0x000008f8   0x000008f8   0x0000007c   Code   RO           98    i.BSP_LCD_DrawFastVLine  lcd.o
    0x00000974   0x00000974   0x00000048   Code   RO           99    i.BSP_LCD_DrawPixel  lcd.o
    0x000009bc   0x000009bc   0x00000054   Code   RO          100    i.BSP_LCD_DrawString  lcd.o
    0x00000a10   0x00000a10   0x00000054   Code   RO          101    i.BSP_LCD_DrawStringHighlight  lcd.o
    0x00000a64   0x00000a64   0x000000ac   Code   RO          103    i.BSP_LCD_FillRect  lcd.o
    0x00000b10   0x00000b10   0x00000024   Code   RO          104    i.BSP_LCD_FillScreen  lcd.o
    0x00000b34   0x00000b34   0x0000000a   Code   RO          105    i.BSP_LCD_Init      lcd.o
    0x00000b3e   0x00000b3e   0x00000046   Code   RO          106    i.BSP_LCD_Message   lcd.o
    0x00000b84   0x00000b84   0x00000046   Code   RO          107    i.BSP_LCD_MessageUDec3  lcd.o
    0x00000bca   0x00000bca   0x00000002   PAD
    0x00000bcc   0x00000bcc   0x00000088   Code   RO          109    i.BSP_LCD_OutUDec3  lcd.o
    0x00000c54   0x00000c54   0x00000088   Code   RO          110    i.BSP_LCD_OutUDec4  lcd.o
    0x00000cdc   0x00000cdc   0x0000001c   Code   RO          114    i.BSP_LCD_OutputInit  lcd.o
    0x00000cf8   0x00000cf8   0x00000020   Code   RO          117    i.BSP_LCD_SetCursor  lcd.o
    0x00000d18   0x00000d18   0x00000058   Code   RO         1193    i.BitmapSetPixel    screen.o
    0x00000d70   0x00000d70   0x00000138   Code   RO         1194    i.Bitmap_DrawBitmap  screen.o
    0x00000ea8   0x00000ea8   0x0000017c   Code   RO         1195    i.Bitmap_DrawBitmapTP  screen.o
    0x00001024   0x00001024   0x0000004e   Code   RO         1196    i.Bitmap_DrawBox    screen.o
    0x00001072   0x00001072   0x00000002   PAD
    0x00001074   0x00001074   0x000000a4   Code   RO         1197    i.Bitmap_DrawCharS  screen.o
    0x00001118   0x00001118   0x000000e0   Code   RO         1198    i.Bitmap_DrawCharS_Background  screen.o
    0x000011f8   0x000011f8   0x00000082   Code   RO         1199    i.Bitmap_DrawCrosshair  screen.o
    0x0000127a   0x0000127a   0x0000001c   Code   RO         1200    i.Bitmap_DrawHLine  screen.o
    0x00001296   0x00001296   0x00000050   Code   RO         1201    i.Bitmap_DrawString  screen.o
    0x000012e6   0x000012e6   0x00000054   Code   RO         1202    i.Bitmap_DrawStringHighlight  screen.o
    0x0000133a   0x0000133a   0x0000001a   Code   RO         1204    i.Bitmap_DrawVLine  screen.o
    0x00001354   0x00001354   0x0000012c   Code   RO         1205    i.Bitmap_FillRect   screen.o
    0x00001480   0x00001480   0x00000016   Code   RO         1206    i.Bitmap_FillScreen  screen.o
    0x00001496   0x00001496   0x00000046   Code   RO         1207    i.Bitmap_MessageUDec3  screen.o
    0x000014dc   0x000014dc   0x00000046   Code   RO         1208    i.Bitmap_MessageUDec4  screen.o
    0x00001522   0x00001522   0x00000002   PAD
    0x00001524   0x00001524   0x00000084   Code   RO         1210    i.Bitmap_OutUDec3   screen.o
    0x000015a8   0x000015a8   0x00000084   Code   RO         1211    i.Bitmap_OutUDec4   screen.o
    0x0000162c   0x0000162c   0x00000020   Code   RO         1215    i.Bitmap_SetCursor  screen.o
    0x0000164c   0x0000164c   0x00000048   Code   RO         1216    i.Bitmap_fillmessage  screen.o
    0x00001694   0x00001694   0x0000004c   Code   RO         1219    i.Bitmap_fillmessage3  screen.o
    0x000016e0   0x000016e0   0x00000064   Code   RO         1220    i.Bitmap_fillmessage4  screen.o
    0x00001744   0x00001744   0x00000018   Code   RO         1222    i.Bitmap_init       screen.o
    0x0000175c   0x0000175c   0x000000e0   Code   RO          343    i.ButtonOneInit     os.o
    0x0000183c   0x0000183c   0x000000f0   Code   RO          344    i.ButtonTwoInit     os.o
    0x0000192c   0x0000192c   0x00000040   Code   RO         1010    i.Buzzer_Init       buzzer.o
    0x0000196c   0x0000196c   0x0000001a   Code   RO          911    i.ChangeDirection   cube.o
    0x00001986   0x00001986   0x00000002   PAD
    0x00001988   0x00001988   0x00000198   Code   RO         1120    i.Consumer          pages.o
    0x00001b20   0x00001b20   0x00000044   Code   RO         1385    i.CrossHair_Init    main.o
    0x00001b64   0x00001b64   0x00000050   Code   RO         1386    i.CubeNumCalc       main.o
    0x00001bb4   0x00001bb4   0x0000026c   Code   RO          912    i.CubeThread        cube.o
    0x00001e20   0x00001e20   0x00000020   Code   RO          913    i.Cube_Dec          cube.o
    0x00001e40   0x00001e40   0x00000070   Code   RO          914    i.Cube_Generate     cube.o
    0x00001eb0   0x00001eb0   0x00000020   Code   RO          915    i.Cube_Inc          cube.o
    0x00001ed0   0x00001ed0   0x0000004c   Code   RO          916    i.Cube_Init         cube.o
    0x00001f1c   0x00001f1c   0x00000144   Code   RO          917    i.Cube_SetCubeNext  cube.o
    0x00002060   0x00002060   0x000000c8   Code   RO          918    i.Cube_hit_cube     cube.o
    0x00002128   0x00002128   0x00000038   Code   RO          345    i.DebouncePD6       os.o
    0x00002160   0x00002160   0x00000038   Code   RO          346    i.DebouncePD7       os.o
    0x00002198   0x00002198   0x00000028   Code   RO         1609    i.DecreaseLife      scorelife.o
    0x000021c0   0x000021c0   0x00000010   Code   RO         1387    i.Device_Init       main.o
    0x000021d0   0x000021d0   0x00000020   Code   RO         1654    i.DispStackRst      screenstack.o
    0x000021f0   0x000021f0   0x0000000c   Code   RO         1655    i.DispStackSize     screenstack.o
    0x000021fc   0x000021fc   0x00000048   Code   RO         1656    i.DispStack_Get     screenstack.o
    0x00002244   0x00002244   0x0000007c   Code   RO         1388    i.Display           main.o
    0x000022c0   0x000022c0   0x00000144   Code   RO         1492    i.DisplayThread     display.o
    0x00002404   0x00002404   0x000000e0   Code   RO         1121    i.EndPage           pages.o
    0x000024e4   0x000024e4   0x0000010c   Code   RO         1508    i.EntityInit        pvzgame.o
    0x000025f0   0x000025f0   0x00000048   Code   RO         1011    i.EventSound        buzzer.o
    0x00002638   0x00002638   0x00000084   Code   RO          347    i.GPIOPortD_Handler  os.o
    0x000026bc   0x000026bc   0x0000000c   Code   RO         1610    i.GetLife           scorelife.o
    0x000026c8   0x000026c8   0x0000000c   Code   RO         1611    i.GetScore          scorelife.o
    0x000026d4   0x000026d4   0x00000048   Code   RO         1013    i.HitSound          buzzer.o
    0x0000271c   0x0000271c   0x000004a0   Code   RO         1014    i.ImperialMarchTune  buzzer.o
    0x00002bbc   0x00002bbc   0x00000020   Code   RO         1612    i.IncreaseScore     scorelife.o
    0x00002bdc   0x00002bdc   0x0000008c   Code   RO          348    i.InitTimer1A       os.o
    0x00002c68   0x00002c68   0x0000008c   Code   RO          349    i.InitTimer2A       os.o
    0x00002cf4   0x00002cf4   0x00000088   Code   RO          350    i.InitTimer3A       os.o
    0x00002d7c   0x00002d7c   0x0000008c   Code   RO          351    i.InitTimer4A       os.o
    0x00002e08   0x00002e08   0x00000040   Code   RO            4    i.JsFifo_Get        fifo.o
    0x00002e48   0x00002e48   0x00000034   Code   RO            5    i.JsFifo_Init       fifo.o
    0x00002e7c   0x00002e7c   0x00000050   Code   RO            6    i.JsFifo_Put        fifo.o
    0x00002ecc   0x00002ecc   0x0000003c   Code   RO         1613    i.LCD_DisplayScoreLife  scorelife.o
    0x00002f08   0x00002f08   0x00000430   Code   RO         1122    i.Menu              pages.o
    0x00003338   0x00003338   0x00000040   Code   RO         1083    i.NumFifo_Get       numfifo.o
    0x00003378   0x00003378   0x00000050   Code   RO         1085    i.NumFifo_Put       numfifo.o
    0x000033c8   0x000033c8   0x0000005c   Code   RO          352    i.OS_AddPeriodicThread  os.o
    0x00003424   0x00003424   0x00000018   Code   RO          353    i.OS_AddSW1Task     os.o
    0x0000343c   0x0000343c   0x00000018   Code   RO          354    i.OS_AddSW2Task     os.o
    0x00003454   0x00003454   0x00000158   Code   RO          355    i.OS_AddThread      os.o
    0x000035ac   0x000035ac   0x0000000c   Code   RO          356    i.OS_ClearMsTime    os.o
    0x000035b8   0x000035b8   0x0000000c   Code   RO          357    i.OS_Id             os.o
    0x000035c4   0x000035c4   0x0000005c   Code   RO          358    i.OS_Init           os.o
    0x00003620   0x00003620   0x00000012   Code   RO          359    i.OS_InitSemaphore  os.o
    0x00003632   0x00003632   0x00000002   PAD
    0x00003634   0x00003634   0x0000007c   Code   RO          360    i.OS_Kill           os.o
    0x000036b0   0x000036b0   0x00000016   Code   RO          361    i.OS_Launch         os.o
    0x000036c6   0x000036c6   0x00000002   PAD
    0x000036c8   0x000036c8   0x0000000c   Code   RO          362    i.OS_MsTime         os.o
    0x000036d4   0x000036d4   0x00000034   Code   RO          363    i.OS_Signal         os.o
    0x00003708   0x00003708   0x00000014   Code   RO          365    i.OS_Sleep          os.o
    0x0000371c   0x0000371c   0x00000018   Code   RO          366    i.OS_Suspend        os.o
    0x00003734   0x00003734   0x00000010   Code   RO          367    i.OS_Time           os.o
    0x00003744   0x00003744   0x00000030   Code   RO          369    i.OS_Wait           os.o
    0x00003774   0x00003774   0x00000040   Code   RO          370    i.OS_WaitC          os.o
    0x000037b4   0x000037b4   0x0000003c   Code   RO          371    i.OS_bSignal        os.o
    0x000037f0   0x000037f0   0x00000030   Code   RO          372    i.OS_bWait          os.o
    0x00003820   0x00003820   0x0000007c   Code   RO          576    i.PLL_Init          pll.o
    0x0000389c   0x0000389c   0x0000062c   Code   RO         1123    i.PVZPage           pages.o
    0x00003ec8   0x00003ec8   0x0000005e   Code   RO         1015    i.PVZ_GameOver      buzzer.o
    0x00003f26   0x00003f26   0x00000002   PAD
    0x00003f28   0x00003f28   0x000000bc   Code   RO         1509    i.PVZ_map_Init      pvzgame.o
    0x00003fe4   0x00003fe4   0x000000c4   Code   RO          804    i.PWM6C_Init        pwm.o
    0x000040a8   0x000040a8   0x00000014   Code   RO          808    i.PWM6F_Disable     pwm.o
    0x000040bc   0x000040bc   0x00000014   Code   RO          810    i.PWM6F_Enable      pwm.o
    0x000040d0   0x000040d0   0x000000c4   Code   RO          811    i.PWM6F_Init        pwm.o
    0x00004194   0x00004194   0x00000018   Code   RO          813    i.PWM6F_Set         pwm.o
    0x000041ac   0x000041ac   0x00000134   Code   RO         1510    i.PeriodicMove      pvzgame.o
    0x000042e0   0x000042e0   0x00000010   Code   RO         1390    i.PeriodicUpdater   main.o
    0x000042f0   0x000042f0   0x000000e4   Code   RO         1391    i.Producer          main.o
    0x000043d4   0x000043d4   0x0000004c   Code   RO          988    i.RNG_Generate      randomnumbergenerator.o
    0x00004420   0x00004420   0x00000030   Code   RO          989    i.RNG_Init          randomnumbergenerator.o
    0x00004450   0x00004450   0x00000148   Code   RO         1657    i.Request_StackOut  screenstack.o
    0x00004598   0x00004598   0x000000c8   Code   RO         1658    i.Request_StackPut  screenstack.o
    0x00004660   0x00004660   0x00000154   Code   RO         1392    i.Restart           main.o
    0x000047b4   0x000047b4   0x00000034   Code   RO          698    i.Rx_UARTFifo_Init  uart_fifo.o
    0x000047e8   0x000047e8   0x00000044   Code   RO          699    i.Rx_UARTFifo_Put   uart_fifo.o
    0x0000482c   0x0000482c   0x00000034   Code   RO          700    i.Rx_UARTFifo_Size  uart_fifo.o
    0x00004860   0x00004860   0x00000074   Code   RO          119    i.ST7735_InitR      lcd.o
    0x000048d4   0x000048d4   0x00000020   Code   RO         1393    i.SW1Push           main.o
    0x000048f4   0x000048f4   0x0000038c   Code   RO         1124    i.SW1_PageFunc      pages.o
    0x00004c80   0x00004c80   0x00000040   Code   RO         1394    i.SW2Push           main.o
    0x00004cc0   0x00004cc0   0x0000006c   Code   RO          373    i.Scheduler         os.o
    0x00004d2c   0x00004d2c   0x00000014   Code   RO         1614    i.ScoreLife_Init    scorelife.o
    0x00004d40   0x00004d40   0x0000005c   Code   RO         1659    i.ScreenStack_Init  screenstack.o
    0x00004d9c   0x00004d9c   0x00000044   Code   RO         1660    i.Search_instance   screenstack.o
    0x00004de0   0x00004de0   0x00000154   Code   RO          374    i.SetInitialStack   os.o
    0x00004f34   0x00004f34   0x0000040c   Code   RO         1125    i.SettingPage       pages.o
    0x00005340   0x00005340   0x000000e8   Code   RO         1512    i.Shooter_Init      pvzgame.o
    0x00005428   0x00005428   0x00000304   Code   RO         1126    i.StartPage         pages.o
    0x0000572c   0x0000572c   0x00000068   Code   RO         1513    i.SunGenerate       pvzgame.o
    0x00005794   0x00005794   0x0000008c   Code   RO         1514    i.Sunflower_Init    pvzgame.o
    0x00005820   0x00005820   0x00000018   Code   RO          375    i.Timer1A_Handler   os.o
    0x00005838   0x00005838   0x000000c8   Code   RO          376    i.Timer2A_Handler   os.o
    0x00005900   0x00005900   0x0000000c   Code   RO          377    i.Timer3A_Handler   os.o
    0x0000590c   0x0000590c   0x00000024   Code   RO          378    i.Timer4A_Handler   os.o
    0x00005930   0x00005930   0x00000048   Code   RO          701    i.Tx_UARTFifo_Get   uart_fifo.o
    0x00005978   0x00005978   0x00000030   Code   RO          702    i.Tx_UARTFifo_Init  uart_fifo.o
    0x000059a8   0x000059a8   0x00000048   Code   RO          703    i.Tx_UARTFifo_Put   uart_fifo.o
    0x000059f0   0x000059f0   0x00000018   Code   RO          704    i.Tx_UARTFifo_Size  uart_fifo.o
    0x00005a08   0x00005a08   0x00000058   Code   RO          613    i.UART0_Handler     uart.o
    0x00005a60   0x00005a60   0x000000c4   Code   RO          618    i.UART_Init         uart.o
    0x00005b24   0x00005b24   0x00000034   Code   RO          619    i.UART_OutChar      uart.o
    0x00005b58   0x00005b58   0x0000002a   Code   RO          621    i.UART_OutUDec      uart.o
    0x00005b82   0x00005b82   0x00000002   PAD
    0x00005b84   0x00005b84   0x000000c4   Code   RO         1395    i.UpdateInput       main.o
    0x00005c48   0x00005c48   0x000000d8   Code   RO         1396    i.UpdatePosition    main.o
    0x00005d20   0x00005d20   0x00000078   Code   RO         1515    i.ZB_Generate       pvzgame.o
    0x00005d98   0x00005d98   0x0000006c   Code   RO         1516    i.ZB_Init           pvzgame.o
    0x00005e04   0x00005e04   0x000000e8   Code   RO         1517    i.Zomb_eat_plant    pvzgame.o
    0x00005eec   0x00005eec   0x00000080   Code   RO         1518    i.Zomb_move         pvzgame.o
    0x00005f6c   0x00005f6c   0x0000000e   Code   RO         1800    i.__scatterload_copy  mc_w.l(handlers.o)
    0x00005f7a   0x00005f7a   0x00000002   Code   RO         1801    i.__scatterload_null  mc_w.l(handlers.o)
    0x00005f7c   0x00005f7c   0x0000000e   Code   RO         1802    i.__scatterload_zeroinit  mc_w.l(handlers.o)
    0x00005f8a   0x00005f8a   0x00000002   PAD
    0x00005f8c   0x00005f8c   0x0000027c   Code   RO         1223    i.act_FuncInStack   screen.o
    0x00006208   0x00006208   0x0000004c   Code   RO           66    i.adcinit           joystick.o
    0x00006254   0x00006254   0x000000f8   Code   RO         1519    i.bullet_hit_detection  pvzgame.o
    0x0000634c   0x0000634c   0x00000030   Code   RO         1520    i.bullet_move       pvzgame.o
    0x0000637c   0x0000637c   0x00000056   Code   RO          120    i.commandList       lcd.o
    0x000063d2   0x000063d2   0x00000002   PAD
    0x000063d4   0x000063d4   0x00000204   Code   RO          121    i.commonInit        lcd.o
    0x000065d8   0x000065d8   0x00000028   Code   RO          623    i.copyHardwareToSoftware  uart.o
    0x00006600   0x00006600   0x0000002c   Code   RO          624    i.copySoftwareToHardware  uart.o
    0x0000662c   0x0000662c   0x00000048   Code   RO          122    i.fillmessage       lcd.o
    0x00006674   0x00006674   0x0000004c   Code   RO          125    i.fillmessage3      lcd.o
    0x000066c0   0x000066c0   0x00000064   Code   RO          126    i.fillmessage4      lcd.o
    0x00006724   0x00006724   0x00000118   Code   RO         1397    i.main              main.o
    0x0000683c   0x0000683c   0x00000012   Code   RO          128    i.pushColor         lcd.o
    0x0000684e   0x0000684e   0x00000002   PAD
    0x00006850   0x00006850   0x00000074   Code   RO          129    i.setAddrWindow     lcd.o
    0x000068c4   0x000068c4   0x0000001c   Code   RO         1522    i.soil_Init         pvzgame.o
    0x000068e0   0x000068e0   0x000000a0   Code   RO         1017    i.tone              buzzer.o
    0x00006980   0x00006980   0x00000026   Code   RO         1018    i.toneblank         buzzer.o
    0x000069a6   0x000069a6   0x00000002   PAD
    0x000069a8   0x000069a8   0x00000048   Code   RO          130    i.writecommand      lcd.o
    0x000069f0   0x000069f0   0x00000048   Code   RO          131    i.writedata         lcd.o
    0x00006a38   0x00006a38   0x0000057b   Data   RO          133    .constdata          lcd.o
    0x00006fb3   0x00006fb3   0x00007540   Data   RO         1128    .constdata          pages.o
    0x0000e4f3   0x0000e4f3   0x000004fb   Data   RO         1225    .constdata          screen.o
    0x0000e9ee   0x0000e9ee   0x00000002   PAD
    0x0000e9f0   0x0000e9f0   0x00000020   Data   RO         1798    Region$$Table       anon$$obj.o


    Execution Region ER_RW (Exec base: 0x20000000, Load base: 0x0000ea10, Size: 0x00000180, Max: 0xffffffff, ABSOLUTE, COMPRESSED[0x00000018])

    Exec Addr    Load Addr    Size         Type   Attr      Idx    E Section Name        Object

    0x20000000   COMPRESSED   0x00000018   Data   RW            9    .data               fifo.o
    0x20000018   COMPRESSED   0x0000002c   Data   RW          134    .data               lcd.o
    0x20000044   COMPRESSED   0x0000002a   Data   RW          380    .data               os.o
    0x2000006e   COMPRESSED   0x00000002   PAD
    0x20000070   COMPRESSED   0x00000018   Data   RW          706    .data               uart_fifo.o
    0x20000088   COMPRESSED   0x00000008   Data   RW          920    .data               cube.o
    0x20000090   COMPRESSED   0x0000000c   Data   RW          990    .data               randomnumbergenerator.o
    0x2000009c   COMPRESSED   0x00000009   Data   RW         1019    .data               buzzer.o
    0x200000a5   COMPRESSED   0x00000003   PAD
    0x200000a8   COMPRESSED   0x0000000c   Data   RW         1088    .data               numfifo.o
    0x200000b4   COMPRESSED   0x00000040   Data   RW         1129    .data               pages.o
    0x200000f4   COMPRESSED   0x00000014   Data   RW         1226    .data               screen.o
    0x20000108   COMPRESSED   0x00000036   Data   RW         1400    .data               main.o
    0x2000013e   COMPRESSED   0x00000001   Data   RW         1493    .data               display.o
    0x2000013f   COMPRESSED   0x00000001   PAD
    0x20000140   COMPRESSED   0x00000010   Data   RW         1524    .data               pvzgame.o
    0x20000150   COMPRESSED   0x00000004   Data   RW         1615    .data               scorelife.o
    0x20000154   COMPRESSED   0x0000002c   Data   RW         1662    .data               screenstack.o


    Execution Region ER_ZI (Exec base: 0x20000180, Load base: 0x0000ea28, Size: 0x000075f0, Max: 0xffffffff, ABSOLUTE)

    Exec Addr    Load Addr    Size         Type   Attr      Idx    E Section Name        Object

    0x20000180        -       0x00000080   Zero   RW            8    .bss                fifo.o
    0x20000200        -       0x0000000c   Zero   RW          132    .bss                lcd.o
    0x2000020c        -       0x00002300   Zero   RW          379    .bss                os.o
    0x2000250c        -       0x0000001a   Zero   RW          705    .bss                uart_fifo.o
    0x20002526   0x0000ea28   0x00000002   PAD
    0x20002528        -       0x00000120   Zero   RW          919    .bss                cube.o
    0x20002648        -       0x00000040   Zero   RW         1087    .bss                numfifo.o
    0x20002688        -       0x00000510   Zero   RW         1127    .bss                pages.o
    0x20002b98        -       0x0000400c   Zero   RW         1224    .bss                screen.o
    0x20006ba4        -       0x00000130   Zero   RW         1398    .bss                main.o
    0x20006cd4        -       0x0000021c   Zero   RW         1523    .bss                pvzgame.o
    0x20006ef0        -       0x00000480   Zero   RW         1661    .bss                screenstack.o
    0x20007370        -       0x00000400   Zero   RW          603    STACK               startup.o


==============================================================================

Image component sizes


      Code (inc. data)   RO Data    RW Data    ZI Data      Debug   Object Name

      1740         52          0          9          0       5028   buzzer.o
      1422         88          0          8        288       8687   cube.o
       324         32          0          1          0       1030   display.o
       196         48          0         24        128       8674   fifo.o
       436         62          0          0          0       2045   joystick.o
      3296        278       1403         44         12      21703   lcd.o
      1660        338          0         54        304      10543   main.o
       144         30          0         12         64       2329   numfifo.o
      3092        362          0         42       8960      19517   os.o
        84          6          0          0          0        272   osasm.o
      6000       1044      30016         64       1296      13818   pages.o
       124          4          0          0          0        479   pll.o
      2152        174          0         16        540       9669   pvzgame.o
       456         80          0          0          0       2445   pwm.o
       124         30          0         12          0       1253   randomnumbergenerator.o
       176         50          0          4          0       3457   scorelife.o
      3260        246       1275         20      16396      18248   screen.o
       804        152          0         44       1152       5527   screenstack.o
       672        622          0          0       1024       1004   startup.o
       462         48          0          0          0       3230   uart.o
       388        102          0         24         26       4839   uart_fifo.o

    ----------------------------------------------------------------------
     27040       3848      32728        384      30192     143797   Object Totals
         0          0         32          0          0          0   (incl. Generated)
        28          0          2          6          2          0   (incl. Padding)

    ----------------------------------------------------------------------

      Code (inc. data)   RO Data    RW Data    ZI Data      Debug   Library Member Name

        58          0          0          0          0          0   __dczerorl.o
         0          0          0          0          0          0   entry.o
         0          0          0          0          0          0   entry10a.o
         0          0          0          0          0          0   entry11a.o
         4          0          0          0          0          0   entry12b.o
         8          4          0          0          0          0   entry2.o
         4          0          0          0          0          0   entry5.o
         0          0          0          0          0          0   entry7b.o
         0          0          0          0          0          0   entry8b.o
         8          4          0          0          0          0   entry9a.o
        30          0          0          0          0          0   handlers.o
        36          8          0          0          0         68   init.o

    ----------------------------------------------------------------------
       152         16          0          0          0         68   Library Totals
         4          0          0          0          0          0   (incl. Padding)

    ----------------------------------------------------------------------

      Code (inc. data)   RO Data    RW Data    ZI Data      Debug   Library Name

       148         16          0          0          0         68   mc_w.l

    ----------------------------------------------------------------------
       152         16          0          0          0         68   Library Totals

    ----------------------------------------------------------------------

==============================================================================


      Code (inc. data)   RO Data    RW Data    ZI Data      Debug   

     27192       3864      32728        384      30192     135049   Grand Totals
     27192       3864      32728         24      30192     135049   ELF Image Totals (compressed)
     27192       3864      32728         24          0          0   ROM Totals

==============================================================================

    Total RO  Size (Code + RO Data)                59920 (  58.52kB)
    Total RW  Size (RW Data + ZI Data)             30576 (  29.86kB)
    Total ROM Size (Code + RO Data + RW Data)      59944 (  58.54kB)

==============================================================================

