Component: ARM Compiler 5.06 update 7 (build 960) Tool: armlink [4d3601]

==============================================================================

Section Cross References

    fifo.o(i.CursorFifo_Get) refers to os.o(i.OS_Wait) for OS_Wait
    fifo.o(i.CursorFifo_Get) refers to fifo.o(.data) for CursorFifoAvailable
    fifo.o(i.CursorFifo_Get) refers to fifo.o(.bss) for CursorFifo
    fifo.o(i.CursorFifo_Init) refers to startup.o(.text) for StartCritical
    fifo.o(i.CursorFifo_Init) refers to os.o(i.OS_InitSemaphore) for OS_InitSemaphore
    fifo.o(i.CursorFifo_Init) refers to fifo.o(.data) for CursorFifoAvailable
    fifo.o(i.CursorFifo_Init) refers to fifo.o(.bss) for CursorFifo
    fifo.o(i.CursorFifo_Put) refers to os.o(i.OS_Signal) for OS_Signal
    fifo.o(i.CursorFifo_Put) refers to fifo.o(.data) for CursorPutPt
    fifo.o(i.CursorFifo_Put) refers to fifo.o(.bss) for CursorFifo
    fifo.o(i.JsFifo_Get) refers to os.o(i.OS_Wait) for OS_Wait
    fifo.o(i.JsFifo_Get) refers to fifo.o(.data) for JsFifoAvailable
    fifo.o(i.JsFifo_Get) refers to fifo.o(.bss) for JsFifo
    fifo.o(i.JsFifo_Init) refers to startup.o(.text) for StartCritical
    fifo.o(i.JsFifo_Init) refers to os.o(i.OS_InitSemaphore) for OS_InitSemaphore
    fifo.o(i.JsFifo_Init) refers to fifo.o(.data) for JsFifoAvailable
    fifo.o(i.JsFifo_Init) refers to fifo.o(.bss) for JsFifo
    fifo.o(i.JsFifo_Put) refers to os.o(i.OS_Signal) for OS_Signal
    fifo.o(i.JsFifo_Put) refers to fifo.o(.data) for JsPutPt
    fifo.o(i.JsFifo_Put) refers to fifo.o(.bss) for JsFifo
    fifo.o(i.JsFifo_Size) refers to fifo.o(.data) for JsPutPt
    joystick.o(i.BSP_Joystick_Init) refers to joystick.o(i.adcinit) for adcinit
    lcd.o(i.BSP_Delay1ms) refers to lcd.o(.emb_text) for parrotdelay
    lcd.o(i.BSP_LCD_DrawBitmap) refers to lcd.o(i.setAddrWindow) for setAddrWindow
    lcd.o(i.BSP_LCD_DrawBitmap) refers to lcd.o(i.writedata) for writedata
    lcd.o(i.BSP_LCD_DrawBitmap) refers to lcd.o(.data) for _width
    lcd.o(i.BSP_LCD_DrawChar) refers to lcd.o(i.setAddrWindow) for setAddrWindow
    lcd.o(i.BSP_LCD_DrawChar) refers to lcd.o(i.pushColor) for pushColor
    lcd.o(i.BSP_LCD_DrawChar) refers to lcd.o(.data) for _width
    lcd.o(i.BSP_LCD_DrawChar) refers to lcd.o(.constdata) for Font
    lcd.o(i.BSP_LCD_DrawCharS) refers to lcd.o(i.BSP_LCD_DrawPixel) for BSP_LCD_DrawPixel
    lcd.o(i.BSP_LCD_DrawCharS) refers to lcd.o(i.BSP_LCD_FillRect) for BSP_LCD_FillRect
    lcd.o(i.BSP_LCD_DrawCharS) refers to lcd.o(.data) for _width
    lcd.o(i.BSP_LCD_DrawCharS) refers to lcd.o(.constdata) for Font
    lcd.o(i.BSP_LCD_DrawCrosshair) refers to lcd.o(i.BSP_LCD_DrawFastVLine) for BSP_LCD_DrawFastVLine
    lcd.o(i.BSP_LCD_DrawCrosshair) refers to lcd.o(i.BSP_LCD_DrawFastHLine) for BSP_LCD_DrawFastHLine
    lcd.o(i.BSP_LCD_DrawFastHLine) refers to lcd.o(i.setAddrWindow) for setAddrWindow
    lcd.o(i.BSP_LCD_DrawFastHLine) refers to lcd.o(i.writedata) for writedata
    lcd.o(i.BSP_LCD_DrawFastHLine) refers to lcd.o(.data) for _width
    lcd.o(i.BSP_LCD_DrawFastVLine) refers to lcd.o(i.setAddrWindow) for setAddrWindow
    lcd.o(i.BSP_LCD_DrawFastVLine) refers to lcd.o(i.writedata) for writedata
    lcd.o(i.BSP_LCD_DrawFastVLine) refers to lcd.o(.data) for _width
    lcd.o(i.BSP_LCD_DrawPixel) refers to lcd.o(i.setAddrWindow) for setAddrWindow
    lcd.o(i.BSP_LCD_DrawPixel) refers to lcd.o(i.pushColor) for pushColor
    lcd.o(i.BSP_LCD_DrawPixel) refers to lcd.o(.data) for _width
    lcd.o(i.BSP_LCD_DrawString) refers to lcd.o(i.BSP_LCD_DrawChar) for BSP_LCD_DrawChar
    lcd.o(i.BSP_LCD_DrawStringHighlight) refers to lcd.o(i.BSP_LCD_DrawChar) for BSP_LCD_DrawChar
    lcd.o(i.BSP_LCD_Drawaxes) refers to lcd.o(i.BSP_LCD_FillRect) for BSP_LCD_FillRect
    lcd.o(i.BSP_LCD_Drawaxes) refers to lcd.o(i.BSP_LCD_DrawFastHLine) for BSP_LCD_DrawFastHLine
    lcd.o(i.BSP_LCD_Drawaxes) refers to lcd.o(i.BSP_LCD_DrawFastVLine) for BSP_LCD_DrawFastVLine
    lcd.o(i.BSP_LCD_Drawaxes) refers to lcd.o(i.BSP_LCD_DrawPixel) for BSP_LCD_DrawPixel
    lcd.o(i.BSP_LCD_Drawaxes) refers to lcd.o(i.BSP_LCD_DrawChar) for BSP_LCD_DrawChar
    lcd.o(i.BSP_LCD_Drawaxes) refers to lcd.o(.data) for Ymax
    lcd.o(i.BSP_LCD_FillRect) refers to lcd.o(i.setAddrWindow) for setAddrWindow
    lcd.o(i.BSP_LCD_FillRect) refers to lcd.o(i.writedata) for writedata
    lcd.o(i.BSP_LCD_FillRect) refers to lcd.o(.data) for _width
    lcd.o(i.BSP_LCD_FillScreen) refers to lcd.o(i.BSP_LCD_FillRect) for BSP_LCD_FillRect
    lcd.o(i.BSP_LCD_FillScreen) refers to lcd.o(.data) for _height
    lcd.o(i.BSP_LCD_Init) refers to lcd.o(i.ST7735_InitR) for ST7735_InitR
    lcd.o(i.BSP_LCD_Message) refers to lcd.o(i.BSP_LCD_DrawString) for BSP_LCD_DrawString
    lcd.o(i.BSP_LCD_Message) refers to lcd.o(i.BSP_LCD_SetCursor) for BSP_LCD_SetCursor
    lcd.o(i.BSP_LCD_Message) refers to lcd.o(i.BSP_LCD_OutUDec4) for BSP_LCD_OutUDec4
[...]
    cube.o(i.Cube_Generate) refers to os.o(i.OS_AddThread) for OS_AddThread
    cube.o(i.Cube_Generate) refers to os.o(i.OS_Kill) for OS_Kill
    cube.o(i.Cube_Generate) refers to cube.o(.data) for cubeCount
    cube.o(i.Cube_Generate) refers to cube.o(i.CubeThread) for CubeThread
    cube.o(i.Cube_Init) refers to os.o(i.OS_InitSemaphore) for OS_InitSemaphore
    cube.o(i.Cube_Init) refers to cube.o(.data) for cubeCount
    cube.o(i.Cube_Init) refers to cube.o(.bss) for GridArray
    cube.o(i.Cube_SetCubeNext) refers to cube.o(i.ChangeDirection) for ChangeDirection
    cube.o(i.Cube_SetCubeNext) refers to cube.o(.bss) for GridArray
    cube.o(i.Cube_hit_cube) refers to cube.o(.data) for cur_x
    cube.o(i.update_cursor) refers to fifo.o(i.CursorFifo_Get) for CursorFifo_Get
    cube.o(i.update_cursor) refers to uart.o(i.UART_OutChar) for UART_OutChar
    cube.o(i.update_cursor) refers to uart.o(i.UART_OutUDec) for UART_OutUDec
    cube.o(i.update_cursor) refers to cube.o(.data) for cur_x
    randomnumbergenerator.o(i.RNG_Generate) refers to randomnumbergenerator.o(.data) for W
    randomnumbergenerator.o(i.RNG_Init) refers to randomnumbergenerator.o(.data) for seed
    buzzer.o(i.Buzzer_Init) refers to os.o(i.OS_InitSemaphore) for OS_InitSemaphore
    buzzer.o(i.Buzzer_Init) refers to pwm.o(i.PWM6F_Init) for PWM6F_Init
    buzzer.o(i.Buzzer_Init) refers to pwm.o(i.PWM6C_Init) for PWM6C_Init
    buzzer.o(i.Buzzer_Init) refers to buzzer.o(.data) for BuzzerFree
    buzzer.o(i.EventSound) refers to os.o(i.OS_MsTime) for OS_MsTime
    buzzer.o(i.EventSound) refers to os.o(i.OS_bWait) for OS_bWait
    buzzer.o(i.EventSound) refers to pwm.o(i.PWM6F_Set) for PWM6F_Set
    buzzer.o(i.EventSound) refers to pwm.o(i.PWM6F_Enable) for PWM6F_Enable
    buzzer.o(i.EventSound) refers to os.o(i.OS_Sleep) for OS_Sleep
    buzzer.o(i.EventSound) refers to pwm.o(i.PWM6F_Disable) for PWM6F_Disable
    buzzer.o(i.EventSound) refers to os.o(i.OS_bSignal) for OS_bSignal
    buzzer.o(i.EventSound) refers to os.o(i.OS_Kill) for OS_Kill
    buzzer.o(i.EventSound) refers to buzzer.o(.data) for BuzzerFree
    buzzer.o(i.GameoverSound) refers to os.o(i.OS_MsTime) for OS_MsTime
    buzzer.o(i.GameoverSound) refers to os.o(i.OS_bWait) for OS_bWait
    buzzer.o(i.GameoverSound) refers to pwm.o(i.PWM6F_Set) for PWM6F_Set
    buzzer.o(i.GameoverSound) refers to pwm.o(i.PWM6F_Enable) for PWM6F_Enable
    buzzer.o(i.GameoverSound) refers to pwm.o(i.PWM6F_Period) for PWM6F_Period
    buzzer.o(i.GameoverSound) refers to os.o(i.OS_Sleep) for OS_Sleep
    buzzer.o(i.GameoverSound) refers to pwm.o(i.PWM6F_Disable) for PWM6F_Disable
    buzzer.o(i.GameoverSound) refers to os.o(i.OS_bSignal) for OS_bSignal
    buzzer.o(i.GameoverSound) refers to os.o(i.OS_Kill) for OS_Kill
    buzzer.o(i.GameoverSound) refers to buzzer.o(.data) for BuzzerFree
    buzzer.o(i.ImperialMarchTune) refers to buzzer.o(i.tone) for tone
    buzzer.o(i.ImperialMarchTune) refers to buzzer.o(i.toneblank) for toneblank
    buzzer.o(i.ImperialMarchTune) refers to buzzer.o(.data) for Volume
    buzzer.o(i.beep) refers to dflti.o(.text) for __aeabi_i2d
    buzzer.o(i.beep) refers to pow.o(i.pow) for pow
    buzzer.o(i.tone) refers to os.o(i.OS_MsTime) for OS_MsTime
    buzzer.o(i.tone) refers to os.o(i.OS_bWait) for OS_bWait
    buzzer.o(i.tone) refers to pwm.o(i.PWM6F_Set) for PWM6F_Set
    buzzer.o(i.tone) refers to pwm.o(i.PWM6F_Enable) for PWM6F_Enable
    buzzer.o(i.tone) refers to os.o(i.OS_Sleep) for OS_Sleep
    buzzer.o(i.tone) refers to pwm.o(i.PWM6F_Disable) for PWM6F_Disable
    buzzer.o(i.tone) refers to os.o(i.OS_bSignal) for OS_bSignal
    buzzer.o(i.tone) refers to buzzer.o(.data) for BuzzerFree
    buzzer.o(i.toneblank) refers to os.o(i.OS_MsTime) for OS_MsTime
    buzzer.o(i.toneblank) refers to os.o(i.OS_Sleep) for OS_Sleep
    numfifo.o(i.NumFifo_Get) refers to os.o(i.OS_Wait) for OS_Wait
    numfifo.o(i.NumFifo_Get) refers to numfifo.o(.data) for NumFifoAvailable
    numfifo.o(i.NumFifo_Get) refers to numfifo.o(.bss) for NumFifo
    numfifo.o(i.NumFifo_Init) refers to startup.o(.text) for StartCritical
    numfifo.o(i.NumFifo_Init) refers to os.o(i.OS_InitSemaphore) for OS_InitSemaphore
    numfifo.o(i.NumFifo_Init) refers to numfifo.o(.data) for NumFifoAvailable
    numfifo.o(i.NumFifo_Init) refers to numfifo.o(.bss) for NumFifo
    numfifo.o(i.NumFifo_Put) refers to os.o(i.OS_Signal) for OS_Signal
    numfifo.o(i.NumFifo_Put) refers to numfifo.o(.data) for NumPutPt
    numfifo.o(i.NumFifo_Put) refers to numfifo.o(.bss) for NumFifo
    numfifo.o(i.NumFifo_Size) refers to numfifo.o(.data) for NumPutPt
    pages.o(i.Consumer) refers to fifo.o(i.JsFifo_Get) for JsFifo_Get
    pages.o(i.Consumer) refers to os.o(i.OS_bWait) for OS_bWait
    pages.o(i.Consumer) refers to lcd.o(i.BSP_LCD_DrawCrosshair) for BSP_LCD_DrawCrosshair
    pages.o(i.Consumer) refers to lcd.o(i.BSP_LCD_Message) for BSP_LCD_Message
    pages.o(i.Consumer) refers to os.o(i.OS_bSignal) for OS_bSignal
    pages.o(i.Consumer) refers to os.o(i.OS_Kill) for OS_Kill
    pages.o(i.Consumer) refers to os.o(i.OS_Suspend) for OS_Suspend
    pages.o(i.Consumer) refers to os.o(i.OS_AddThread) for OS_AddThread
    pages.o(i.Consumer) refers to pages.o(.data) for PageState
    pages.o(i.Consumer) refers to lcd.o(.data) for LCDFree
    pages.o(i.Consumer) refers to pages.o(i.StartPage) for StartPage
    pages.o(i.Menu) refers to os.o(i.OS_bWait) for OS_bWait
    pages.o(i.Menu) refers to lcd.o(i.BSP_LCD_FillScreen) for BSP_LCD_FillScreen
    pages.o(i.Menu) refers to lcd.o(i.BSP_LCD_MessageUDec3) for BSP_LCD_MessageUDec3
    pages.o(i.Menu) refers to lcd.o(i.BSP_LCD_DrawStringHighlight) for BSP_LCD_DrawStringHighlight
    pages.o(i.Menu) refers to lcd.o(i.BSP_LCD_DrawString) for BSP_LCD_DrawString
    pages.o(i.Menu) refers to fifo.o(i.JsFifo_Get) for JsFifo_Get
    pages.o(i.Menu) refers to lcd.o(i.BSP_LCD_DrawCrosshair) for BSP_LCD_DrawCrosshair
    pages.o(i.Menu) refers to lcd.o(i.BSP_LCD_Message) for BSP_LCD_Message
    pages.o(i.Menu) refers to os.o(i.OS_bSignal) for OS_bSignal
    pages.o(i.Menu) refers to os.o(i.OS_Kill) for OS_Kill
    pages.o(i.Menu) refers to os.o(i.OS_Suspend) for OS_Suspend
    pages.o(i.Menu) refers to os.o(i.OS_AddThread) for OS_AddThread
    pages.o(i.Menu) refers to pages.o(.data) for PageState
    pages.o(i.Menu) refers to lcd.o(.data) for LCDFree
    pages.o(i.Menu) refers to pages.o(i.StartPage) for StartPage
    pages.o(i.SW1_PageFunc) refers to os.o(i.OS_AddThread) for OS_AddThread
    pages.o(i.SW1_PageFunc) refers to os.o(i.OS_ClearMsTime) for OS_ClearMsTime
    pages.o(i.SW1_PageFunc) refers to os.o(i.OS_bWait) for OS_bWait
    pages.o(i.SW1_PageFunc) refers to os.o(i.OS_bSignal) for OS_bSignal
    pages.o(i.SW1_PageFunc) refers to pages.o(.data) for PageState
    pages.o(i.SW1_PageFunc) refers to buzzer.o(i.EventSound) for EventSound
    pages.o(i.SW1_PageFunc) refers to pages.o(i.Menu) for Menu
    pages.o(i.SW1_PageFunc) refers to pages.o(i.SettingPage) for SettingPage
    pages.o(i.SW1_PageFunc) refers to pages.o(i.Consumer) for Consumer
    pages.o(i.SW1_PageFunc) refers to pages.o(i.StartPage) for StartPage
    pages.o(i.SW1_PageFunc) refers to buzzer.o(.data) for Volume
    pages.o(i.SettingPage) refers to os.o(i.OS_bWait) for OS_bWait
    pages.o(i.SettingPage) refers to lcd.o(i.BSP_LCD_FillScreen) for BSP_LCD_FillScreen
    pages.o(i.SettingPage) refers to lcd.o(i.BSP_LCD_MessageUDec3) for BSP_LCD_MessageUDec3
    pages.o(i.SettingPage) refers to lcd.o(i.BSP_LCD_DrawStringHighlight) for BSP_LCD_DrawStringHighlight
    pages.o(i.SettingPage) refers to lcd.o(i.BSP_LCD_DrawString) for BSP_LCD_DrawString
    pages.o(i.SettingPage) refers to fifo.o(i.JsFifo_Get) for JsFifo_Get
    pages.o(i.SettingPage) refers to lcd.o(i.BSP_LCD_DrawCrosshair) for BSP_LCD_DrawCrosshair
    pages.o(i.SettingPage) refers to lcd.o(i.BSP_LCD_Message) for BSP_LCD_Message
    pages.o(i.SettingPage) refers to numfifo.o(i.NumFifo_Get) for NumFifo_Get
    pages.o(i.SettingPage) refers to os.o(i.OS_bSignal) for OS_bSignal
    pages.o(i.SettingPage) refers to os.o(i.OS_Kill) for OS_Kill
    pages.o(i.SettingPage) refers to os.o(i.OS_Suspend) for OS_Suspend
    pages.o(i.SettingPage) refers to os.o(i.OS_AddThread) for OS_AddThread
    pages.o(i.SettingPage) refers to pages.o(.data) for PageState
    pages.o(i.SettingPage) refers to lcd.o(.data) for LCDFree
    pages.o(i.SettingPage) refers to pages.o(i.StartPage) for StartPage
    pages.o(i.StartPage) refers to os.o(i.OS_bWait) for OS_bWait
    pages.o(i.StartPage) refers to lcd.o(i.BSP_LCD_FillScreen) for BSP_LCD_FillScreen
    pages.o(i.StartPage) refers to lcd.o(i.BSP_LCD_DrawBitmap) for BSP_LCD_DrawBitmap
    pages.o(i.StartPage) refers to lcd.o(i.BSP_LCD_DrawStringHighlight) for BSP_LCD_DrawStringHighlight
    pages.o(i.StartPage) refers to lcd.o(i.BSP_LCD_DrawString) for BSP_LCD_DrawString
    pages.o(i.StartPage) refers to fifo.o(i.JsFifo_Get) for JsFifo_Get
    pages.o(i.StartPage) refers to lcd.o(i.BSP_LCD_DrawCrosshair) for BSP_LCD_DrawCrosshair
    pages.o(i.StartPage) refers to lcd.o(i.BSP_LCD_Message) for BSP_LCD_Message
    pages.o(i.StartPage) refers to os.o(i.OS_bSignal) for OS_bSignal
    pages.o(i.StartPage) refers to os.o(i.OS_Kill) for OS_Kill
    pages.o(i.StartPage) refers to os.o(i.OS_Suspend) for OS_Suspend
    pages.o(i.StartPage) refers to pages.o(.data) for PseudoCount
    pages.o(i.StartPage) refers to lcd.o(.data) for LCDFree
    pages.o(i.StartPage) refers to pages.o(.constdata) for gImage_GameCube
    pow.o(i.__softfp_pow) refers (Special) to iusefp.o(.text) for __I$use$fp
    pow.o(i.__softfp_pow) refers to pow.o(i.pow) for pow
    pow.o(i.pow) refers (Special) to iusefp.o(.text) for __I$use$fp
    pow.o(i.pow) refers to dunder.o(i.__mathlib_dbl_infnan2) for __mathlib_dbl_infnan2
    pow.o(i.pow) refers to errno.o(i.__set_errno) for __set_errno
    pow.o(i.pow) refers to dunder.o(i.__mathlib_dbl_divzero) for __mathlib_dbl_divzero
    pow.o(i.pow) refers to ddiv.o(.text) for __aeabi_ddiv
    pow.o(i.pow) refers to sqrt.o(i.sqrt) for sqrt
    pow.o(i.pow) refers to dmul.o(.text) for __aeabi_dmul
    pow.o(i.pow) refers to dflti.o(.text) for __aeabi_i2d
    pow.o(i.pow) refers to dunder.o(i.__mathlib_dbl_invalid) for __mathlib_dbl_invalid
    pow.o(i.pow) refers to dunder.o(i.__mathlib_dbl_overflow) for __mathlib_dbl_overflow
    pow.o(i.pow) refers to dunder.o(i.__mathlib_dbl_underflow) for __mathlib_dbl_underflow
    pow.o(i.pow) refers to dadd.o(.text) for __aeabi_dsub
    pow.o(i.pow) refers to dscalb.o(.text) for __ARM_scalbn
    pow.o(i.pow) refers to qnan.o(.constdata) for __mathlib_zero
    pow.o(i.pow) refers to poly.o(i.__kernel_poly) for __kernel_poly
    pow.o(i.pow) refers to cdrcmple.o(.text) for __aeabi_cdrcmple
    pow.o(i.pow) refers to pow.o(.constdata) for .constdata
    pow.o(i.pow) refers to fpclassify.o(i.__ARM_fpclassify) for __ARM_fpclassify
    pow.o(.constdata) refers (Special) to iusefp.o(.text) for __I$use$fp
    pow_x.o(i.____softfp_pow$lsc) refers (Special) to iusefp.o(.text) for __I$use$fp
    pow_x.o(i.____softfp_pow$lsc) refers to pow_x.o(i.__pow$lsc) for __pow$lsc
    pow_x.o(i.__pow$lsc) refers (Special) to iusefp.o(.text) for __I$use$fp
    pow_x.o(i.__pow$lsc) refers to dunder.o(i.__mathlib_dbl_infnan2) for __mathlib_dbl_infnan2
    pow_x.o(i.__pow$lsc) refers to errno.o(i.__set_errno) for __set_errno
    pow_x.o(i.__pow$lsc) refers to ddiv.o(.text) for __aeabi_ddiv
    pow_x.o(i.__pow$lsc) refers to sqrt.o(i.sqrt) for sqrt
    pow_x.o(i.__pow$lsc) refers to dmul.o(.text) for __aeabi_dmul
    pow_x.o(i.__pow$lsc) refers to dflti.o(.text) for __aeabi_i2d
    pow_x.o(i.__pow$lsc) refers to dadd.o(.text) for __aeabi_dsub
    pow_x.o(i.__pow$lsc) refers to dscalb.o(.text) for __ARM_scalbn
    pow_x.o(i.__pow$lsc) refers to qnan.o(.constdata) for __mathlib_zero
    pow_x.o(i.__pow$lsc) refers to poly.o(i.__kernel_poly) for __kernel_poly
    pow_x.o(i.__pow$lsc) refers to cdrcmple.o(.text) for __aeabi_cdrcmple
    pow_x.o(i.__pow$lsc) refers to pow_x.o(.constdata) for .constdata
    pow_x.o(.constdata) refers (Special) to iusefp.o(.text) for __I$use$fp
    entry.o(.ARM.Collect$$$$00000000) refers (Special) to entry10a.o(.ARM.Collect$$$$0000000F) for __rt_final_cpp
    entry.o(.ARM.Collect$$$$00000000) refers (Special) to entry11a.o(.ARM.Collect$$$$00000011) for __rt_final_exit
    entry.o(.ARM.Collect$$$$00000000) refers (Special) to entry12b.o(.ARM.Collect$$$$0000000E) for __rt_lib_shutdown_fini
    entry.o(.ARM.Collect$$$$00000000) refers (Special) to entry7b.o(.ARM.Collect$$$$00000008) for _main_clock
    entry.o(.ARM.Collect$$$$00000000) refers (Special) to entry8b.o(.ARM.Collect$$$$0000000A) for _main_cpp_init
    entry.o(.ARM.Collect$$$$00000000) refers (Special) to entry9a.o(.ARM.Collect$$$$0000000B) for _main_init
    entry.o(.ARM.Collect$$$$00000000) refers (Special) to entry5.o(.ARM.Collect$$$$00000004) for _main_scatterload
    entry.o(.ARM.Collect$$$$00000000) refers (Special) to entry2.o(.ARM.Collect$$$$00000001) for _main_stk
    dflti.o(.text) refers (Special) to iusefp.o(.text) for __I$use$fp
    dflti.o(.text) refers to depilogue.o(.text) for _double_epilogue
    dunder.o(i.__mathlib_dbl_divzero) refers to ddiv.o(.text) for __aeabi_ddiv
    dunder.o(i.__mathlib_dbl_infnan) refers to dscalb.o(.text) for __ARM_scalbn
    dunder.o(i.__mathlib_dbl_infnan2) refers to dadd.o(.text) for __aeabi_dadd
    dunder.o(i.__mathlib_dbl_invalid) refers to ddiv.o(.text) for __aeabi_ddiv
    dunder.o(i.__mathlib_dbl_overflow) refers to dscalb.o(.text) for __ARM_scalbn
    dunder.o(i.__mathlib_dbl_posinfnan) refers to dmul.o(.text) for __aeabi_dmul
    dunder.o(i.__mathlib_dbl_underflow) refers to dscalb.o(.text) for __ARM_scalbn
    fpclassify.o(i.__ARM_fpclassify) refers (Special) to iusefp.o(.text) for __I$use$fp
    poly.o(i.__kernel_poly) refers (Special) to iusefp.o(.text) for __I$use$fp
    poly.o(i.__kernel_poly) refers to dmul.o(.text) for __aeabi_dmul
    poly.o(i.__kernel_poly) refers to dadd.o(.text) for __aeabi_dadd
    qnan.o(.constdata) refers (Special) to iusefp.o(.text) for __I$use$fp
    sqrt.o(i.__softfp_sqrt) refers (Special) to iusefp.o(.text) for __I$use$fp
    sqrt.o(i.__softfp_sqrt) refers to dsqrt.o(.text) for _dsqrt
    sqrt.o(i.__softfp_sqrt) refers to errno.o(i.__set_errno) for __set_errno
    sqrt.o(i.sqrt) refers (Special) to iusefp.o(.text) for __I$use$fp
    sqrt.o(i.sqrt) refers to dsqrt.o(.text) for _dsqrt
    sqrt.o(i.sqrt) refers to errno.o(i.__set_errno) for __set_errno
    sqrt_x.o(i.____softfp_sqrt$lsc) refers (Special) to iusefp.o(.text) for __I$use$fp
    sqrt_x.o(i.____softfp_sqrt$lsc) refers to cdcmple.o(.text) for __aeabi_cdcmple
    sqrt_x.o(i.____softfp_sqrt$lsc) refers to errno.o(i.__set_errno) for __set_errno
    sqrt_x.o(i.____softfp_sqrt$lsc) refers to dsqrt.o(.text) for _dsqrt
    sqrt_x.o(i.__sqrt$lsc) refers (Special) to iusefp.o(.text) for __I$use$fp
    sqrt_x.o(i.__sqrt$lsc) refers to cdcmple.o(.text) for __aeabi_cdcmple
    sqrt_x.o(i.__sqrt$lsc) refers to errno.o(i.__set_errno) for __set_errno
    sqrt_x.o(i.__sqrt$lsc) refers to dsqrt.o(.text) for _dsqrt
    entry2.o(.ARM.Collect$$$$00000001) refers to entry2.o(.ARM.Collect$$$$00002712) for __lit__00000000
    entry2.o(.ARM.Collect$$$$00002712) refers to startup.o(STACK) for __initial_sp
    entry2.o(__vectab_stack_and_reset_area) refers to startup.o(STACK) for __initial_sp
    entry2.o(__vectab_stack_and_reset_area) refers to entry.o(.ARM.Collect$$$$00000000) for __main
    entry5.o(.ARM.Collect$$$$00000004) refers to init.o(.text) for __scatterload
    entry9a.o(.ARM.Collect$$$$0000000B) refers to main.o(i.main) for main
    entry9b.o(.ARM.Collect$$$$0000000C) refers to main.o(i.main) for main
    errno.o(i.__aeabi_errno_addr) refers to errno.o(.data) for .data
    errno.o(i.__read_errno) refers to errno.o(.data) for .data
    errno.o(i.__set_errno) refers to errno.o(.data) for .data
    depilogue.o(.text) refers to llshl.o(.text) for __aeabi_llsl
    depilogue.o(.text) refers to llushr.o(.text) for __aeabi_llsr
    dadd.o(.text) refers to llshl.o(.text) for __aeabi_llsl
    dadd.o(.text) refers to llsshr.o(.text) for __aeabi_lasr
    dadd.o(.text) refers to depilogue.o(.text) for _double_epilogue
    dmul.o(.text) refers to depilogue.o(.text) for _double_epilogue
    ddiv.o(.text) refers to depilogue.o(.text) for _double_round
    init.o(.text) refers to entry5.o(.ARM.Collect$$$$00000004) for __main_after_scatterload
    dsqrt.o(.text) refers to llushr.o(.text) for __aeabi_llsr
    dsqrt.o(.text) refers to depilogue.o(.text) for _double_round


==============================================================================

Removing Unused input sections from the image.

    Removing fifo.o(i.CursorFifo_Get), (64 bytes).
    Removing fifo.o(i.CursorFifo_Init), (52 bytes).
    Removing fifo.o(i.CursorFifo_Put), (80 bytes).
    Removing fifo.o(i.JsFifo_Size), (56 bytes).
    Removing lcd.o(i.BSP_LCD_Color565), (24 bytes).
    Removing lcd.o(i.BSP_LCD_DrawCharS), (248 bytes).
    Removing lcd.o(i.BSP_LCD_DrawPixel), (72 bytes).
    Removing lcd.o(i.BSP_LCD_Drawaxes), (292 bytes).
    Removing lcd.o(i.BSP_LCD_OutUDec), (144 bytes).
    Removing lcd.o(i.BSP_LCD_OutUDec5), (136 bytes).
    Removing lcd.o(i.BSP_LCD_OutUFix2_1), (112 bytes).
    Removing lcd.o(i.BSP_LCD_OutUHex2), (112 bytes).
    Removing lcd.o(i.BSP_LCD_PlotIncrement), (56 bytes).
    Removing lcd.o(i.BSP_LCD_PlotPoint), (100 bytes).
    Removing lcd.o(i.BSP_LCD_SwapColor), (18 bytes).
    Removing lcd.o(i.fillmessage2_1), (88 bytes).
    Removing lcd.o(i.fillmessage2_Hex), (84 bytes).
    Removing lcd.o(i.fillmessage5), (128 bytes).
    Removing main.o(i.ButtonWork), (224 bytes).
    Removing main.o(i.Interpreter), (572 bytes).
    Removing main.o(.constdata), (4 bytes).
    Removing porte.o(i.PortE_Init), (104 bytes).
    Removing startup.o(HEAP), (0 bytes).
    Removing uart.o(i.OutCRLF), (16 bytes).
    Removing uart.o(i.UART_InChar), (20 bytes).
    Removing uart.o(i.UART_InString), (70 bytes).
    Removing uart.o(i.UART_InUDec), (76 bytes).
    Removing uart.o(i.UART_InUHex), (108 bytes).
    Removing uart.o(i.UART_OutChar), (52 bytes).
    Removing uart.o(i.UART_OutString), (22 bytes).
    Removing uart.o(i.UART_OutUDec), (42 bytes).
    Removing uart.o(i.UART_OutUHex), (52 bytes).
    Removing uart_fifo.o(i.Rx_UARTFifo_Get), (80 bytes).
    Removing uart_fifo.o(i.Tx_UARTFifo_Put), (72 bytes).
    Removing cube.o(i.ChangeDirection), (26 bytes).
    Removing cube.o(i.ChangeDirection2), (34 bytes).
    Removing cube.o(i.CubeThread), (456 bytes).
    Removing cube.o(i.Cube_Generate), (64 bytes).
    Removing cube.o(i.Cube_Init), (76 bytes).
    Removing cube.o(i.Cube_SetCubeNext), (324 bytes).
    Removing cube.o(i.Cube_hit_cube), (160 bytes).
    Removing cube.o(i.update_cursor), (76 bytes).
    Removing cube.o(.bss), (288 bytes).
    Removing cube.o(.data), (8 bytes).
    Removing randomnumbergenerator.o(i.RNG_Generate), (76 bytes).
    Removing buzzer.o(i.GameoverSound), (128 bytes).
    Removing buzzer.o(i.beep), (44 bytes).
    Removing numfifo.o(i.NumFifo_Init), (52 bytes).
    Removing numfifo.o(i.NumFifo_Size), (56 bytes).
    Removing pwm.o(i.PWM0A_Duty), (12 bytes).
    Removing pwm.o(i.PWM0A_Init), (184 bytes).
    Removing pwm.o(i.PWM0B_Duty), (12 bytes).
    Removing pwm.o(i.PWM0B_Init), (188 bytes).
    Removing pwm.o(i.PWM6C_Disable), (20 bytes).
    Removing pwm.o(i.PWM6C_Duty), (12 bytes).
    Removing pwm.o(i.PWM6C_Enable), (20 bytes).
    Removing pwm.o(i.PWM6C_Period), (12 bytes).
    Removing pwm.o(i.PWM6C_Set), (24 bytes).
    Removing pwm.o(i.PWM6C_unInit), (20 bytes).
    Removing pwm.o(i.PWM6F_Duty), (12 bytes).
    Removing pwm.o(i.PWM6F_Period), (12 bytes).
    Removing pwm.o(i.PWM6F_unInit), (20 bytes).
    Removing dflti.o(.text), (34 bytes).
    Removing depilogue.o(.text), (186 bytes).
    Removing dadd.o(.text), (334 bytes).
    Removing dmul.o(.text), (228 bytes).
    Removing ddiv.o(.text), (222 bytes).
    Removing dscalb.o(.text), (46 bytes).
    Removing cdrcmple.o(.text), (48 bytes).
    Removing dsqrt.o(.text), (162 bytes).
    Removing cdcmple.o(.text), (48 bytes).

71 unused section(s) (total 7104 bytes) removed from the image.

==============================================================================

Image Symbol Table

    Local Symbols

    Symbol Name                              Value     Ov Type        Size  Object(Section)

    RESET                                    0x00000000   Section      644  startup.o(RESET)
    ../clib/microlib/errno.c                 0x00000000   Number         0  errno.o ABSOLUTE
    ../clib/microlib/init/entry.s            0x00000000   Number         0  entry7b.o ABSOLUTE
    ../clib/microlib/init/entry.s            0x00000000   Number         0  entry9a.o ABSOLUTE
    ../clib/microlib/init/entry.s            0x00000000   Number         0  entry.o ABSOLUTE
    ../clib/microlib/init/entry.s            0x00000000   Number         0  entry9b.o ABSOLUTE
    ../clib/microlib/init/entry.s            0x00000000   Number         0  entry11b.o ABSOLUTE
    ../clib/microlib/init/entry.s            0x00000000   Number         0  entry12b.o ABSOLUTE
    ../clib/microlib/init/entry.s            0x00000000   Number         0  entry11a.o ABSOLUTE
    ../clib/microlib/init/entry.s            0x00000000   Number         0  entry10b.o ABSOLUTE
    ../clib/microlib/init/entry.s            0x00000000   Number         0  entry7a.o ABSOLUTE
    ../clib/microlib/init/entry.s            0x00000000   Number         0  entry8b.o ABSOLUTE
    ../clib/microlib/init/entry.s            0x00000000   Number         0  entry8a.o ABSOLUTE
    ../clib/microlib/init/entry.s            0x00000000   Number         0  entry5.o ABSOLUTE
    ../clib/microlib/init/entry.s            0x00000000   Number         0  entry10a.o ABSOLUTE
    ../clib/microlib/init/entry.s            0x00000000   Number         0  entry12a.o ABSOLUTE
    ../clib/microlib/init/entry.s            0x00000000   Number         0  entry2.o ABSOLUTE
    ../clib/microlib/longlong.c              0x00000000   Number         0  llsshr.o ABSOLUTE
    ../clib/microlib/longlong.c              0x00000000   Number         0  llushr.o ABSOLUTE
    ../clib/microlib/longlong.c              0x00000000   Number         0  llshl.o ABSOLUTE
    ../clib/microlib/string/strcmp.c         0x00000000   Number         0  strcmp.o ABSOLUTE
    ../clib/microlib/stubs.s                 0x00000000   Number         0  iusefp.o ABSOLUTE
    ../fplib/microlib/fpadd.c                0x00000000   Number         0  dadd.o ABSOLUTE
    ../fplib/microlib/fpdiv.c                0x00000000   Number         0  ddiv.o ABSOLUTE
    ../fplib/microlib/fpepilogue.c           0x00000000   Number         0  depilogue.o ABSOLUTE
    ../fplib/microlib/fpflt.c                0x00000000   Number         0  dflti.o ABSOLUTE
    ../fplib/microlib/fpmul.c                0x00000000   Number         0  dmul.o ABSOLUTE
    ../fplib/microlib/fpscalb.c              0x00000000   Number         0  dscalb.o ABSOLUTE
    ../fplib/microlib/fpsqrt.c               0x00000000   Number         0  dsqrt.o ABSOLUTE
    ../mathlib/dunder.c                      0x00000000   Number         0  dunder.o ABSOLUTE
    ../mathlib/fpclassify.c                  0x00000000   Number         0  fpclassify.o ABSOLUTE
    ../mathlib/poly.c                        0x00000000   Number         0  poly.o ABSOLUTE
    ../mathlib/pow.c                         0x00000000   Number         0  pow_x.o ABSOLUTE
    ../mathlib/pow.c                         0x00000000   Number         0  pow.o ABSOLUTE
    ../mathlib/qnan.c                        0x00000000   Number         0  qnan.o ABSOLUTE
    ../mathlib/sqrt.c                        0x00000000   Number         0  sqrt_x.o ABSOLUTE
    ../mathlib/sqrt.c                        0x00000000   Number         0  sqrt.o ABSOLUTE
    Cube.c                                   0x00000000   Number         0  cube.o ABSOLUTE
    FIFO.c                                   0x00000000   Number         0  fifo.o ABSOLUTE
    LCD.c                                    0x00000000   Number         0  lcd.o ABSOLUTE
    LCD.c                                    0x00000000   Number         0  lcd.o ABSOLUTE
    Main.c                                   0x00000000   Number         0  main.o ABSOLUTE
    PLL.c                                    0x00000000   Number         0  pll.o ABSOLUTE
    PORTE.c                                  0x00000000   Number         0  porte.o ABSOLUTE
    PWM.c                                    0x00000000   Number         0  pwm.o ABSOLUTE
    RandomNumberGenerator.c                  0x00000000   Number         0  randomnumbergenerator.o ABSOLUTE
    UART.c                                   0x00000000   Number         0  uart.o ABSOLUTE
    UART_FIFO.c                              0x00000000   Number         0  uart_fifo.o ABSOLUTE
    buzzer.c                                 0x00000000   Number         0  buzzer.o ABSOLUTE
    cdcmple.s                                0x00000000   Number         0  cdcmple.o ABSOLUTE
    cdrcmple.s                               0x00000000   Number         0  cdrcmple.o ABSOLUTE
    dc.s                                     0x00000000   Number         0  dc.o ABSOLUTE
    handlers.s                               0x00000000   Number         0  handlers.o ABSOLUTE
    init.s                                   0x00000000   Number         0  init.o ABSOLUTE
    joystick.c                               0x00000000   Number         0  joystick.o ABSOLUTE
    numFIFO.c                                0x00000000   Number         0  numfifo.o ABSOLUTE
    os.c                                     0x00000000   Number         0  os.o ABSOLUTE
    osasm.s                                  0x00000000   Number         0  osasm.o ABSOLUTE
    pages.c                                  0x00000000   Number         0  pages.o ABSOLUTE
    startup.s                                0x00000000   Number         0  startup.o ABSOLUTE
    .ARM.Collect$$$$00000000                 0x00000284   Section        0  entry.o(.ARM.Collect$$$$00000000)
    .ARM.Collect$$$$00000001                 0x00000284   Section        4  entry2.o(.ARM.Collect$$$$00000001)
    .ARM.Collect$$$$00000004                 0x00000288   Section        4  entry5.o(.ARM.Collect$$$$00000004)
    .ARM.Collect$$$$00000008                 0x0000028c   Section        0  entry7b.o(.ARM.Collect$$$$00000008)
    .ARM.Collect$$$$0000000A                 0x0000028c   Section        0  entry8b.o(.ARM.Collect$$$$0000000A)
    .ARM.Collect$$$$0000000B                 0x0000028c   Section        8  entry9a.o(.ARM.Collect$$$$0000000B)
    .ARM.Collect$$$$0000000E                 0x00000294   Section        4  entry12b.o(.ARM.Collect$$$$0000000E)
    .ARM.Collect$$$$0000000F                 0x00000298   Section        0  entry10a.o(.ARM.Collect$$$$0000000F)
    .ARM.Collect$$$$00000011                 0x00000298   Section        0  entry11a.o(.ARM.Collect$$$$00000011)
    .ARM.Collect$$$$00002712                 0x00000298   Section        4  entry2.o(.ARM.Collect$$$$00002712)
    __lit__00000000                          0x00000298   Data           4  entry2.o(.ARM.Collect$$$$00002712)
    .emb_text                                0x0000029c   Section        6  lcd.o(.emb_text)
    .text                                    0x000002a4   Section       84  osasm.o(.text)
    .text                                    0x000002f8   Section       28  startup.o(.text)
    .text                                    0x00000314   Section       36  init.o(.text)
    i.BSP_Delay1ms                           0x00000338   Section        0  lcd.o(i.BSP_Delay1ms)
    i.BSP_Joystick_Init                      0x00000350   Section        0  joystick.o(i.BSP_Joystick_Init)
    i.BSP_Joystick_Input                     0x00000480   Section        0  joystick.o(i.BSP_Joystick_Input)
    i.BSP_LCD_DrawBitmap                     0x000004b8   Section        0  lcd.o(i.BSP_LCD_DrawBitmap)
    i.BSP_LCD_DrawChar                       0x000005d8   Section        0  lcd.o(i.BSP_LCD_DrawChar)
    i.BSP_LCD_DrawCrosshair                  0x000006e8   Section        0  lcd.o(i.BSP_LCD_DrawCrosshair)
    i.BSP_LCD_DrawFastHLine                  0x00000710   Section        0  lcd.o(i.BSP_LCD_DrawFastHLine)
    i.BSP_LCD_DrawFastVLine                  0x0000078c   Section        0  lcd.o(i.BSP_LCD_DrawFastVLine)
    i.BSP_LCD_DrawString                     0x00000808   Section        0  lcd.o(i.BSP_LCD_DrawString)
    i.BSP_LCD_DrawStringHighlight            0x0000085c   Section        0  lcd.o(i.BSP_LCD_DrawStringHighlight)
    i.BSP_LCD_FillRect                       0x000008b0   Section        0  lcd.o(i.BSP_LCD_FillRect)
    i.BSP_LCD_FillScreen                     0x0000095c   Section        0  lcd.o(i.BSP_LCD_FillScreen)
    i.BSP_LCD_Init                           0x00000980   Section        0  lcd.o(i.BSP_LCD_Init)
    i.BSP_LCD_Message                        0x0000098a   Section        0  lcd.o(i.BSP_LCD_Message)
    i.BSP_LCD_MessageUDec3                   0x000009d0   Section        0  lcd.o(i.BSP_LCD_MessageUDec3)
    i.BSP_LCD_OutUDec3                       0x00000a18   Section        0  lcd.o(i.BSP_LCD_OutUDec3)
    i.BSP_LCD_OutUDec4                       0x00000aa0   Section        0  lcd.o(i.BSP_LCD_OutUDec4)
    i.BSP_LCD_OutputInit                     0x00000b28   Section        0  lcd.o(i.BSP_LCD_OutputInit)
    i.BSP_LCD_SetCursor                      0x00000b44   Section        0  lcd.o(i.BSP_LCD_SetCursor)
    i.ButtonOneInit                          0x00000b64   Section        0  os.o(i.ButtonOneInit)
    i.ButtonTwoInit                          0x00000c44   Section        0  os.o(i.ButtonTwoInit)
    i.Buzzer_Init                            0x00000d34   Section        0  buzzer.o(i.Buzzer_Init)
    i.Consumer                               0x00000d68   Section        0  pages.o(i.Consumer)
    i.CrossHair_Init                         0x00000e80   Section        0  main.o(i.CrossHair_Init)
    i.CubeNumCalc                            0x00000ec4   Section        0  main.o(i.CubeNumCalc)
    i.DebouncePD6                            0x00000f14   Section        0  os.o(i.DebouncePD6)
    DebouncePD6                              0x00000f15   Thumb Code    44  os.o(i.DebouncePD6)
    i.DebouncePD7                            0x00000f4c   Section        0  os.o(i.DebouncePD7)
    DebouncePD7                              0x00000f4d   Thumb Code    44  os.o(i.DebouncePD7)
    i.Device_Init                            0x00000f84   Section        0  main.o(i.Device_Init)
    i.Display                                0x00000f94   Section        0  main.o(i.Display)
    i.EventSound                             0x00000ff8   Section        0  buzzer.o(i.EventSound)
    i.GPIOPortD_Handler                      0x00001040   Section        0  os.o(i.GPIOPortD_Handler)
    i.ImperialMarchTune                      0x000010c4   Section        0  buzzer.o(i.ImperialMarchTune)
    i.InitTimer1A                            0x00001558   Section        0  os.o(i.InitTimer1A)
    i.InitTimer2A                            0x000015e4   Section        0  os.o(i.InitTimer2A)
    i.InitTimer3A                            0x00001670   Section        0  os.o(i.InitTimer3A)
    i.InitTimer4A                            0x000016f8   Section        0  os.o(i.InitTimer4A)
    i.JsFifo_Get                             0x00001784   Section        0  fifo.o(i.JsFifo_Get)
    i.JsFifo_Init                            0x000017c4   Section        0  fifo.o(i.JsFifo_Init)
    i.JsFifo_Put                             0x000017f8   Section        0  fifo.o(i.JsFifo_Put)
    i.Menu                                   0x00001848   Section        0  pages.o(i.Menu)
    i.NumFifo_Get                            0x00001a6c   Section        0  numfifo.o(i.NumFifo_Get)
    i.NumFifo_Put                            0x00001aac   Section        0  numfifo.o(i.NumFifo_Put)
    i.OS_AddPeriodicThread                   0x00001afc   Section        0  os.o(i.OS_AddPeriodicThread)
    i.OS_AddSW1Task                          0x00001b40   Section        0  os.o(i.OS_AddSW1Task)
    i.OS_AddSW2Task                          0x00001b58   Section        0  os.o(i.OS_AddSW2Task)
    i.OS_AddThread                           0x00001b70   Section        0  os.o(i.OS_AddThread)
    i.OS_ClearMsTime                         0x00001cc8   Section        0  os.o(i.OS_ClearMsTime)
    i.OS_Id                                  0x00001cd4   Section        0  os.o(i.OS_Id)
    i.OS_Init                                0x00001ce0   Section        0  os.o(i.OS_Init)
    i.OS_InitSemaphore                       0x00001d3c   Section        0  os.o(i.OS_InitSemaphore)
    i.OS_Kill                                0x00001d50   Section        0  os.o(i.OS_Kill)
    i.OS_Launch                              0x00001dcc   Section        0  os.o(i.OS_Launch)
    i.OS_MsTime                              0x00001de4   Section        0  os.o(i.OS_MsTime)
    i.OS_Signal                              0x00001df0   Section        0  os.o(i.OS_Signal)
    i.OS_Sleep                               0x00001e24   Section        0  os.o(i.OS_Sleep)
    i.OS_Suspend                             0x00001e38   Section        0  os.o(i.OS_Suspend)
    i.OS_Time                                0x00001e50   Section        0  os.o(i.OS_Time)
    i.OS_TimeDifference                      0x00001e60   Section        0  os.o(i.OS_TimeDifference)
    i.OS_Wait                                0x00001e68   Section        0  os.o(i.OS_Wait)
    i.OS_bSignal                             0x00001e98   Section        0  os.o(i.OS_bSignal)
    i.OS_bWait                               0x00001ed4   Section        0  os.o(i.OS_bWait)
    i.PLL_Init                               0x00001f04   Section        0  pll.o(i.PLL_Init)
    i.PWM6C_Init                             0x00001f80   Section        0  pwm.o(i.PWM6C_Init)
    i.PWM6F_Disable                          0x00002044   Section        0  pwm.o(i.PWM6F_Disable)
    i.PWM6F_Enable                           0x00002058   Section        0  pwm.o(i.PWM6F_Enable)
    i.PWM6F_Init                             0x0000206c   Section        0  pwm.o(i.PWM6F_Init)
    i.PWM6F_Set                              0x00002130   Section        0  pwm.o(i.PWM6F_Set)
    i.PeriodicUpdater                        0x00002148   Section        0  main.o(i.PeriodicUpdater)
    i.Producer                               0x00002158   Section        0  main.o(i.Producer)
    i.RNG_Init                               0x0000229c   Section        0  randomnumbergenerator.o(i.RNG_Init)
    i.Restart                                0x000022cc   Section        0  main.o(i.Restart)
    i.Rx_UARTFifo_Init                       0x000023b8   Section        0  uart_fifo.o(i.Rx_UARTFifo_Init)
    i.Rx_UARTFifo_Put                        0x000023ec   Section        0  uart_fifo.o(i.Rx_UARTFifo_Put)
    i.Rx_UARTFifo_Size                       0x00002430   Section        0  uart_fifo.o(i.Rx_UARTFifo_Size)
    i.ST7735_InitR                           0x00002464   Section        0  lcd.o(i.ST7735_InitR)
    ST7735_InitR                             0x00002465   Thumb Code    86  lcd.o(i.ST7735_InitR)
    i.SW1Push                                0x000024d8   Section        0  main.o(i.SW1Push)
    i.SW1_PageFunc                           0x000024f8   Section        0  pages.o(i.SW1_PageFunc)
    i.SW2Push                                0x00002708   Section        0  main.o(i.SW2Push)
    i.Scheduler                              0x00002748   Section        0  os.o(i.Scheduler)
    i.SetInitialStack                        0x000027b4   Section        0  os.o(i.SetInitialStack)
    i.SettingPage                            0x00002908   Section        0  pages.o(i.SettingPage)
    i.StartPage                              0x00002ba0   Section        0  pages.o(i.StartPage)
    i.Timer1A_Handler                        0x00002d94   Section        0  os.o(i.Timer1A_Handler)
    i.Timer2A_Handler                        0x00002dac   Section        0  os.o(i.Timer2A_Handler)
    i.Timer3A_Handler                        0x00002e74   Section        0  os.o(i.Timer3A_Handler)
    i.Timer4A_Handler                        0x00002e80   Section        0  os.o(i.Timer4A_Handler)
    i.Tx_UARTFifo_Get                        0x00002e98   Section        0  uart_fifo.o(i.Tx_UARTFifo_Get)
    i.Tx_UARTFifo_Init                       0x00002ee0   Section        0  uart_fifo.o(i.Tx_UARTFifo_Init)
    i.Tx_UARTFifo_Size                       0x00002f10   Section        0  uart_fifo.o(i.Tx_UARTFifo_Size)
    i.UART0_Handler                          0x00002f28   Section        0  uart.o(i.UART0_Handler)
    i.UART_Init                              0x00002f80   Section        0  uart.o(i.UART_Init)
    i.UpdateInput                            0x00003044   Section        0  main.o(i.UpdateInput)
    i.UpdatePosition                         0x00003108   Section        0  main.o(i.UpdatePosition)
    i.__scatterload_copy                     0x000031cc   Section       14  handlers.o(i.__scatterload_copy)
    i.__scatterload_null                     0x000031da   Section        2  handlers.o(i.__scatterload_null)
    i.__scatterload_zeroinit                 0x000031dc   Section       14  handlers.o(i.__scatterload_zeroinit)
    i.adcinit                                0x000031ec   Section        0  joystick.o(i.adcinit)
    adcinit                                  0x000031ed   Thumb Code    58  joystick.o(i.adcinit)
    i.commandList                            0x00003238   Section        0  lcd.o(i.commandList)
    commandList                              0x00003239   Thumb Code    86  lcd.o(i.commandList)
    i.commonInit                             0x00003290   Section        0  lcd.o(i.commonInit)
    commonInit                               0x00003291   Thumb Code   452  lcd.o(i.commonInit)
    i.copyHardwareToSoftware                 0x00003494   Section        0  uart.o(i.copyHardwareToSoftware)
    copyHardwareToSoftware                   0x00003495   Thumb Code    36  uart.o(i.copyHardwareToSoftware)
    i.copySoftwareToHardware                 0x000034bc   Section        0  uart.o(i.copySoftwareToHardware)
    copySoftwareToHardware                   0x000034bd   Thumb Code    38  uart.o(i.copySoftwareToHardware)
    i.fillmessage                            0x000034e8   Section        0  lcd.o(i.fillmessage)
    fillmessage                              0x000034e9   Thumb Code    64  lcd.o(i.fillmessage)
    i.fillmessage3                           0x00003530   Section        0  lcd.o(i.fillmessage3)
    fillmessage3                             0x00003531   Thumb Code    66  lcd.o(i.fillmessage3)
    i.fillmessage4                           0x0000357c   Section        0  lcd.o(i.fillmessage4)
    fillmessage4                             0x0000357d   Thumb Code    90  lcd.o(i.fillmessage4)
    i.main                                   0x000035e0   Section        0  main.o(i.main)
    i.pushColor                              0x000036d8   Section        0  lcd.o(i.pushColor)
    pushColor                                0x000036d9   Thumb Code    18  lcd.o(i.pushColor)
    i.setAddrWindow                          0x000036ec   Section        0  lcd.o(i.setAddrWindow)
    setAddrWindow                            0x000036ed   Thumb Code   106  lcd.o(i.setAddrWindow)
    i.tone                                   0x00003760   Section        0  buzzer.o(i.tone)
    i.toneblank                              0x00003800   Section        0  buzzer.o(i.toneblank)
    i.writecommand                           0x00003828   Section        0  lcd.o(i.writecommand)
    writecommand                             0x00003829   Thumb Code    62  lcd.o(i.writecommand)
    i.writedata                              0x00003870   Section        0  lcd.o(i.writedata)
    writedata                                0x00003871   Thumb Code    64  lcd.o(i.writedata)
    .constdata                               0x000038b8   Section     1403  lcd.o(.constdata)
    Font                                     0x000038b8   Data        1275  lcd.o(.constdata)
    Rcmd1                                    0x00003db3   Data          59  lcd.o(.constdata)
    Rcmd2green                               0x00003dee   Data          13  lcd.o(.constdata)
    Rcmd2red                                 0x00003dfb   Data          13  lcd.o(.constdata)
    Rcmd3                                    0x00003e08   Data          43  lcd.o(.constdata)
    .constdata                               0x00003e33   Section    34816  pages.o(.constdata)
    .data                                    0x20000000   Section       24  fifo.o(.data)
    .data                                    0x20000018   Section       44  lcd.o(.data)
    ColStart                                 0x20000022   Data           1  lcd.o(.data)
    RowStart                                 0x20000023   Data           1  lcd.o(.data)
    _width                                   0x20000024   Data           2  lcd.o(.data)
    _height                                  0x20000026   Data           2  lcd.o(.data)
    .data                                    0x20000044   Section       60  main.o(.data)
    LastTime                                 0x2000007c   Data           4  main.o(.data)
    .data                                    0x20000080   Section       38  os.o(.data)
    ThreadNum                                0x20000094   Data           4  os.o(.data)
    MSTime                                   0x20000098   Data           4  os.o(.data)
    Last1                                    0x2000009c   Data           4  os.o(.data)
    Last2                                    0x200000a0   Data           4  os.o(.data)
    PeriodTaskCt                             0x200000a4   Data           2  os.o(.data)
    .data                                    0x200000a8   Section       24  uart_fifo.o(.data)
    .data                                    0x200000c0   Section       12  randomnumbergenerator.o(.data)
    .data                                    0x200000cc   Section        6  buzzer.o(.data)
    .data                                    0x200000d4   Section       12  numfifo.o(.data)
    .data                                    0x200000e0   Section       49  pages.o(.data)
    .bss                                     0x20000114   Section      128  fifo.o(.bss)
    JsFifo                                   0x20000114   Data          64  fifo.o(.bss)
    CursorFifo                               0x20000154   Data          64  fifo.o(.bss)
    .bss                                     0x20000194   Section       12  lcd.o(.bss)
    .bss                                     0x200001a0   Section      256  main.o(.bss)
    .bss                                     0x200002a0   Section     8960  os.o(.bss)
    .bss                                     0x200025a0   Section       26  uart_fifo.o(.bss)
    Tx_UARTFifo                              0x200025a0   Data          16  uart_fifo.o(.bss)
    Rx_UARTFifo                              0x200025b0   Data          10  uart_fifo.o(.bss)
    .bss                                     0x200025ba   Section       64  numfifo.o(.bss)
    NumFifo                                  0x200025ba   Data          64  numfifo.o(.bss)
    STACK                                    0x20002600   Section     1024  startup.o(STACK)
    StackMem                                 0x20002600   Data           0  startup.o(STACK)

    Global Symbols

    Symbol Name                              Value     Ov Type        Size  Object(Section)

    BuildAttributes$$THM_ISAv4$E$P$D$K$B$S$7EM$PE$A:L22UL41UL21$X:L11$S22US41US21$IEEE1$IW$USESV6$~STKCKD$USESV7$~SHL$OTIME$ROPI$IEEEX$EBA8$MICROLIB$REQ8$PRES8$EABIv2 0x00000000   Number         0  anon$$obj.o ABSOLUTE
    __ARM_use_no_argv                        0x00000000   Number         0  main.o ABSOLUTE
    __Vectors                                0x00000000   Data           0  startup.o(RESET)
    __arm_fini_                               - Undefined Weak Reference
    __cpp_initialize__aeabi_                  - Undefined Weak Reference
    __cxa_finalize                            - Undefined Weak Reference
    __decompress                              - Undefined Weak Reference
    _clock_init                               - Undefined Weak Reference
    _microlib_exit                            - Undefined Weak Reference
    Reset_Handler                            0x0000026d   Thumb Code     0  startup.o(RESET)
    NMI_Handler                              0x00000271   Thumb Code     2  startup.o(RESET)
    HardFault_Handler                        0x00000273   Thumb Code     2  startup.o(RESET)
    MemManage_Handler                        0x00000275   Thumb Code     2  startup.o(RESET)
    BusFault_Handler                         0x00000277   Thumb Code     2  startup.o(RESET)
    UsageFault_Handler                       0x00000279   Thumb Code     2  startup.o(RESET)
    SVC_Handler                              0x0000027b   Thumb Code     2  startup.o(RESET)
    DebugMon_Handler                         0x0000027d   Thumb Code     2  startup.o(RESET)
    PendSV_Handler                           0x0000027f   Thumb Code     2  startup.o(RESET)
    ADC0Seq0_Handler                         0x00000283   Thumb Code     0  startup.o(RESET)
    ADC0Seq1_Handler                         0x00000283   Thumb Code     0  startup.o(RESET)
    ADC0Seq2_Handler                         0x00000283   Thumb Code     0  startup.o(RESET)
    ADC0Seq3_Handler                         0x00000283   Thumb Code     0  startup.o(RESET)
    ADC1Seq0_Handler                         0x00000283   Thumb Code     0  startup.o(RESET)
    ADC1Seq1_Handler                         0x00000283   Thumb Code     0  startup.o(RESET)
    ADC1Seq2_Handler                         0x00000283   Thumb Code     0  startup.o(RESET)
    ADC1Seq3_Handler                         0x00000283   Thumb Code     0  startup.o(RESET)
    CAN0_Handler                             0x00000283   Thumb Code     0  startup.o(RESET)
    CAN1_Handler                             0x00000283   Thumb Code     0  startup.o(RESET)
    CAN2_Handler                             0x00000283   Thumb Code     0  startup.o(RESET)
    Comp0_Handler                            0x00000283   Thumb Code     0  startup.o(RESET)
    Comp1_Handler                            0x00000283   Thumb Code     0  startup.o(RESET)
    Comp2_Handler                            0x00000283   Thumb Code     0  startup.o(RESET)
    Ethernet_Handler                         0x00000283   Thumb Code     0  startup.o(RESET)
    ExtBus_Handler                           0x00000283   Thumb Code     0  startup.o(RESET)
    FPU_Handler                              0x00000283   Thumb Code     0  startup.o(RESET)
    Fan0_Handler                             0x00000283   Thumb Code     0  startup.o(RESET)
    FlashCtl_Handler                         0x00000283   Thumb Code     0  startup.o(RESET)
    GPIOPortA_Handler                        0x00000283   Thumb Code     0  startup.o(RESET)
    GPIOPortB_Handler                        0x00000283   Thumb Code     0  startup.o(RESET)
    GPIOPortC_Handler                        0x00000283   Thumb Code     0  startup.o(RESET)
    GPIOPortE_Handler                        0x00000283   Thumb Code     0  startup.o(RESET)
    GPIOPortF_Handler                        0x00000283   Thumb Code     0  startup.o(RESET)
    GPIOPortG_Handler                        0x00000283   Thumb Code     0  startup.o(RESET)
    GPIOPortH_Handler                        0x00000283   Thumb Code     0  startup.o(RESET)
    GPIOPortJ_Handler                        0x00000283   Thumb Code     0  startup.o(RESET)
    GPIOPortK_Handler                        0x00000283   Thumb Code     0  startup.o(RESET)
    GPIOPortL_Handler                        0x00000283   Thumb Code     0  startup.o(RESET)
    GPIOPortM_Handler                        0x00000283   Thumb Code     0  startup.o(RESET)
    GPIOPortN_Handler                        0x00000283   Thumb Code     0  startup.o(RESET)
    GPIOPortP1_Handler                       0x00000283   Thumb Code     0  startup.o(RESET)
    GPIOPortP2_Handler                       0x00000283   Thumb Code     0  startup.o(RESET)
    GPIOPortP3_Handler                       0x00000283   Thumb Code     0  startup.o(RESET)
    GPIOPortP4_Handler                       0x00000283   Thumb Code     0  startup.o(RESET)
    GPIOPortP5_Handler                       0x00000283   Thumb Code     0  startup.o(RESET)
    GPIOPortP6_Handler                       0x00000283   Thumb Code     0  startup.o(RESET)
    GPIOPortP7_Handler                       0x00000283   Thumb Code     0  startup.o(RESET)
    GPIOPortP_Handler                        0x00000283   Thumb Code     0  startup.o(RESET)
    GPIOPortQ1_Handler                       0x00000283   Thumb Code     0  startup.o(RESET)
    GPIOPortQ2_Handler                       0x00000283   Thumb Code     0  startup.o(RESET)
    GPIOPortQ3_Handler                       0x00000283   Thumb Code     0  startup.o(RESET)
    GPIOPortQ4_Handler                       0x00000283   Thumb Code     0  startup.o(RESET)
    GPIOPortQ5_Handler                       0x00000283   Thumb Code     0  startup.o(RESET)
    GPIOPortQ6_Handler                       0x00000283   Thumb Code     0  startup.o(RESET)
    GPIOPortQ7_Handler                       0x00000283   Thumb Code     0  startup.o(RESET)
    GPIOPortQ_Handler                        0x00000283   Thumb Code     0  startup.o(RESET)
    GPIOPortR_Handler                        0x00000283   Thumb Code     0  startup.o(RESET)
    GPIOPortS_Handler                        0x00000283   Thumb Code     0  startup.o(RESET)
    Hibernate_Handler                        0x00000283   Thumb Code     0  startup.o(RESET)
    I2C0_Handler                             0x00000283   Thumb Code     0  startup.o(RESET)
    I2C1_Handler                             0x00000283   Thumb Code     0  startup.o(RESET)
    I2C2_Handler                             0x00000283   Thumb Code     0  startup.o(RESET)
    I2C3_Handler                             0x00000283   Thumb Code     0  startup.o(RESET)
    I2C4_Handler                             0x00000283   Thumb Code     0  startup.o(RESET)
    I2C5_Handler                             0x00000283   Thumb Code     0  startup.o(RESET)
    I2S0_Handler                             0x00000283   Thumb Code     0  startup.o(RESET)
    LPC0_Handler                             0x00000283   Thumb Code     0  startup.o(RESET)
    PECI0_Handler                            0x00000283   Thumb Code     0  startup.o(RESET)
    PWM0Fault_Handler                        0x00000283   Thumb Code     0  startup.o(RESET)
    PWM0Generator0_Handler                   0x00000283   Thumb Code     0  startup.o(RESET)
    PWM0Generator1_Handler                   0x00000283   Thumb Code     0  startup.o(RESET)
    PWM0Generator2_Handler                   0x00000283   Thumb Code     0  startup.o(RESET)
    PWM0Generator3_Handler                   0x00000283   Thumb Code     0  startup.o(RESET)
    PWM1Fault_Handler                        0x00000283   Thumb Code     0  startup.o(RESET)
    PWM1Generator0_Handler                   0x00000283   Thumb Code     0  startup.o(RESET)
    PWM1Generator1_Handler                   0x00000283   Thumb Code     0  startup.o(RESET)
    PWM1Generator2_Handler                   0x00000283   Thumb Code     0  startup.o(RESET)
    PWM1Generator3_Handler                   0x00000283   Thumb Code     0  startup.o(RESET)
    Quadrature0_Handler                      0x00000283   Thumb Code     0  startup.o(RESET)
    Quadrature1_Handler                      0x00000283   Thumb Code     0  startup.o(RESET)
    Quadrature2_Handler                      0x00000283   Thumb Code     0  startup.o(RESET)
    SSI0_Handler                             0x00000283   Thumb Code     0  startup.o(RESET)
    SSI1_Handler                             0x00000283   Thumb Code     0  startup.o(RESET)
    SSI2_Handler                             0x00000283   Thumb Code     0  startup.o(RESET)
    SSI3_Handler                             0x00000283   Thumb Code     0  startup.o(RESET)
    SysCtl_Handler                           0x00000283   Thumb Code     0  startup.o(RESET)
    Timer0A_Handler                          0x00000283   Thumb Code     0  startup.o(RESET)
    Timer0B_Handler                          0x00000283   Thumb Code     0  startup.o(RESET)
    Timer1B_Handler                          0x00000283   Thumb Code     0  startup.o(RESET)
    Timer2B_Handler                          0x00000283   Thumb Code     0  startup.o(RESET)
    Timer3B_Handler                          0x00000283   Thumb Code     0  startup.o(RESET)
    Timer4B_Handler                          0x00000283   Thumb Code     0  startup.o(RESET)
    Timer5A_Handler                          0x00000283   Thumb Code     0  startup.o(RESET)
    Timer5B_Handler                          0x00000283   Thumb Code     0  startup.o(RESET)
    UART1_Handler                            0x00000283   Thumb Code     0  startup.o(RESET)
    UART2_Handler                            0x00000283   Thumb Code     0  startup.o(RESET)
    UART3_Handler                            0x00000283   Thumb Code     0  startup.o(RESET)
    UART4_Handler                            0x00000283   Thumb Code     0  startup.o(RESET)
    UART5_Handler                            0x00000283   Thumb Code     0  startup.o(RESET)
    UART6_Handler                            0x00000283   Thumb Code     0  startup.o(RESET)
    UART7_Handler                            0x00000283   Thumb Code     0  startup.o(RESET)
    USB0_Handler                             0x00000283   Thumb Code     0  startup.o(RESET)
    WDT_Handler                              0x00000283   Thumb Code     0  startup.o(RESET)
    WideTimer0A_Handler                      0x00000283   Thumb Code     0  startup.o(RESET)
    WideTimer0B_Handler                      0x00000283   Thumb Code     0  startup.o(RESET)
    WideTimer1A_Handler                      0x00000283   Thumb Code     0  startup.o(RESET)
    WideTimer1B_Handler                      0x00000283   Thumb Code     0  startup.o(RESET)
    WideTimer2A_Handler                      0x00000283   Thumb Code     0  startup.o(RESET)
    WideTimer2B_Handler                      0x00000283   Thumb Code     0  startup.o(RESET)
    WideTimer3A_Handler                      0x00000283   Thumb Code     0  startup.o(RESET)
    WideTimer3B_Handler                      0x00000283   Thumb Code     0  startup.o(RESET)
    WideTimer4A_Handler                      0x00000283   Thumb Code     0  startup.o(RESET)
    WideTimer4B_Handler                      0x00000283   Thumb Code     0  startup.o(RESET)
    WideTimer5A_Handler                      0x00000283   Thumb Code     0  startup.o(RESET)
    WideTimer5B_Handler                      0x00000283   Thumb Code     0  startup.o(RESET)
    uDMA_Error                               0x00000283   Thumb Code     0  startup.o(RESET)
    uDMA_Handler                             0x00000283   Thumb Code     0  startup.o(RESET)
    __main                                   0x00000285   Thumb Code     0  entry.o(.ARM.Collect$$$$00000000)
    _main_stk                                0x00000285   Thumb Code     0  entry2.o(.ARM.Collect$$$$00000001)
    _main_scatterload                        0x00000289   Thumb Code     0  entry5.o(.ARM.Collect$$$$00000004)
    __main_after_scatterload                 0x0000028d   Thumb Code     0  entry5.o(.ARM.Collect$$$$00000004)
    _main_clock                              0x0000028d   Thumb Code     0  entry7b.o(.ARM.Collect$$$$00000008)
    _main_cpp_init                           0x0000028d   Thumb Code     0  entry8b.o(.ARM.Collect$$$$0000000A)
    _main_init                               0x0000028d   Thumb Code     0  entry9a.o(.ARM.Collect$$$$0000000B)
    __rt_lib_shutdown_fini                   0x00000295   Thumb Code     0  entry12b.o(.ARM.Collect$$$$0000000E)
    __rt_final_cpp                           0x00000299   Thumb Code     0  entry10a.o(.ARM.Collect$$$$0000000F)
    __rt_final_exit                          0x00000299   Thumb Code     0  entry11a.o(.ARM.Collect$$$$00000011)
    parrotdelay                              0x0000029d   Thumb Code     6  lcd.o(.emb_text)
    OS_DisableInterrupts                     0x000002a5   Thumb Code     0  osasm.o(.text)
    OS_EnableInterrupts                      0x000002a9   Thumb Code     0  osasm.o(.text)
    SysTick_Handler                          0x000002ad   Thumb Code     0  osasm.o(.text)
    StartOS                                  0x000002d3   Thumb Code     0  osasm.o(.text)
    DisableInterrupts                        0x000002f9   Thumb Code     0  startup.o(.text)
    EnableInterrupts                         0x000002fd   Thumb Code     0  startup.o(.text)
    StartCritical                            0x00000301   Thumb Code     0  startup.o(.text)
    EndCritical                              0x00000309   Thumb Code     0  startup.o(.text)
    WaitForInterrupt                         0x0000030f   Thumb Code     0  startup.o(.text)
    __scatterload                            0x00000315   Thumb Code    28  init.o(.text)
    __scatterload_rt2                        0x00000315   Thumb Code     0  init.o(.text)
    BSP_Delay1ms                             0x00000339   Thumb Code    22  lcd.o(i.BSP_Delay1ms)
    BSP_Joystick_Init                        0x00000351   Thumb Code   268  joystick.o(i.BSP_Joystick_Init)
    BSP_Joystick_Input                       0x00000481   Thumb Code    48  joystick.o(i.BSP_Joystick_Input)
    BSP_LCD_DrawBitmap                       0x000004b9   Thumb Code   280  lcd.o(i.BSP_LCD_DrawBitmap)
    BSP_LCD_DrawChar                         0x000005d9   Thumb Code   260  lcd.o(i.BSP_LCD_DrawChar)
    BSP_LCD_DrawCrosshair                    0x000006e9   Thumb Code    38  lcd.o(i.BSP_LCD_DrawCrosshair)
    BSP_LCD_DrawFastHLine                    0x00000711   Thumb Code   116  lcd.o(i.BSP_LCD_DrawFastHLine)
    BSP_LCD_DrawFastVLine                    0x0000078d   Thumb Code   116  lcd.o(i.BSP_LCD_DrawFastVLine)
    BSP_LCD_DrawString                       0x00000809   Thumb Code    84  lcd.o(i.BSP_LCD_DrawString)
    BSP_LCD_DrawStringHighlight              0x0000085d   Thumb Code    84  lcd.o(i.BSP_LCD_DrawStringHighlight)
    BSP_LCD_FillRect                         0x000008b1   Thumb Code   164  lcd.o(i.BSP_LCD_FillRect)
    BSP_LCD_FillScreen                       0x0000095d   Thumb Code    28  lcd.o(i.BSP_LCD_FillScreen)
    BSP_LCD_Init                             0x00000981   Thumb Code    10  lcd.o(i.BSP_LCD_Init)
    BSP_LCD_Message                          0x0000098b   Thumb Code    70  lcd.o(i.BSP_LCD_Message)
    BSP_LCD_MessageUDec3                     0x000009d1   Thumb Code    70  lcd.o(i.BSP_LCD_MessageUDec3)
    BSP_LCD_OutUDec3                         0x00000a19   Thumb Code   116  lcd.o(i.BSP_LCD_OutUDec3)
    BSP_LCD_OutUDec4                         0x00000aa1   Thumb Code   116  lcd.o(i.BSP_LCD_OutUDec4)
    BSP_LCD_OutputInit                       0x00000b29   Thumb Code    22  lcd.o(i.BSP_LCD_OutputInit)
    BSP_LCD_SetCursor                        0x00000b45   Thumb Code    22  lcd.o(i.BSP_LCD_SetCursor)
    ButtonOneInit                            0x00000b65   Thumb Code   190  os.o(i.ButtonOneInit)
    ButtonTwoInit                            0x00000c45   Thumb Code   202  os.o(i.ButtonTwoInit)
    Buzzer_Init                              0x00000d35   Thumb Code    42  buzzer.o(i.Buzzer_Init)
    Consumer                                 0x00000d69   Thumb Code   222  pages.o(i.Consumer)
    CrossHair_Init                           0x00000e81   Thumb Code    44  main.o(i.CrossHair_Init)
    CubeNumCalc                              0x00000ec5   Thumb Code    60  main.o(i.CubeNumCalc)
    Device_Init                              0x00000f85   Thumb Code    16  main.o(i.Device_Init)
    Display                                  0x00000f95   Thumb Code    66  main.o(i.Display)
    EventSound                               0x00000ff9   Thumb Code    68  buzzer.o(i.EventSound)
    GPIOPortD_Handler                        0x00001041   Thumb Code   102  os.o(i.GPIOPortD_Handler)
    ImperialMarchTune                        0x000010c5   Thumb Code  1168  buzzer.o(i.ImperialMarchTune)
    InitTimer1A                              0x00001559   Thumb Code   124  os.o(i.InitTimer1A)
    InitTimer2A                              0x000015e5   Thumb Code   122  os.o(i.InitTimer2A)
    InitTimer3A                              0x00001671   Thumb Code   118  os.o(i.InitTimer3A)
    InitTimer4A                              0x000016f9   Thumb Code   122  os.o(i.InitTimer4A)
    JsFifo_Get                               0x00001785   Thumb Code    50  fifo.o(i.JsFifo_Get)
    JsFifo_Init                              0x000017c5   Thumb Code    34  fifo.o(i.JsFifo_Init)
    JsFifo_Put                               0x000017f9   Thumb Code    64  fifo.o(i.JsFifo_Put)
    Menu                                     0x00001849   Thumb Code   448  pages.o(i.Menu)
    NumFifo_Get                              0x00001a6d   Thumb Code    50  numfifo.o(i.NumFifo_Get)
    NumFifo_Put                              0x00001aad   Thumb Code    64  numfifo.o(i.NumFifo_Put)
    OS_AddPeriodicThread                     0x00001afd   Thumb Code    54  os.o(i.OS_AddPeriodicThread)
    OS_AddSW1Task                            0x00001b41   Thumb Code    20  os.o(i.OS_AddSW1Task)
    OS_AddSW2Task                            0x00001b59   Thumb Code    20  os.o(i.OS_AddSW2Task)
    OS_AddThread                             0x00001b71   Thumb Code   326  os.o(i.OS_AddThread)
    OS_ClearMsTime                           0x00001cc9   Thumb Code     8  os.o(i.OS_ClearMsTime)
    OS_Id                                    0x00001cd5   Thumb Code     8  os.o(i.OS_Id)
    OS_Init                                  0x00001ce1   Thumb Code    78  os.o(i.OS_Init)
    OS_InitSemaphore                         0x00001d3d   Thumb Code    18  os.o(i.OS_InitSemaphore)
    OS_Kill                                  0x00001d51   Thumb Code   112  os.o(i.OS_Kill)
    OS_Launch                                0x00001dcd   Thumb Code    22  os.o(i.OS_Launch)
    OS_MsTime                                0x00001de5   Thumb Code     6  os.o(i.OS_MsTime)
    OS_Signal                                0x00001df1   Thumb Code    46  os.o(i.OS_Signal)
    OS_Sleep                                 0x00001e25   Thumb Code    16  os.o(i.OS_Sleep)
    OS_Suspend                               0x00001e39   Thumb Code    18  os.o(i.OS_Suspend)
    OS_Time                                  0x00001e51   Thumb Code    12  os.o(i.OS_Time)
    OS_TimeDifference                        0x00001e61   Thumb Code     6  os.o(i.OS_TimeDifference)
    OS_Wait                                  0x00001e69   Thumb Code    44  os.o(i.OS_Wait)
    OS_bSignal                               0x00001e99   Thumb Code    56  os.o(i.OS_bSignal)
    OS_bWait                                 0x00001ed5   Thumb Code    44  os.o(i.OS_bWait)
    PLL_Init                                 0x00001f05   Thumb Code   120  pll.o(i.PLL_Init)
    PWM6C_Init                               0x00001f81   Thumb Code   166  pwm.o(i.PWM6C_Init)
    PWM6F_Disable                            0x00002045   Thumb Code    14  pwm.o(i.PWM6F_Disable)
    PWM6F_Enable                             0x00002059   Thumb Code    14  pwm.o(i.PWM6F_Enable)
    PWM6F_Init                               0x0000206d   Thumb Code   166  pwm.o(i.PWM6F_Init)
    PWM6F_Set                                0x00002131   Thumb Code    16  pwm.o(i.PWM6F_Set)
    PeriodicUpdater                          0x00002149   Thumb Code    12  main.o(i.PeriodicUpdater)
    Producer                                 0x00002159   Thumb Code   274  main.o(i.Producer)
    RNG_Init                                 0x0000229d   Thumb Code    32  randomnumbergenerator.o(i.RNG_Init)
    Restart                                  0x000022cd   Thumb Code   170  main.o(i.Restart)
    Rx_UARTFifo_Init                         0x000023b9   Thumb Code    34  uart_fifo.o(i.Rx_UARTFifo_Init)
    Rx_UARTFifo_Put                          0x000023ed   Thumb Code    52  uart_fifo.o(i.Rx_UARTFifo_Put)
    Rx_UARTFifo_Size                         0x00002431   Thumb Code    42  uart_fifo.o(i.Rx_UARTFifo_Size)
    SW1Push                                  0x000024d9   Thumb Code    28  main.o(i.SW1Push)
    SW1_PageFunc                             0x000024f9   Thumb Code   474  pages.o(i.SW1_PageFunc)
    SW2Push                                  0x00002709   Thumb Code    50  main.o(i.SW2Push)
    Scheduler                                0x00002749   Thumb Code   104  os.o(i.Scheduler)
    SetInitialStack                          0x000027b5   Thumb Code   330  os.o(i.SetInitialStack)
    SettingPage                              0x00002909   Thumb Code   534  pages.o(i.SettingPage)
    StartPage                                0x00002ba1   Thumb Code   408  pages.o(i.StartPage)
    Timer1A_Handler                          0x00002d95   Thumb Code    16  os.o(i.Timer1A_Handler)
    Timer2A_Handler                          0x00002dad   Thumb Code   188  os.o(i.Timer2A_Handler)
    Timer3A_Handler                          0x00002e75   Thumb Code     8  os.o(i.Timer3A_Handler)
    Timer4A_Handler                          0x00002e81   Thumb Code    16  os.o(i.Timer4A_Handler)
    Tx_UARTFifo_Get                          0x00002e99   Thumb Code    54  uart_fifo.o(i.Tx_UARTFifo_Get)
    Tx_UARTFifo_Init                         0x00002ee1   Thumb Code    34  uart_fifo.o(i.Tx_UARTFifo_Init)
    Tx_UARTFifo_Size                         0x00002f11   Thumb Code    14  uart_fifo.o(i.Tx_UARTFifo_Size)
    UART0_Handler                            0x00002f29   Thumb Code    82  uart.o(i.UART0_Handler)
    UART_Init                                0x00002f81   Thumb Code   170  uart.o(i.UART_Init)
    UpdateInput                              0x00003045   Thumb Code   184  main.o(i.UpdateInput)
    UpdatePosition                           0x00003109   Thumb Code   184  main.o(i.UpdatePosition)
    __scatterload_copy                       0x000031cd   Thumb Code    14  handlers.o(i.__scatterload_copy)
    __scatterload_null                       0x000031db   Thumb Code     2  handlers.o(i.__scatterload_null)
    __scatterload_zeroinit                   0x000031dd   Thumb Code    14  handlers.o(i.__scatterload_zeroinit)
    main                                     0x000035e1   Thumb Code   178  main.o(i.main)
    tone                                     0x00003761   Thumb Code   154  buzzer.o(i.tone)
    toneblank                                0x00003801   Thumb Code    38  buzzer.o(i.toneblank)
    gImage_TEST1234                          0x00003e33   Data        8192  pages.o(.constdata)
    gImage_GameCube                          0x00005e33   Data        8192  pages.o(.constdata)
    gImage_GameCube96                        0x00007e33   Data       18432  pages.o(.constdata)
    Region$$Table$$Base                      0x0000c634   Number         0  anon$$obj.o(Region$$Table)
    Region$$Table$$Limit                     0x0000c654   Number         0  anon$$obj.o(Region$$Table)
    JsPutPt                                  0x20000000   Data           4  fifo.o(.data)
    JsGetPt                                  0x20000004   Data           4  fifo.o(.data)
    JsFifoAvailable                          0x20000008   Data           4  fifo.o(.data)
    CursorPutPt                              0x2000000c   Data           4  fifo.o(.data)
    CursorGetPt                              0x20000010   Data           4  fifo.o(.data)
    CursorFifoAvailable                      0x20000014   Data           4  fifo.o(.data)
    StX                                      0x20000018   Data           4  lcd.o(.data)
    StY                                      0x2000001c   Data           4  lcd.o(.data)
    StTextColor                              0x20000020   Data           2  lcd.o(.data)
    Messageindex                             0x20000028   Data           4  lcd.o(.data)
    TimeIndex                                0x2000002c   Data           4  lcd.o(.data)
    Ymax                                     0x20000030   Data           4  lcd.o(.data)
    Ymin                                     0x20000034   Data           4  lcd.o(.data)
    Yrange                                   0x20000038   Data           4  lcd.o(.data)
    PlotBGColor                              0x2000003c   Data           2  lcd.o(.data)
    LCDFree                                  0x20000040   Data           4  lcd.o(.data)
    ConsumerFree                             0x20000044   Data           4  main.o(.data)
    NumCreated                               0x20000048   Data           4  main.o(.data)
    UpdateWork                               0x2000004c   Data           4  main.o(.data)
    Calculation                              0x20000050   Data           4  main.o(.data)
    DisplayCount                             0x20000054   Data           4  main.o(.data)
    ConsumerCount                            0x20000058   Data           4  main.o(.data)
    Button1RespTime                          0x2000005c   Data           4  main.o(.data)
    Button2RespTime                          0x20000060   Data           4  main.o(.data)
    Button1PushTime                          0x20000064   Data           4  main.o(.data)
    Button2PushTime                          0x20000068   Data           4  main.o(.data)
    DataLost                                 0x2000006c   Data           4  main.o(.data)
    MaxJitter                                0x20000070   Data           4  main.o(.data)
    TotalWithI1                              0x20000074   Data           4  main.o(.data)
    MaxWithI1                                0x20000078   Data           2  main.o(.data)
    PeriodicTask1                            0x20000080   Data           4  os.o(.data)
    PeriodicTask2                            0x20000084   Data           4  os.o(.data)
    ButtonOneTask                            0x20000088   Data           4  os.o(.data)
    ButtonTwoTask                            0x2000008c   Data           4  os.o(.data)
    RunPt                                    0x20000090   Data           4  os.o(.data)
    Tx_UARTPutI                              0x200000a8   Data           4  uart_fifo.o(.data)
    Tx_UARTGetI                              0x200000ac   Data           4  uart_fifo.o(.data)
    Tx_UARTRoomType                          0x200000b0   Data           4  uart_fifo.o(.data)
    Rx_UARTPutPt                             0x200000b4   Data           4  uart_fifo.o(.data)
    Rx_UARTGetPt                             0x200000b8   Data           4  uart_fifo.o(.data)
    Rx_UARTDataAvailable                     0x200000bc   Data           4  uart_fifo.o(.data)
    seed                                     0x200000c0   Data           4  randomnumbergenerator.o(.data)
    W                                        0x200000c4   Data           4  randomnumbergenerator.o(.data)
    X                                        0x200000c8   Data           4  randomnumbergenerator.o(.data)
    BuzzerFree                               0x200000cc   Data           4  buzzer.o(.data)
    Volume                                   0x200000d0   Data           2  buzzer.o(.data)
    NumPutPt                                 0x200000d4   Data           4  numfifo.o(.data)
    NumGetPt                                 0x200000d8   Data           4  numfifo.o(.data)
    NumFifoAvailable                         0x200000dc   Data           4  numfifo.o(.data)
    PageState                                0x200000e0   Data           4  pages.o(.data)
    inputMode                                0x200000e4   Data           1  pages.o(.data)
    ConsumerActiveFlag                       0x200000e5   Data           1  pages.o(.data)
    StartPageActiveFlag                      0x200000e6   Data           1  pages.o(.data)
    MenuActiveFlag                           0x200000e7   Data           1  pages.o(.data)
    SettingActiveFlag                        0x200000e8   Data           1  pages.o(.data)
    InputActiveFlag                          0x200000e9   Data           1  pages.o(.data)
    PseudoCount                              0x200000ec   Data           4  pages.o(.data)
    NumSamples                               0x200000f0   Data           4  pages.o(.data)
    numorigin                                0x200000f4   Data           4  pages.o(.data)
    numx                                     0x200000f8   Data           2  pages.o(.data)
    numy                                     0x200000fa   Data           2  pages.o(.data)
    prevnumx                                 0x200000fc   Data           2  pages.o(.data)
    prevnumy                                 0x200000fe   Data           2  pages.o(.data)
    numselect                                0x20000100   Data           1  pages.o(.data)
    origin                                   0x20000102   Data           4  pages.o(.data)
    x                                        0x20000106   Data           2  pages.o(.data)
    y                                        0x20000108   Data           2  pages.o(.data)
    prevx                                    0x2000010a   Data           2  pages.o(.data)
    prevy                                    0x2000010c   Data           2  pages.o(.data)
    select                                   0x2000010e   Data           1  pages.o(.data)
    area                                     0x2000010f   Data           2  pages.o(.data)
    Message                                  0x20000194   Data          12  lcd.o(.bss)
    JitterHistogram                          0x200001a0   Data         256  main.o(.bss)
    tcbs                                     0x200002a0   Data         960  os.o(.bss)
    Stacks                                   0x20000660   Data        8000  os.o(.bss)
    __initial_sp                             0x20002a00   Data           0  startup.o(STACK)



==============================================================================

Memory Map of the image

  Image Entry point : 0x0000026d

  Load Region LR_1 (Base: 0x00000000, Size: 0x0000c768, Max: 0xffffffff, ABSOLUTE)

    Execution Region ER_RO (Exec base: 0x00000000, Load base: 0x00000000, Size: 0x0000c654, Max: 0xffffffff, ABSOLUTE)

    Exec Addr    Load Addr    Size         Type   Attr      Idx    E Section Name        Object

    0x00000000   0x00000000   0x00000284   Code   RO          712  * RESET               startup.o
    0x00000284   0x00000284   0x00000000   Code   RO         1200  * .ARM.Collect$$$$00000000  mc_w.l(entry.o)
    0x00000284   0x00000284   0x00000004   Code   RO         1234    .ARM.Collect$$$$00000001  mc_w.l(entry2.o)
    0x00000288   0x00000288   0x00000004   Code   RO         1237    .ARM.Collect$$$$00000004  mc_w.l(entry5.o)
    0x0000028c   0x0000028c   0x00000000   Code   RO         1239    .ARM.Collect$$$$00000008  mc_w.l(entry7b.o)
    0x0000028c   0x0000028c   0x00000000   Code   RO         1241    .ARM.Collect$$$$0000000A  mc_w.l(entry8b.o)
    0x0000028c   0x0000028c   0x00000008   Code   RO         1242    .ARM.Collect$$$$0000000B  mc_w.l(entry9a.o)
    0x00000294   0x00000294   0x00000004   Code   RO         1249    .ARM.Collect$$$$0000000E  mc_w.l(entry12b.o)
    0x00000298   0x00000298   0x00000000   Code   RO         1244    .ARM.Collect$$$$0000000F  mc_w.l(entry10a.o)
    0x00000298   0x00000298   0x00000000   Code   RO         1246    .ARM.Collect$$$$00000011  mc_w.l(entry11a.o)
    0x00000298   0x00000298   0x00000004   Code   RO         1235    .ARM.Collect$$$$00002712  mc_w.l(entry2.o)
    0x0000029c   0x0000029c   0x00000006   Code   RO           90    .emb_text           lcd.o
    0x000002a2   0x000002a2   0x00000002   PAD
    0x000002a4   0x000002a4   0x00000054   Code   RO          683    .text               osasm.o
    0x000002f8   0x000002f8   0x0000001c   Code   RO          713    .text               startup.o
    0x00000314   0x00000314   0x00000024   Code   RO         1270    .text               mc_w.l(init.o)
    0x00000338   0x00000338   0x00000016   Code   RO           91    i.BSP_Delay1ms      lcd.o
    0x0000034e   0x0000034e   0x00000002   PAD
    0x00000350   0x00000350   0x00000130   Code   RO           64    i.BSP_Joystick_Init  joystick.o
    0x00000480   0x00000480   0x00000038   Code   RO           65    i.BSP_Joystick_Input  joystick.o
    0x000004b8   0x000004b8   0x00000120   Code   RO           93    i.BSP_LCD_DrawBitmap  lcd.o
    0x000005d8   0x000005d8   0x00000110   Code   RO           94    i.BSP_LCD_DrawChar  lcd.o
    0x000006e8   0x000006e8   0x00000026   Code   RO           96    i.BSP_LCD_DrawCrosshair  lcd.o
    0x0000070e   0x0000070e   0x00000002   PAD
    0x00000710   0x00000710   0x0000007c   Code   RO           97    i.BSP_LCD_DrawFastHLine  lcd.o
    0x0000078c   0x0000078c   0x0000007c   Code   RO           98    i.BSP_LCD_DrawFastVLine  lcd.o
    0x00000808   0x00000808   0x00000054   Code   RO          100    i.BSP_LCD_DrawString  lcd.o
    0x0000085c   0x0000085c   0x00000054   Code   RO          101    i.BSP_LCD_DrawStringHighlight  lcd.o
    0x000008b0   0x000008b0   0x000000ac   Code   RO          103    i.BSP_LCD_FillRect  lcd.o
    0x0000095c   0x0000095c   0x00000024   Code   RO          104    i.BSP_LCD_FillScreen  lcd.o
    0x00000980   0x00000980   0x0000000a   Code   RO          105    i.BSP_LCD_Init      lcd.o
    0x0000098a   0x0000098a   0x00000046   Code   RO          106    i.BSP_LCD_Message   lcd.o
    0x000009d0   0x000009d0   0x00000046   Code   RO          107    i.BSP_LCD_MessageUDec3  lcd.o
    0x00000a16   0x00000a16   0x00000002   PAD
    0x00000a18   0x00000a18   0x00000088   Code   RO          109    i.BSP_LCD_OutUDec3  lcd.o
    0x00000aa0   0x00000aa0   0x00000088   Code   RO          110    i.BSP_LCD_OutUDec4  lcd.o
    0x00000b28   0x00000b28   0x0000001c   Code   RO          114    i.BSP_LCD_OutputInit  lcd.o
    0x00000b44   0x00000b44   0x00000020   Code   RO          117    i.BSP_LCD_SetCursor  lcd.o
    0x00000b64   0x00000b64   0x000000e0   Code   RO          468    i.ButtonOneInit     os.o
    0x00000c44   0x00000c44   0x000000f0   Code   RO          469    i.ButtonTwoInit     os.o
    0x00000d34   0x00000d34   0x00000034   Code   RO          945    i.Buzzer_Init       buzzer.o
    0x00000d68   0x00000d68   0x00000118   Code   RO         1034    i.Consumer          pages.o
    0x00000e80   0x00000e80   0x00000044   Code   RO          343    i.CrossHair_Init    main.o
    0x00000ec4   0x00000ec4   0x00000050   Code   RO          344    i.CubeNumCalc       main.o
    0x00000f14   0x00000f14   0x00000038   Code   RO          470    i.DebouncePD6       os.o
    0x00000f4c   0x00000f4c   0x00000038   Code   RO          471    i.DebouncePD7       os.o
    0x00000f84   0x00000f84   0x00000010   Code   RO          345    i.Device_Init       main.o
    0x00000f94   0x00000f94   0x00000064   Code   RO          346    i.Display           main.o
    0x00000ff8   0x00000ff8   0x00000048   Code   RO          946    i.EventSound        buzzer.o
    0x00001040   0x00001040   0x00000084   Code   RO          472    i.GPIOPortD_Handler  os.o
    0x000010c4   0x000010c4   0x00000494   Code   RO          948    i.ImperialMarchTune  buzzer.o
    0x00001558   0x00001558   0x0000008c   Code   RO          473    i.InitTimer1A       os.o
    0x000015e4   0x000015e4   0x0000008c   Code   RO          474    i.InitTimer2A       os.o
    0x00001670   0x00001670   0x00000088   Code   RO          475    i.InitTimer3A       os.o
    0x000016f8   0x000016f8   0x0000008c   Code   RO          476    i.InitTimer4A       os.o
    0x00001784   0x00001784   0x00000040   Code   RO            4    i.JsFifo_Get        fifo.o
    0x000017c4   0x000017c4   0x00000034   Code   RO            5    i.JsFifo_Init       fifo.o
    0x000017f8   0x000017f8   0x00000050   Code   RO            6    i.JsFifo_Put        fifo.o
    0x00001848   0x00001848   0x00000224   Code   RO         1035    i.Menu              pages.o
    0x00001a6c   0x00001a6c   0x00000040   Code   RO         1000    i.NumFifo_Get       numfifo.o
    0x00001aac   0x00001aac   0x00000050   Code   RO         1002    i.NumFifo_Put       numfifo.o
    0x00001afc   0x00001afc   0x00000044   Code   RO          477    i.OS_AddPeriodicThread  os.o
    0x00001b40   0x00001b40   0x00000018   Code   RO          478    i.OS_AddSW1Task     os.o
    0x00001b58   0x00001b58   0x00000018   Code   RO          479    i.OS_AddSW2Task     os.o
    0x00001b70   0x00001b70   0x00000158   Code   RO          480    i.OS_AddThread      os.o
    0x00001cc8   0x00001cc8   0x0000000c   Code   RO          481    i.OS_ClearMsTime    os.o
    0x00001cd4   0x00001cd4   0x0000000c   Code   RO          482    i.OS_Id             os.o
    0x00001ce0   0x00001ce0   0x0000005c   Code   RO          483    i.OS_Init           os.o
    0x00001d3c   0x00001d3c   0x00000012   Code   RO          484    i.OS_InitSemaphore  os.o
    0x00001d4e   0x00001d4e   0x00000002   PAD
    0x00001d50   0x00001d50   0x0000007c   Code   RO          485    i.OS_Kill           os.o
    0x00001dcc   0x00001dcc   0x00000016   Code   RO          486    i.OS_Launch         os.o
    0x00001de2   0x00001de2   0x00000002   PAD
    0x00001de4   0x00001de4   0x0000000c   Code   RO          487    i.OS_MsTime         os.o
    0x00001df0   0x00001df0   0x00000034   Code   RO          488    i.OS_Signal         os.o
    0x00001e24   0x00001e24   0x00000014   Code   RO          489    i.OS_Sleep          os.o
    0x00001e38   0x00001e38   0x00000018   Code   RO          490    i.OS_Suspend        os.o
    0x00001e50   0x00001e50   0x00000010   Code   RO          491    i.OS_Time           os.o
    0x00001e60   0x00001e60   0x00000006   Code   RO          492    i.OS_TimeDifference  os.o
    0x00001e66   0x00001e66   0x00000002   PAD
    0x00001e68   0x00001e68   0x00000030   Code   RO          493    i.OS_Wait           os.o
    0x00001e98   0x00001e98   0x0000003c   Code   RO          494    i.OS_bSignal        os.o
    0x00001ed4   0x00001ed4   0x00000030   Code   RO          495    i.OS_bWait          os.o
    0x00001f04   0x00001f04   0x0000007c   Code   RO          686    i.PLL_Init          pll.o
    0x00001f80   0x00001f80   0x000000c4   Code   RO         1083    i.PWM6C_Init        pwm.o
    0x00002044   0x00002044   0x00000014   Code   RO         1087    i.PWM6F_Disable     pwm.o
    0x00002058   0x00002058   0x00000014   Code   RO         1089    i.PWM6F_Enable      pwm.o
    0x0000206c   0x0000206c   0x000000c4   Code   RO         1090    i.PWM6F_Init        pwm.o
    0x00002130   0x00002130   0x00000018   Code   RO         1092    i.PWM6F_Set         pwm.o
    0x00002148   0x00002148   0x00000010   Code   RO          348    i.PeriodicUpdater   main.o
    0x00002158   0x00002158   0x00000144   Code   RO          349    i.Producer          main.o
    0x0000229c   0x0000229c   0x00000030   Code   RO          925    i.RNG_Init          randomnumbergenerator.o
    0x000022cc   0x000022cc   0x000000ec   Code   RO          350    i.Restart           main.o
    0x000023b8   0x000023b8   0x00000034   Code   RO          805    i.Rx_UARTFifo_Init  uart_fifo.o
    0x000023ec   0x000023ec   0x00000044   Code   RO          806    i.Rx_UARTFifo_Put   uart_fifo.o
    0x00002430   0x00002430   0x00000034   Code   RO          807    i.Rx_UARTFifo_Size  uart_fifo.o
    0x00002464   0x00002464   0x00000074   Code   RO          119    i.ST7735_InitR      lcd.o
    0x000024d8   0x000024d8   0x00000020   Code   RO          351    i.SW1Push           main.o
    0x000024f8   0x000024f8   0x00000210   Code   RO         1036    i.SW1_PageFunc      pages.o
    0x00002708   0x00002708   0x00000040   Code   RO          352    i.SW2Push           main.o
    0x00002748   0x00002748   0x0000006c   Code   RO          496    i.Scheduler         os.o
    0x000027b4   0x000027b4   0x00000154   Code   RO          497    i.SetInitialStack   os.o
    0x00002908   0x00002908   0x00000298   Code   RO         1037    i.SettingPage       pages.o
    0x00002ba0   0x00002ba0   0x000001f4   Code   RO         1038    i.StartPage         pages.o
    0x00002d94   0x00002d94   0x00000018   Code   RO          498    i.Timer1A_Handler   os.o
    0x00002dac   0x00002dac   0x000000c8   Code   RO          499    i.Timer2A_Handler   os.o
    0x00002e74   0x00002e74   0x0000000c   Code   RO          500    i.Timer3A_Handler   os.o
    0x00002e80   0x00002e80   0x00000018   Code   RO          501    i.Timer4A_Handler   os.o
    0x00002e98   0x00002e98   0x00000048   Code   RO          808    i.Tx_UARTFifo_Get   uart_fifo.o
    0x00002ee0   0x00002ee0   0x00000030   Code   RO          809    i.Tx_UARTFifo_Init  uart_fifo.o
    0x00002f10   0x00002f10   0x00000018   Code   RO          811    i.Tx_UARTFifo_Size  uart_fifo.o
    0x00002f28   0x00002f28   0x00000058   Code   RO          720    i.UART0_Handler     uart.o
    0x00002f80   0x00002f80   0x000000c4   Code   RO          725    i.UART_Init         uart.o
    0x00003044   0x00003044   0x000000c4   Code   RO          353    i.UpdateInput       main.o
    0x00003108   0x00003108   0x000000c4   Code   RO          354    i.UpdatePosition    main.o
    0x000031cc   0x000031cc   0x0000000e   Code   RO         1284    i.__scatterload_copy  mc_w.l(handlers.o)
    0x000031da   0x000031da   0x00000002   Code   RO         1285    i.__scatterload_null  mc_w.l(handlers.o)
    0x000031dc   0x000031dc   0x0000000e   Code   RO         1286    i.__scatterload_zeroinit  mc_w.l(handlers.o)
    0x000031ea   0x000031ea   0x00000002   PAD
    0x000031ec   0x000031ec   0x0000004c   Code   RO           66    i.adcinit           joystick.o
    0x00003238   0x00003238   0x00000056   Code   RO          120    i.commandList       lcd.o
    0x0000328e   0x0000328e   0x00000002   PAD
    0x00003290   0x00003290   0x00000204   Code   RO          121    i.commonInit        lcd.o
    0x00003494   0x00003494   0x00000028   Code   RO          730    i.copyHardwareToSoftware  uart.o
    0x000034bc   0x000034bc   0x0000002c   Code   RO          731    i.copySoftwareToHardware  uart.o
    0x000034e8   0x000034e8   0x00000048   Code   RO          122    i.fillmessage       lcd.o
    0x00003530   0x00003530   0x0000004c   Code   RO          125    i.fillmessage3      lcd.o
    0x0000357c   0x0000357c   0x00000064   Code   RO          126    i.fillmessage4      lcd.o
    0x000035e0   0x000035e0   0x000000f8   Code   RO          355    i.main              main.o
    0x000036d8   0x000036d8   0x00000012   Code   RO          128    i.pushColor         lcd.o
    0x000036ea   0x000036ea   0x00000002   PAD
    0x000036ec   0x000036ec   0x00000074   Code   RO          129    i.setAddrWindow     lcd.o
    0x00003760   0x00003760   0x000000a0   Code   RO          950    i.tone              buzzer.o
    0x00003800   0x00003800   0x00000026   Code   RO          951    i.toneblank         buzzer.o
    0x00003826   0x00003826   0x00000002   PAD
    0x00003828   0x00003828   0x00000048   Code   RO          130    i.writecommand      lcd.o
    0x00003870   0x00003870   0x00000048   Code   RO          131    i.writedata         lcd.o
    0x000038b8   0x000038b8   0x0000057b   Data   RO          133    .constdata          lcd.o
    0x00003e33   0x00003e33   0x00008800   Data   RO         1039    .constdata          pages.o
    0x0000c633   0x0000c633   0x00000001   PAD
    0x0000c634   0x0000c634   0x00000020   Data   RO         1282    Region$$Table       anon$$obj.o


    Execution Region ER_RW (Exec base: 0x20000000, Load base: 0x0000c654, Size: 0x00000114, Max: 0xffffffff, ABSOLUTE)

    Exec Addr    Load Addr    Size         Type   Attr      Idx    E Section Name        Object

    0x20000000   0x0000c654   0x00000018   Data   RW            9    .data               fifo.o
    0x20000018   0x0000c66c   0x0000002c   Data   RW          134    .data               lcd.o
    0x20000044   0x0000c698   0x0000003c   Data   RW          358    .data               main.o
    0x20000080   0x0000c6d4   0x00000026   Data   RW          503    .data               os.o
    0x200000a6   0x0000c6fa   0x00000002   PAD
    0x200000a8   0x0000c6fc   0x00000018   Data   RW          813    .data               uart_fifo.o
    0x200000c0   0x0000c714   0x0000000c   Data   RW          926    .data               randomnumbergenerator.o
    0x200000cc   0x0000c720   0x00000006   Data   RW          952    .data               buzzer.o
    0x200000d2   0x0000c726   0x00000002   PAD
    0x200000d4   0x0000c728   0x0000000c   Data   RW         1005    .data               numfifo.o
    0x200000e0   0x0000c734   0x00000031   Data   RW         1040    .data               pages.o


    Execution Region ER_ZI (Exec base: 0x20000114, Load base: 0x0000c768, Size: 0x000028ec, Max: 0xffffffff, ABSOLUTE)

    Exec Addr    Load Addr    Size         Type   Attr      Idx    E Section Name        Object

    0x20000114        -       0x00000080   Zero   RW            8    .bss                fifo.o
    0x20000194        -       0x0000000c   Zero   RW          132    .bss                lcd.o
    0x200001a0        -       0x00000100   Zero   RW          356    .bss                main.o
    0x200002a0        -       0x00002300   Zero   RW          502    .bss                os.o
    0x200025a0        -       0x0000001a   Zero   RW          812    .bss                uart_fifo.o
    0x200025ba        -       0x00000040   Zero   RW         1004    .bss                numfifo.o
    0x200025fa   0x0000c768   0x00000006   PAD
    0x20002600        -       0x00000400   Zero   RW          710    STACK               startup.o


==============================================================================

Image component sizes


      Code (inc. data)   RO Data    RW Data    ZI Data      Debug   Object Name

      1494         28          0          6          0       3202   buzzer.o
       196         48          0         24        128       8518   fifo.o
       436         62          0          0          0       1965   joystick.o
      2976        258       1403         44         12      19335   lcd.o
      1576        310          0         60        256      10442   main.o
       144         30          0         12         64       1889   numfifo.o
      2998        354          0         38       8960      18576   os.o
        84          6          0          0          0        252   osasm.o
      2520        434      34816         49          0       5525   pages.o
       124          4          0          0          0        459   pll.o
       456         80          0          0          0       2345   pwm.o
        48         16          0         12          0        730   randomnumbergenerator.o
       672        622          0          0       1024        964   startup.o
       368         42          0          0          0       2120   uart.o
       316         86          0         24         26       4109   uart_fifo.o

    ----------------------------------------------------------------------
     14428       2380      36252        276      10476      80431   Object Totals
         0          0         32          0          0          0   (incl. Generated)
        20          0          1          7          6          0   (incl. Padding)

    ----------------------------------------------------------------------

      Code (inc. data)   RO Data    RW Data    ZI Data      Debug   Library Member Name

         0          0          0          0          0          0   entry.o
         0          0          0          0          0          0   entry10a.o
         0          0          0          0          0          0   entry11a.o
         4          0          0          0          0          0   entry12b.o
         8          4          0          0          0          0   entry2.o
         4          0          0          0          0          0   entry5.o
         0          0          0          0          0          0   entry7b.o
         0          0          0          0          0          0   entry8b.o
         8          4          0          0          0          0   entry9a.o
        30          0          0          0          0          0   handlers.o
        36          8          0          0          0         68   init.o

    ----------------------------------------------------------------------
        92         16          0          0          0         68   Library Totals
         2          0          0          0          0          0   (incl. Padding)

    ----------------------------------------------------------------------

      Code (inc. data)   RO Data    RW Data    ZI Data      Debug   Library Name

        90         16          0          0          0         68   mc_w.l

    ----------------------------------------------------------------------
        92         16          0          0          0         68   Library Totals

    ----------------------------------------------------------------------

==============================================================================


      Code (inc. data)   RO Data    RW Data    ZI Data      Debug   

     14520       2396      36252        276      10476      75191   Grand Totals
     14520       2396      36252        276      10476      75191   ELF Image Totals
     14520       2396      36252        276          0          0   ROM Totals

==============================================================================

    Total RO  Size (Code + RO Data)                50772 (  49.58kB)
    Total RW  Size (RW Data + ZI Data)             10752 (  10.50kB)
    Total ROM Size (Code + RO Data + RW Data)      51048 (  49.85kB)

==============================================================================

